Archive member included to satisfy reference by file (symbol)

/usr/lib/gcc/arm-none-eabi/12.2.1/thumb/v7ve+simd/hard/libgcc.a(_arm_addsubdf3.o)
                              build-spi/arch/arm32/mach-t113s3/sdmmc.o (__aeabi_ul2d)
/usr/lib/gcc/arm-none-eabi/12.2.1/thumb/v7ve+simd/hard/libgcc.a(_arm_addsubsf3.o)
                              build-spi/main.o (__aeabi_ul2f)
/usr/lib/gcc/arm-none-eabi/12.2.1/thumb/v7ve+simd/hard/libgcc.a(_aeabi_ldivmod.o)
                              build-spi/lib/fatfs/ff.o (__aeabi_ldivmod)
/usr/lib/gcc/arm-none-eabi/12.2.1/thumb/v7ve+simd/hard/libgcc.a(_aeabi_uldivmod.o)
                              build-spi/main.o (__aeabi_uldivmod)
/usr/lib/gcc/arm-none-eabi/12.2.1/thumb/v7ve+simd/hard/libgcc.a(_udivmoddi4.o)
                              /usr/lib/gcc/arm-none-eabi/12.2.1/thumb/v7ve+simd/hard/libgcc.a(_aeabi_ldivmod.o) (__udivmoddi4)
/usr/lib/gcc/arm-none-eabi/12.2.1/thumb/v7ve+simd/hard/libgcc.a(unwind-arm.o)
                              build-spi/arch/arm32/mach-t113s3/memcpy.o (__aeabi_unwind_cpp_pr0)
/usr/lib/gcc/arm-none-eabi/12.2.1/thumb/v7ve+simd/hard/libgcc.a(libunwind.o)
                              /usr/lib/gcc/arm-none-eabi/12.2.1/thumb/v7ve+simd/hard/libgcc.a(unwind-arm.o) (restore_core_regs)
/usr/lib/gcc/arm-none-eabi/12.2.1/thumb/v7ve+simd/hard/libgcc.a(pr-support.o)
                              /usr/lib/gcc/arm-none-eabi/12.2.1/thumb/v7ve+simd/hard/libgcc.a(unwind-arm.o) (__gnu_unwind_execute)
/usr/lib/gcc/arm-none-eabi/12.2.1/thumb/v7ve+simd/hard/libgcc.a(_dvmd_tls.o)
                              /usr/lib/gcc/arm-none-eabi/12.2.1/thumb/v7ve+simd/hard/libgcc.a(_aeabi_ldivmod.o) (__aeabi_ldiv0)

Discarded input sections

 .data          0x00000000        0x0 build-spi/arch/arm32/mach-t113s3/start.o
 .bss           0x00000000        0x0 build-spi/arch/arm32/mach-t113s3/start.o
 .data          0x00000000        0x0 build-spi/arch/arm32/mach-t113s3/memcpy.o
 .bss           0x00000000        0x0 build-spi/arch/arm32/mach-t113s3/memcpy.o
 .ARM.extab     0x00000000        0x0 build-spi/arch/arm32/mach-t113s3/memcpy.o
 .text          0x00000000        0x0 build-spi/main.o
 .data          0x00000000        0x0 build-spi/main.o
 .bss           0x00000000        0x0 build-spi/main.o
 .text.print_pc
                0x00000000       0x44 build-spi/main.o
 .text          0x00000000        0x0 build-spi/board.o
 .data          0x00000000        0x0 build-spi/board.o
 .bss           0x00000000        0x0 build-spi/board.o
 .text.board_init_led
                0x00000000       0x16 build-spi/board.o
 .text.board_sdhci_init
                0x00000000       0x20 build-spi/board.o
 .text.board_init
                0x00000000       0x18 build-spi/board.o
 .rodata.str1.1
                0x00000000        0x7 build-spi/board.o
 .data.sdhci0   0x00000000      0x260 build-spi/board.o
 .data.usart3_dbg
                0x00000000       0x18 build-spi/board.o
 .data.usart0_dbg
                0x00000000       0x18 build-spi/board.o
 .text          0x00000000        0x0 build-spi/lib/debug.o
 .data          0x00000000        0x0 build-spi/lib/debug.o
 .bss           0x00000000        0x0 build-spi/lib/debug.o
 .text          0x00000000        0x0 build-spi/lib/xformat.o
 .data          0x00000000        0x0 build-spi/lib/xformat.o
 .bss           0x00000000        0x0 build-spi/lib/xformat.o
 .text.ulong2a  0x00000000       0x64 build-spi/lib/xformat.o
 .text.xvformat
                0x00000000      0x5f4 build-spi/lib/xformat.o
 .text.xformat  0x00000000       0x1a build-spi/lib/xformat.o
 .rodata.formatStates
                0x00000000       0x5b build-spi/lib/xformat.o
 .rodata.ms_digits
                0x00000000       0x11 build-spi/lib/xformat.o
 .rodata.ms_false
                0x00000000        0x6 build-spi/lib/xformat.o
 .rodata.ms_true
                0x00000000        0x5 build-spi/lib/xformat.o
 .rodata.ms_null
                0x00000000        0x7 build-spi/lib/xformat.o
 .debug_info    0x00000000      0x7dc build-spi/lib/xformat.o
 .debug_abbrev  0x00000000      0x2b9 build-spi/lib/xformat.o
 .debug_loclists
                0x00000000     0x1e76 build-spi/lib/xformat.o
 .debug_aranges
                0x00000000       0x30 build-spi/lib/xformat.o
 .debug_rnglists
                0x00000000       0x6c build-spi/lib/xformat.o
 .debug_line    0x00000000      0x828 build-spi/lib/xformat.o
 .debug_str     0x00000000      0x36a build-spi/lib/xformat.o
 .comment       0x00000000       0x27 build-spi/lib/xformat.o
 .debug_frame   0x00000000       0x84 build-spi/lib/xformat.o
 .ARM.attributes
                0x00000000       0x35 build-spi/lib/xformat.o
 .text          0x00000000        0x0 build-spi/lib/fdt.o
 .data          0x00000000        0x0 build-spi/lib/fdt.o
 .bss           0x00000000        0x0 build-spi/lib/fdt.o
 .text.check_dt_blob_valid
                0x00000000       0x28 build-spi/lib/fdt.o
 .text          0x00000000        0x0 build-spi/lib/string.o
 .data          0x00000000        0x0 build-spi/lib/string.o
 .bss           0x00000000        0x0 build-spi/lib/string.o
 .text.memcmp   0x00000000       0x1c build-spi/lib/string.o
 .text.strlen   0x00000000        0x4 build-spi/lib/string.o
 .text.strcpy   0x00000000       0x10 build-spi/lib/string.o
 .text.strcat   0x00000000       0x1e build-spi/lib/string.o
 .text.strcmp   0x00000000       0x20 build-spi/lib/string.o
 .text.strncmp  0x00000000       0x2c build-spi/lib/string.o
 .text.strchr   0x00000000       0x18 build-spi/lib/string.o
 .text.strstr   0x00000000       0x24 build-spi/lib/string.o
 .text.memchr   0x00000000       0x1a build-spi/lib/string.o
 .text.memmove  0x00000000       0x2e build-spi/lib/string.o
 .text          0x00000000        0x0 build-spi/arch/arm32/mach-t113s3/dram.o
 .data          0x00000000        0x0 build-spi/arch/arm32/mach-t113s3/dram.o
 .bss           0x00000000        0x0 build-spi/arch/arm32/mach-t113s3/dram.o
 .text.unlikely.abort
                0x00000000        0x2 build-spi/arch/arm32/mach-t113s3/dram.o
 .text.print_pointer_address
                0x00000000       0x44 build-spi/arch/arm32/mach-t113s3/dram.o
 .text          0x00000000        0x0 build-spi/arch/arm32/mach-t113s3/sunxi_usart.o
 .data          0x00000000        0x0 build-spi/arch/arm32/mach-t113s3/sunxi_usart.o
 .bss           0x00000000        0x0 build-spi/arch/arm32/mach-t113s3/sunxi_usart.o
 .text.sunxi_usart_init
                0x00000000       0x6c build-spi/arch/arm32/mach-t113s3/sunxi_usart.o
 .text          0x00000000        0x0 build-spi/arch/arm32/mach-t113s3/arch_timer.o
 .data          0x00000000        0x0 build-spi/arch/arm32/mach-t113s3/arch_timer.o
 .bss           0x00000000        0x0 build-spi/arch/arm32/mach-t113s3/arch_timer.o
 .text.get_arch_counter
                0x00000000        0x6 build-spi/arch/arm32/mach-t113s3/arch_timer.o
 .text          0x00000000        0x0 build-spi/arch/arm32/mach-t113s3/sunxi_spi.o
 .data          0x00000000        0x0 build-spi/arch/arm32/mach-t113s3/sunxi_spi.o
 .bss           0x00000000        0x0 build-spi/arch/arm32/mach-t113s3/sunxi_spi.o
 .text          0x00000000        0x0 build-spi/arch/arm32/mach-t113s3/sunxi_dma.o
 .data          0x00000000        0x0 build-spi/arch/arm32/mach-t113s3/sunxi_dma.o
 .bss           0x00000000        0x0 build-spi/arch/arm32/mach-t113s3/sunxi_dma.o
 .text.dma_request_from_last
                0x00000000       0x28 build-spi/arch/arm32/mach-t113s3/sunxi_dma.o
 .text          0x00000000        0x0 build-spi/arch/arm32/mach-t113s3/sunxi_gpio.o
 .data          0x00000000        0x0 build-spi/arch/arm32/mach-t113s3/sunxi_gpio.o
 .bss           0x00000000        0x0 build-spi/arch/arm32/mach-t113s3/sunxi_gpio.o
 .text.sunxi_gpio_read
                0x00000000       0x28 build-spi/arch/arm32/mach-t113s3/sunxi_gpio.o
 .text          0x00000000        0x0 build-spi/arch/arm32/mach-t113s3/sdmmc.o
 .data          0x00000000        0x0 build-spi/arch/arm32/mach-t113s3/sdmmc.o
 .bss           0x00000000        0x0 build-spi/arch/arm32/mach-t113s3/sdmmc.o
 .rodata.sdmmc_status.isra.0.str1.1
                0x00000000       0x19 build-spi/arch/arm32/mach-t113s3/sdmmc.o
 .text.sdmmc_status.isra.0
                0x00000000       0x60 build-spi/arch/arm32/mach-t113s3/sdmmc.o
 .rodata.sdmmc_blk_read.str1.1
                0x00000000       0x39 build-spi/arch/arm32/mach-t113s3/sdmmc.o
 .text.sdmmc_blk_read
                0x00000000       0xfc build-spi/arch/arm32/mach-t113s3/sdmmc.o
 .rodata.sdmmc_init.str1.1
                0x00000000       0xc5 build-spi/arch/arm32/mach-t113s3/sdmmc.o
 .text.sdmmc_init
                0x00000000      0x560 build-spi/arch/arm32/mach-t113s3/sdmmc.o
 .rodata.tran_speed_time
                0x00000000       0x10 build-spi/arch/arm32/mach-t113s3/sdmmc.o
 .rodata.tran_speed_unit
                0x00000000       0x10 build-spi/arch/arm32/mach-t113s3/sdmmc.o
 .bss.card0     0x00000000      0x450 build-spi/arch/arm32/mach-t113s3/sdmmc.o
 .debug_info    0x00000000     0x180c build-spi/arch/arm32/mach-t113s3/sdmmc.o
 .debug_abbrev  0x00000000      0x3d3 build-spi/arch/arm32/mach-t113s3/sdmmc.o
 .debug_loclists
                0x00000000      0x767 build-spi/arch/arm32/mach-t113s3/sdmmc.o
 .debug_aranges
                0x00000000       0x30 build-spi/arch/arm32/mach-t113s3/sdmmc.o
 .debug_rnglists
                0x00000000       0x99 build-spi/arch/arm32/mach-t113s3/sdmmc.o
 .debug_line    0x00000000      0x915 build-spi/arch/arm32/mach-t113s3/sdmmc.o
 .debug_str     0x00000000      0xcbf build-spi/arch/arm32/mach-t113s3/sdmmc.o
 .comment       0x00000000       0x27 build-spi/arch/arm32/mach-t113s3/sdmmc.o
 .debug_frame   0x00000000       0x8c build-spi/arch/arm32/mach-t113s3/sdmmc.o
 .ARM.attributes
                0x00000000       0x35 build-spi/arch/arm32/mach-t113s3/sdmmc.o
 .text          0x00000000        0x0 build-spi/arch/arm32/mach-t113s3/sunxi_sdhci.o
 .data          0x00000000        0x0 build-spi/arch/arm32/mach-t113s3/sunxi_sdhci.o
 .bss           0x00000000        0x0 build-spi/arch/arm32/mach-t113s3/sunxi_sdhci.o
 .rodata.wait_done.str1.1
                0x00000000       0x76 build-spi/arch/arm32/mach-t113s3/sunxi_sdhci.o
 .text.wait_done
                0x00000000       0x90 build-spi/arch/arm32/mach-t113s3/sunxi_sdhci.o
 .text.update_card_clock
                0x00000000       0x34 build-spi/arch/arm32/mach-t113s3/sunxi_sdhci.o
 .rodata.sdhci_transfer.str1.1
                0x00000000      0x1e3 build-spi/arch/arm32/mach-t113s3/sunxi_sdhci.o
 .text.sdhci_transfer
                0x00000000      0x4c0 build-spi/arch/arm32/mach-t113s3/sunxi_sdhci.o
 .text.sdhci_reset
                0x00000000        0xa build-spi/arch/arm32/mach-t113s3/sunxi_sdhci.o
 .rodata.sdhci_set_width.str1.1
                0x00000000       0x56 build-spi/arch/arm32/mach-t113s3/sunxi_sdhci.o
 .text.sdhci_set_width
                0x00000000       0x5c build-spi/arch/arm32/mach-t113s3/sunxi_sdhci.o
 .rodata.sdhci_set_clock.str1.1
                0x00000000       0xc8 build-spi/arch/arm32/mach-t113s3/sunxi_sdhci.o
 .text.sdhci_set_clock
                0x00000000      0x20c build-spi/arch/arm32/mach-t113s3/sunxi_sdhci.o
 .text.sunxi_sdhci_init
                0x00000000       0xc8 build-spi/arch/arm32/mach-t113s3/sunxi_sdhci.o
 .debug_info    0x00000000     0x2233 build-spi/arch/arm32/mach-t113s3/sunxi_sdhci.o
 .debug_abbrev  0x00000000      0x3c7 build-spi/arch/arm32/mach-t113s3/sunxi_sdhci.o
 .debug_loclists
                0x00000000      0x988 build-spi/arch/arm32/mach-t113s3/sunxi_sdhci.o
 .debug_aranges
                0x00000000       0x50 build-spi/arch/arm32/mach-t113s3/sunxi_sdhci.o
 .debug_rnglists
                0x00000000       0x78 build-spi/arch/arm32/mach-t113s3/sunxi_sdhci.o
 .debug_line    0x00000000      0xc81 build-spi/arch/arm32/mach-t113s3/sunxi_sdhci.o
 .debug_str     0x00000000     0x159c build-spi/arch/arm32/mach-t113s3/sunxi_sdhci.o
 .comment       0x00000000       0x27 build-spi/arch/arm32/mach-t113s3/sunxi_sdhci.o
 .debug_frame   0x00000000       0xe4 build-spi/arch/arm32/mach-t113s3/sunxi_sdhci.o
 .ARM.attributes
                0x00000000       0x35 build-spi/arch/arm32/mach-t113s3/sunxi_sdhci.o
 .text          0x00000000        0x0 build-spi/arch/arm32/mach-t113s3/sunxi_clk.o
 .data          0x00000000        0x0 build-spi/arch/arm32/mach-t113s3/sunxi_clk.o
 .bss           0x00000000        0x0 build-spi/arch/arm32/mach-t113s3/sunxi_clk.o
 .text          0x00000000        0x0 build-spi/arch/arm32/mach-t113s3/exception.o
 .data          0x00000000        0x0 build-spi/arch/arm32/mach-t113s3/exception.o
 .bss           0x00000000        0x0 build-spi/arch/arm32/mach-t113s3/exception.o
 .text          0x00000000        0x0 build-spi/lib/fatfs/ff.o
 .data          0x00000000        0x0 build-spi/lib/fatfs/ff.o
 .bss           0x00000000        0x0 build-spi/lib/fatfs/ff.o
 .text.ld_dword
                0x00000000       0x16 build-spi/lib/fatfs/ff.o
 .text.ld_qword
                0x00000000       0x2c build-spi/lib/fatfs/ff.o
 .text.get_ldnumber
                0x00000000       0x2a build-spi/lib/fatfs/ff.o
 .text.validate
                0x00000000       0x34 build-spi/lib/fatfs/ff.o
 .text.move_window
                0x00000000       0x38 build-spi/lib/fatfs/ff.o
 .rodata.check_fs.str1.1
                0x00000000       0x15 build-spi/lib/fatfs/ff.o
 .text.check_fs
                0x00000000      0x120 build-spi/lib/fatfs/ff.o
 .text.get_fat  0x00000000      0x158 build-spi/lib/fatfs/ff.o
 .text.init_alloc_info.isra.0
                0x00000000       0x2a build-spi/lib/fatfs/ff.o
 .text.dir_sdi.constprop.0
                0x00000000       0x84 build-spi/lib/fatfs/ff.o
 .text.dir_next.constprop.0
                0x00000000       0xa6 build-spi/lib/fatfs/ff.o
 .text.mount_volume.constprop.0
                0x00000000      0x4d0 build-spi/lib/fatfs/ff.o
 .text.f_mount  0x00000000       0x4c build-spi/lib/fatfs/ff.o
 .rodata.f_open.str1.1
                0x00000000       0x10 build-spi/lib/fatfs/ff.o
 .text.f_open   0x00000000      0x8a8 build-spi/lib/fatfs/ff.o
 .text.f_read   0x00000000      0x190 build-spi/lib/fatfs/ff.o
 .text.f_close  0x00000000       0x12 build-spi/lib/fatfs/ff.o
 .rodata.ExCvt  0x00000000       0x80 build-spi/lib/fatfs/ff.o
 .bss.LfnBuf    0x00000000      0x200 build-spi/lib/fatfs/ff.o
 .bss.DirBuf    0x00000000      0x260 build-spi/lib/fatfs/ff.o
 .rodata.LfnOfs
                0x00000000        0xd build-spi/lib/fatfs/ff.o
 .rodata.GUID_MS_Basic
                0x00000000       0x10 build-spi/lib/fatfs/ff.o
 .bss.Fsid      0x00000000        0x2 build-spi/lib/fatfs/ff.o
 .bss.FatFs     0x00000000        0x4 build-spi/lib/fatfs/ff.o
 .rodata        0x00000000        0xc build-spi/lib/fatfs/ff.o
 .debug_info    0x00000000     0x250a build-spi/lib/fatfs/ff.o
 .debug_abbrev  0x00000000      0x371 build-spi/lib/fatfs/ff.o
 .debug_loclists
                0x00000000     0x21e1 build-spi/lib/fatfs/ff.o
 .debug_aranges
                0x00000000       0x90 build-spi/lib/fatfs/ff.o
 .debug_rnglists
                0x00000000      0x207 build-spi/lib/fatfs/ff.o
 .debug_line    0x00000000     0x1d4d build-spi/lib/fatfs/ff.o
 .debug_str     0x00000000      0x701 build-spi/lib/fatfs/ff.o
 .comment       0x00000000       0x27 build-spi/lib/fatfs/ff.o
 .debug_frame   0x00000000      0x1ec build-spi/lib/fatfs/ff.o
 .ARM.attributes
                0x00000000       0x35 build-spi/lib/fatfs/ff.o
 .text          0x00000000        0x0 build-spi/lib/fatfs/diskio.o
 .data          0x00000000        0x0 build-spi/lib/fatfs/diskio.o
 .bss           0x00000000        0x0 build-spi/lib/fatfs/diskio.o
 .text.disk_status
                0x00000000       0x10 build-spi/lib/fatfs/diskio.o
 .text.disk_initialize
                0x00000000       0x18 build-spi/lib/fatfs/diskio.o
 .rodata.disk_read.str1.1
                0x00000000       0xee build-spi/lib/fatfs/diskio.o
 .text.disk_read
                0x00000000      0x170 build-spi/lib/fatfs/diskio.o
 .text.disk_ioctl
                0x00000000        0x4 build-spi/lib/fatfs/diskio.o
 .data.cache_pdrv
                0x00000000        0x1 build-spi/lib/fatfs/diskio.o
 .bss.cache_bitmap
                0x00000000      0x100 build-spi/lib/fatfs/diskio.o
 .data.Stat     0x00000000        0x1 build-spi/lib/fatfs/diskio.o
 .debug_info    0x00000000      0xc30 build-spi/lib/fatfs/diskio.o
 .debug_abbrev  0x00000000      0x2a6 build-spi/lib/fatfs/diskio.o
 .debug_loclists
                0x00000000      0x19c build-spi/lib/fatfs/diskio.o
 .debug_aranges
                0x00000000       0x38 build-spi/lib/fatfs/diskio.o
 .debug_rnglists
                0x00000000       0x45 build-spi/lib/fatfs/diskio.o
 .debug_line    0x00000000      0x262 build-spi/lib/fatfs/diskio.o
 .debug_str     0x00000000      0x68f build-spi/lib/fatfs/diskio.o
 .comment       0x00000000       0x27 build-spi/lib/fatfs/diskio.o
 .debug_frame   0x00000000       0x70 build-spi/lib/fatfs/diskio.o
 .ARM.attributes
                0x00000000       0x35 build-spi/lib/fatfs/diskio.o
 .text          0x00000000        0x0 build-spi/lib/fatfs/ffsystem.o
 .data          0x00000000        0x0 build-spi/lib/fatfs/ffsystem.o
 .bss           0x00000000        0x0 build-spi/lib/fatfs/ffsystem.o
 .debug_info    0x00000000       0x81 build-spi/lib/fatfs/ffsystem.o
 .debug_abbrev  0x00000000       0x26 build-spi/lib/fatfs/ffsystem.o
 .debug_aranges
                0x00000000       0x18 build-spi/lib/fatfs/ffsystem.o
 .debug_line    0x00000000       0x35 build-spi/lib/fatfs/ffsystem.o
 .debug_str     0x00000000      0x1ae build-spi/lib/fatfs/ffsystem.o
 .comment       0x00000000       0x27 build-spi/lib/fatfs/ffsystem.o
 .ARM.attributes
                0x00000000       0x35 build-spi/lib/fatfs/ffsystem.o
 .text          0x00000000        0x0 build-spi/lib/fatfs/ffunicode.o
 .data          0x00000000        0x0 build-spi/lib/fatfs/ffunicode.o
 .bss           0x00000000        0x0 build-spi/lib/fatfs/ffunicode.o
 .text.ff_uni2oem
                0x00000000       0x3c build-spi/lib/fatfs/ffunicode.o
 .text.ff_oem2uni
                0x00000000       0x28 build-spi/lib/fatfs/ffunicode.o
 .text.ff_wtoupper
                0x00000000       0x90 build-spi/lib/fatfs/ffunicode.o
 .rodata.cvt2.0
                0x00000000       0xbc build-spi/lib/fatfs/ffunicode.o
 .rodata.cvt1.1
                0x00000000      0x1f2 build-spi/lib/fatfs/ffunicode.o
 .rodata.uc437  0x00000000      0x100 build-spi/lib/fatfs/ffunicode.o
 .debug_info    0x00000000      0x297 build-spi/lib/fatfs/ffunicode.o
 .debug_abbrev  0x00000000       0xf7 build-spi/lib/fatfs/ffunicode.o
 .debug_loclists
                0x00000000      0x1ef build-spi/lib/fatfs/ffunicode.o
 .debug_aranges
                0x00000000       0x30 build-spi/lib/fatfs/ffunicode.o
 .debug_rnglists
                0x00000000       0x20 build-spi/lib/fatfs/ffunicode.o
 .debug_line    0x00000000      0x23d build-spi/lib/fatfs/ffunicode.o
 .debug_str     0x00000000      0x204 build-spi/lib/fatfs/ffunicode.o
 .comment       0x00000000       0x27 build-spi/lib/fatfs/ffunicode.o
 .debug_frame   0x00000000       0x50 build-spi/lib/fatfs/ffunicode.o
 .ARM.attributes
                0x00000000       0x35 build-spi/lib/fatfs/ffunicode.o
 .text          0x00000000      0x378 /usr/lib/gcc/arm-none-eabi/12.2.1/thumb/v7ve+simd/hard/libgcc.a(_arm_addsubdf3.o)
 .data          0x00000000        0x0 /usr/lib/gcc/arm-none-eabi/12.2.1/thumb/v7ve+simd/hard/libgcc.a(_arm_addsubdf3.o)
 .bss           0x00000000        0x0 /usr/lib/gcc/arm-none-eabi/12.2.1/thumb/v7ve+simd/hard/libgcc.a(_arm_addsubdf3.o)
 .debug_line    0x00000000      0x16f /usr/lib/gcc/arm-none-eabi/12.2.1/thumb/v7ve+simd/hard/libgcc.a(_arm_addsubdf3.o)
 .debug_line_str
                0x00000000       0x9d /usr/lib/gcc/arm-none-eabi/12.2.1/thumb/v7ve+simd/hard/libgcc.a(_arm_addsubdf3.o)
 .debug_info    0x00000000       0xb6 /usr/lib/gcc/arm-none-eabi/12.2.1/thumb/v7ve+simd/hard/libgcc.a(_arm_addsubdf3.o)
 .debug_abbrev  0x00000000       0x21 /usr/lib/gcc/arm-none-eabi/12.2.1/thumb/v7ve+simd/hard/libgcc.a(_arm_addsubdf3.o)
 .debug_aranges
                0x00000000       0x20 /usr/lib/gcc/arm-none-eabi/12.2.1/thumb/v7ve+simd/hard/libgcc.a(_arm_addsubdf3.o)
 .debug_str     0x00000000      0x155 /usr/lib/gcc/arm-none-eabi/12.2.1/thumb/v7ve+simd/hard/libgcc.a(_arm_addsubdf3.o)
 .debug_frame   0x00000000       0xac /usr/lib/gcc/arm-none-eabi/12.2.1/thumb/v7ve+simd/hard/libgcc.a(_arm_addsubdf3.o)
 .ARM.attributes
                0x00000000       0x29 /usr/lib/gcc/arm-none-eabi/12.2.1/thumb/v7ve+simd/hard/libgcc.a(_arm_addsubdf3.o)
 .data          0x00000000        0x0 /usr/lib/gcc/arm-none-eabi/12.2.1/thumb/v7ve+simd/hard/libgcc.a(_arm_addsubsf3.o)
 .bss           0x00000000        0x0 /usr/lib/gcc/arm-none-eabi/12.2.1/thumb/v7ve+simd/hard/libgcc.a(_arm_addsubsf3.o)
 .text          0x00000000       0xa0 /usr/lib/gcc/arm-none-eabi/12.2.1/thumb/v7ve+simd/hard/libgcc.a(_aeabi_ldivmod.o)
 .data          0x00000000        0x0 /usr/lib/gcc/arm-none-eabi/12.2.1/thumb/v7ve+simd/hard/libgcc.a(_aeabi_ldivmod.o)
 .bss           0x00000000        0x0 /usr/lib/gcc/arm-none-eabi/12.2.1/thumb/v7ve+simd/hard/libgcc.a(_aeabi_ldivmod.o)
 .debug_line    0x00000000       0x6c /usr/lib/gcc/arm-none-eabi/12.2.1/thumb/v7ve+simd/hard/libgcc.a(_aeabi_ldivmod.o)
 .debug_line_str
                0x00000000       0x98 /usr/lib/gcc/arm-none-eabi/12.2.1/thumb/v7ve+simd/hard/libgcc.a(_aeabi_ldivmod.o)
 .debug_info    0x00000000       0x25 /usr/lib/gcc/arm-none-eabi/12.2.1/thumb/v7ve+simd/hard/libgcc.a(_aeabi_ldivmod.o)
 .debug_abbrev  0x00000000       0x14 /usr/lib/gcc/arm-none-eabi/12.2.1/thumb/v7ve+simd/hard/libgcc.a(_aeabi_ldivmod.o)
 .debug_aranges
                0x00000000       0x20 /usr/lib/gcc/arm-none-eabi/12.2.1/thumb/v7ve+simd/hard/libgcc.a(_aeabi_ldivmod.o)
 .debug_str     0x00000000       0xa4 /usr/lib/gcc/arm-none-eabi/12.2.1/thumb/v7ve+simd/hard/libgcc.a(_aeabi_ldivmod.o)
 .debug_frame   0x00000000       0x44 /usr/lib/gcc/arm-none-eabi/12.2.1/thumb/v7ve+simd/hard/libgcc.a(_aeabi_ldivmod.o)
 .ARM.attributes
                0x00000000       0x29 /usr/lib/gcc/arm-none-eabi/12.2.1/thumb/v7ve+simd/hard/libgcc.a(_aeabi_ldivmod.o)
 .data          0x00000000        0x0 /usr/lib/gcc/arm-none-eabi/12.2.1/thumb/v7ve+simd/hard/libgcc.a(_aeabi_uldivmod.o)
 .bss           0x00000000        0x0 /usr/lib/gcc/arm-none-eabi/12.2.1/thumb/v7ve+simd/hard/libgcc.a(_aeabi_uldivmod.o)
 .data          0x00000000        0x0 /usr/lib/gcc/arm-none-eabi/12.2.1/thumb/v7ve+simd/hard/libgcc.a(_udivmoddi4.o)
 .bss           0x00000000        0x0 /usr/lib/gcc/arm-none-eabi/12.2.1/thumb/v7ve+simd/hard/libgcc.a(_udivmoddi4.o)
 .ARM.extab     0x00000000        0x0 /usr/lib/gcc/arm-none-eabi/12.2.1/thumb/v7ve+simd/hard/libgcc.a(_udivmoddi4.o)
 .data          0x00000000        0x0 /usr/lib/gcc/arm-none-eabi/12.2.1/thumb/v7ve+simd/hard/libgcc.a(unwind-arm.o)
 .bss           0x00000000        0x0 /usr/lib/gcc/arm-none-eabi/12.2.1/thumb/v7ve+simd/hard/libgcc.a(unwind-arm.o)
 .ARM.extab     0x00000000        0x0 /usr/lib/gcc/arm-none-eabi/12.2.1/thumb/v7ve+simd/hard/libgcc.a(unwind-arm.o)
 .data          0x00000000        0x0 /usr/lib/gcc/arm-none-eabi/12.2.1/thumb/v7ve+simd/hard/libgcc.a(libunwind.o)
 .bss           0x00000000        0x0 /usr/lib/gcc/arm-none-eabi/12.2.1/thumb/v7ve+simd/hard/libgcc.a(libunwind.o)
 .data          0x00000000        0x0 /usr/lib/gcc/arm-none-eabi/12.2.1/thumb/v7ve+simd/hard/libgcc.a(pr-support.o)
 .bss           0x00000000        0x0 /usr/lib/gcc/arm-none-eabi/12.2.1/thumb/v7ve+simd/hard/libgcc.a(pr-support.o)
 .text.unlikely
                0x00000000        0xc /usr/lib/gcc/arm-none-eabi/12.2.1/thumb/v7ve+simd/hard/libgcc.a(pr-support.o)
 .ARM.extab.text.unlikely
                0x00000000        0x0 /usr/lib/gcc/arm-none-eabi/12.2.1/thumb/v7ve+simd/hard/libgcc.a(pr-support.o)
 .ARM.exidx.text.unlikely
                0x00000000       0x10 /usr/lib/gcc/arm-none-eabi/12.2.1/thumb/v7ve+simd/hard/libgcc.a(pr-support.o)
 .data          0x00000000        0x0 /usr/lib/gcc/arm-none-eabi/12.2.1/thumb/v7ve+simd/hard/libgcc.a(_dvmd_tls.o)
 .bss           0x00000000        0x0 /usr/lib/gcc/arm-none-eabi/12.2.1/thumb/v7ve+simd/hard/libgcc.a(_dvmd_tls.o)

Memory Configuration

Name             Origin             Length             Attributes
ram              0x00038000         0x00018000         xrw
*default*        0x00000000         0xffffffff

Linker script and memory map

LOAD build-spi/arch/arm32/mach-t113s3/start.o
LOAD build-spi/arch/arm32/mach-t113s3/memcpy.o
LOAD build-spi/main.o
LOAD build-spi/board.o
LOAD build-spi/lib/debug.o
LOAD build-spi/lib/xformat.o
LOAD build-spi/lib/fdt.o
LOAD build-spi/lib/string.o
LOAD build-spi/arch/arm32/mach-t113s3/dram.o
LOAD build-spi/arch/arm32/mach-t113s3/sunxi_usart.o
LOAD build-spi/arch/arm32/mach-t113s3/arch_timer.o
LOAD build-spi/arch/arm32/mach-t113s3/sunxi_spi.o
LOAD build-spi/arch/arm32/mach-t113s3/sunxi_dma.o
LOAD build-spi/arch/arm32/mach-t113s3/sunxi_gpio.o
LOAD build-spi/arch/arm32/mach-t113s3/sdmmc.o
LOAD build-spi/arch/arm32/mach-t113s3/sunxi_sdhci.o
LOAD build-spi/arch/arm32/mach-t113s3/sunxi_clk.o
LOAD build-spi/arch/arm32/mach-t113s3/exception.o
LOAD build-spi/lib/fatfs/ff.o
LOAD build-spi/lib/fatfs/diskio.o
LOAD build-spi/lib/fatfs/ffsystem.o
LOAD build-spi/lib/fatfs/ffunicode.o
LOAD /usr/lib/gcc/arm-none-eabi/12.2.1/thumb/v7ve+simd/hard/libgcc.a
                0x00001000                        STACK_SIZE = 0x1000

.text           0x00038000     0x4448
                0x00038000                        . = ALIGN (0x4)
                0x00038000                        PROVIDE (__spl_start = .)
 *(.text .text.*)
 .text          0x00038000      0x70c build-spi/arch/arm32/mach-t113s3/start.o
                0x00038000                reset
 *fill*         0x0003870c        0x4 
 .text          0x00038710       0xe4 build-spi/arch/arm32/mach-t113s3/memcpy.o
                0x00038710                memcpy
 .text.load_spi_nand
                0x000387f4      0x124 build-spi/main.o
                0x000387f4                load_spi_nand
 .text.startup.main
                0x00038918      0x1d4 build-spi/main.o
                0x00038918                main
 .text.putint   0x00038aec       0x54 build-spi/lib/debug.o
                0x00038aec                putint
 .text.send_string_via_usart
                0x00038b40       0x28 build-spi/lib/debug.o
                0x00038b40                send_string_via_usart
 .text.message  0x00038b68       0x12 build-spi/lib/debug.o
                0x00038b68                message
 .text.swap_uint32
                0x00038b7a       0x2c build-spi/lib/fdt.o
 .text.of_get_magic_number
                0x00038ba6        0x6 build-spi/lib/fdt.o
                0x00038ba6                of_get_magic_number
 .text.of_get_dt_total_size
                0x00038bac        0x6 build-spi/lib/fdt.o
                0x00038bac                of_get_dt_total_size
 .text.memset   0x00038bb2       0x10 build-spi/lib/string.o
                0x00038bb2                memset
 .text.calculate_rank_size
                0x00038bc2       0x1a build-spi/arch/arm32/mach-t113s3/dram.o
 .text.ns_to_t.isra.0
                0x00038bdc       0x12 build-spi/arch/arm32/mach-t113s3/dram.o
 *fill*         0x00038bee        0x2 
 .text.mctl_core_init
                0x00038bf0      0xe34 build-spi/arch/arm32/mach-t113s3/dram.o
 .text.init_DRAM
                0x00039a24      0x688 build-spi/arch/arm32/mach-t113s3/dram.o
                0x00039a24                init_DRAM
 .text.sunxi_dram_init
                0x0003a0ac       0x24 build-spi/arch/arm32/mach-t113s3/dram.o
                0x0003a0ac                sunxi_dram_init
 .text.sunxi_usart_putc
                0x0003a0d0       0x20 build-spi/arch/arm32/mach-t113s3/sunxi_usart.o
                0x0003a0d0                sunxi_usart_putc
 .text.time_ms  0x0003a0f0       0x12 build-spi/arch/arm32/mach-t113s3/arch_timer.o
                0x0003a0f0                time_ms
 .text.time_us  0x0003a102       0x10 build-spi/arch/arm32/mach-t113s3/arch_timer.o
                0x0003a102                time_us
 .text.udelay   0x0003a112       0x20 build-spi/arch/arm32/mach-t113s3/arch_timer.o
                0x0003a112                udelay
 .text.mdelay   0x0003a132       0x22 build-spi/arch/arm32/mach-t113s3/arch_timer.o
                0x0003a132                mdelay
 .text.sdelay   0x0003a154        0x6 build-spi/arch/arm32/mach-t113s3/arch_timer.o
                0x0003a154                sdelay
 *fill*         0x0003a15a        0x2 
 .text.spi_transfer
                0x0003a15c      0x144 build-spi/arch/arm32/mach-t113s3/sunxi_spi.o
 .text.spi_nand_get_config
                0x0003a2a0       0x24 build-spi/arch/arm32/mach-t113s3/sunxi_spi.o
 .text.spi_nand_wait_while_busy
                0x0003a2c4       0x36 build-spi/arch/arm32/mach-t113s3/sunxi_spi.o
 .text.spi_nand_load_page.isra.0
                0x0003a2fa       0x36 build-spi/arch/arm32/mach-t113s3/sunxi_spi.o
 .text.spi_nand_set_config.isra.0
                0x0003a330       0x24 build-spi/arch/arm32/mach-t113s3/sunxi_spi.o
 .text.sunxi_spi_init
                0x0003a354      0x228 build-spi/arch/arm32/mach-t113s3/sunxi_spi.o
                0x0003a354                sunxi_spi_init
 .text.sunxi_spi_disable
                0x0003a57c       0x30 build-spi/arch/arm32/mach-t113s3/sunxi_spi.o
                0x0003a57c                sunxi_spi_disable
 .text.spi_nand_detect
                0x0003a5ac      0x180 build-spi/arch/arm32/mach-t113s3/sunxi_spi.o
                0x0003a5ac                spi_nand_detect
 .text.spi_nand_read
                0x0003a72c       0xf8 build-spi/arch/arm32/mach-t113s3/sunxi_spi.o
                0x0003a72c                spi_nand_read
 .text.dma_init
                0x0003a824       0xac build-spi/arch/arm32/mach-t113s3/sunxi_dma.o
                0x0003a824                dma_init
 .text.dma_exit
                0x0003a8d0       0x4c build-spi/arch/arm32/mach-t113s3/sunxi_dma.o
                0x0003a8d0                dma_exit
 .text.dma_request
                0x0003a91c       0x34 build-spi/arch/arm32/mach-t113s3/sunxi_dma.o
                0x0003a91c                dma_request
 .text.dma_release
                0x0003a950       0x12 build-spi/arch/arm32/mach-t113s3/sunxi_dma.o
                0x0003a950                dma_release
 *fill*         0x0003a962        0x2 
 .text.dma_setting
                0x0003a964       0x34 build-spi/arch/arm32/mach-t113s3/sunxi_dma.o
                0x0003a964                dma_setting
 .text.dma_start
                0x0003a998       0x20 build-spi/arch/arm32/mach-t113s3/sunxi_dma.o
                0x0003a998                dma_start
 .text.dma_stop
                0x0003a9b8       0x12 build-spi/arch/arm32/mach-t113s3/sunxi_dma.o
                0x0003a9b8                dma_stop
 *fill*         0x0003a9ca        0x2 
 .text.dma_querystatus
                0x0003a9cc       0x20 build-spi/arch/arm32/mach-t113s3/sunxi_dma.o
                0x0003a9cc                dma_querystatus
 .text.dma_test
                0x0003a9ec      0x15c build-spi/arch/arm32/mach-t113s3/sunxi_dma.o
                0x0003a9ec                dma_test
 .text.sunxi_gpio_init
                0x0003ab48       0x3a build-spi/arch/arm32/mach-t113s3/sunxi_gpio.o
                0x0003ab48                sunxi_gpio_init
 .text.sunxi_gpio_set_value
                0x0003ab82       0x32 build-spi/arch/arm32/mach-t113s3/sunxi_gpio.o
                0x0003ab82                sunxi_gpio_set_value
 .text.sunxi_gpio_set_pull
                0x0003abb4       0x3e build-spi/arch/arm32/mach-t113s3/sunxi_gpio.o
                0x0003abb4                sunxi_gpio_set_pull
 .text.set_module
                0x0003abf2       0x30 build-spi/arch/arm32/mach-t113s3/sunxi_clk.o
 *fill*         0x0003ac22        0x2 
 .text.set_pll_cpux_axi
                0x0003ac24       0x94 build-spi/arch/arm32/mach-t113s3/sunxi_clk.o
                0x0003ac24                set_pll_cpux_axi
 .text.sunxi_clk_init
                0x0003acb8       0xd8 build-spi/arch/arm32/mach-t113s3/sunxi_clk.o
                0x0003acb8                sunxi_clk_init
 .text.sunxi_clk_get_peri1x_rate
                0x0003ad90       0x3c build-spi/arch/arm32/mach-t113s3/sunxi_clk.o
                0x0003ad90                sunxi_clk_get_peri1x_rate
 .text.show_regs
                0x0003adcc       0x4c build-spi/arch/arm32/mach-t113s3/exception.o
 .text.arm32_do_undefined_instruction
                0x0003ae18       0x20 build-spi/arch/arm32/mach-t113s3/exception.o
                0x0003ae18                arm32_do_undefined_instruction
 .text.arm32_do_software_interrupt
                0x0003ae38       0x20 build-spi/arch/arm32/mach-t113s3/exception.o
                0x0003ae38                arm32_do_software_interrupt
 .text.arm32_do_prefetch_abort
                0x0003ae58       0x20 build-spi/arch/arm32/mach-t113s3/exception.o
                0x0003ae58                arm32_do_prefetch_abort
 .text.arm32_do_data_abort
                0x0003ae78       0x20 build-spi/arch/arm32/mach-t113s3/exception.o
                0x0003ae78                arm32_do_data_abort
 .text.arm32_do_irq
                0x0003ae98       0x20 build-spi/arch/arm32/mach-t113s3/exception.o
                0x0003ae98                arm32_do_irq
 .text.arm32_do_fiq
                0x0003aeb8       0x2c build-spi/arch/arm32/mach-t113s3/exception.o
                0x0003aeb8                arm32_do_fiq
 .text          0x0003aee4      0x21c /usr/lib/gcc/arm-none-eabi/12.2.1/thumb/v7ve+simd/hard/libgcc.a(_arm_addsubsf3.o)
                0x0003aee4                __aeabi_frsub
                0x0003aeec                __subsf3
                0x0003aeec                __aeabi_fsub
                0x0003aef0                __aeabi_fadd
                0x0003aef0                __addsf3
                0x0003b050                __aeabi_ui2f
                0x0003b050                __floatunsisf
                0x0003b058                __aeabi_i2f
                0x0003b058                __floatsisf
                0x0003b074                __floatundisf
                0x0003b074                __aeabi_ul2f
                0x0003b084                __floatdisf
                0x0003b084                __aeabi_l2f
 .text          0x0003b100       0x30 /usr/lib/gcc/arm-none-eabi/12.2.1/thumb/v7ve+simd/hard/libgcc.a(_aeabi_uldivmod.o)
                0x0003b100                __aeabi_uldivmod
 .text          0x0003b130      0x380 /usr/lib/gcc/arm-none-eabi/12.2.1/thumb/v7ve+simd/hard/libgcc.a(_udivmoddi4.o)
                0x0003b130                __udivmoddi4
 .text          0x0003b4b0      0xa68 /usr/lib/gcc/arm-none-eabi/12.2.1/thumb/v7ve+simd/hard/libgcc.a(unwind-arm.o)
                0x0003b768                _Unwind_GetCFA
                0x0003b76c                __gnu_Unwind_RaiseException
                0x0003b7d4                __gnu_Unwind_ForcedUnwind
                0x0003b7e8                __gnu_Unwind_Resume
                0x0003b828                __gnu_Unwind_Resume_or_Rethrow
                0x0003b83c                _Unwind_Complete
                0x0003b840                _Unwind_DeleteException
                0x0003b84c                _Unwind_VRS_Get
                0x0003b89c                _Unwind_VRS_Set
                0x0003b8ec                __gnu_Unwind_Backtrace
                0x0003bc38                __aeabi_unwind_cpp_pr0
                0x0003bc3c                __aeabi_unwind_cpp_pr1
                0x0003bc40                __aeabi_unwind_cpp_pr2
                0x0003bc44                _Unwind_VRS_Pop
 .text          0x0003bf18      0x1ac /usr/lib/gcc/arm-none-eabi/12.2.1/thumb/v7ve+simd/hard/libgcc.a(libunwind.o)
                0x0003bf18                __restore_core_regs
                0x0003bf18                restore_core_regs
                0x0003bf30                __gnu_Unwind_Restore_VFP
                0x0003bf38                __gnu_Unwind_Save_VFP
                0x0003bf40                __gnu_Unwind_Restore_VFP_D
                0x0003bf48                __gnu_Unwind_Save_VFP_D
                0x0003bf50                __gnu_Unwind_Restore_VFP_D_16_to_31
                0x0003bf58                __gnu_Unwind_Save_VFP_D_16_to_31
                0x0003bf60                __gnu_Unwind_Restore_WMMXD
                0x0003bfa4                __gnu_Unwind_Save_WMMXD
                0x0003bfe8                __gnu_Unwind_Restore_WMMXC
                0x0003bffc                __gnu_Unwind_Save_WMMXC
                0x0003c010                ___Unwind_RaiseException
                0x0003c010                _Unwind_RaiseException
                0x0003c034                ___Unwind_Resume
                0x0003c034                _Unwind_Resume
                0x0003c058                _Unwind_Resume_or_Rethrow
                0x0003c058                ___Unwind_Resume_or_Rethrow
                0x0003c07c                ___Unwind_ForcedUnwind
                0x0003c07c                _Unwind_ForcedUnwind
                0x0003c0a0                _Unwind_Backtrace
                0x0003c0a0                ___Unwind_Backtrace
 .text          0x0003c0c4      0x378 /usr/lib/gcc/arm-none-eabi/12.2.1/thumb/v7ve+simd/hard/libgcc.a(pr-support.o)
                0x0003c118                __gnu_unwind_execute
                0x0003c3ec                __gnu_unwind_frame
                0x0003c41c                _Unwind_GetRegionStart
                0x0003c428                _Unwind_GetLanguageSpecificData
 .text          0x0003c43c        0x4 /usr/lib/gcc/arm-none-eabi/12.2.1/thumb/v7ve+simd/hard/libgcc.a(_dvmd_tls.o)
                0x0003c43c                __aeabi_ldiv0
                0x0003c43c                __aeabi_idiv0
 .text.__stub   0x0003c440        0x4 linker stubs
                0x0003c444                        . = ALIGN (0x4)

.rodata.load_spi_nand.str1.1
                0x0003c448      0x139
 .rodata.load_spi_nand.str1.1
                0x0003c448      0x139 build-spi/main.o

.rodata.main.str1.1
                0x0003c581       0xe9
 .rodata.main.str1.1
                0x0003c581       0xe9 build-spi/main.o

.rodata.mctl_core_init.str1.1
                0x0003c66a       0x6e
 .rodata.mctl_core_init.str1.1
                0x0003c66a       0x6e build-spi/arch/arm32/mach-t113s3/dram.o

.rodata.init_DRAM.str1.1
                0x0003c6d8      0x39b
 .rodata.init_DRAM.str1.1
                0x0003c6d8      0x39b build-spi/arch/arm32/mach-t113s3/dram.o

.rodata.ac_remapping_tables
                0x0003ca73       0xdc
 .rodata.ac_remapping_tables
                0x0003ca73       0xdc build-spi/arch/arm32/mach-t113s3/dram.o

.rodata         0x0003cb50       0x60
 .rodata        0x0003cb50       0x60 build-spi/arch/arm32/mach-t113s3/dram.o

.rodata.spi_transfer.str1.1
                0x0003cbb0       0x5a
 .rodata.spi_transfer.str1.1
                0x0003cbb0       0x5a build-spi/arch/arm32/mach-t113s3/sunxi_spi.o

.rodata.sunxi_spi_init.str1.1
                0x0003cc0a       0xc2
 .rodata.sunxi_spi_init.str1.1
                0x0003cc0a       0xc2 build-spi/arch/arm32/mach-t113s3/sunxi_spi.o

.rodata.spi_nand_detect.str1.1
                0x0003cccc       0x96
 .rodata.spi_nand_detect.str1.1
                0x0003cccc       0x96 build-spi/arch/arm32/mach-t113s3/sunxi_spi.o

.rodata.spi_nand_read.str1.1
                0x0003cd62       0x49
 .rodata.spi_nand_read.str1.1
                0x0003cd62       0x49 build-spi/arch/arm32/mach-t113s3/sunxi_spi.o

.rodata.CSWTCH.56
                0x0003cdab        0x4
 .rodata.CSWTCH.56
                0x0003cdab        0x4 build-spi/arch/arm32/mach-t113s3/sunxi_spi.o

.rodata.CSWTCH.55
                0x0003cdaf        0x4
 .rodata.CSWTCH.55
                0x0003cdaf        0x4 build-spi/arch/arm32/mach-t113s3/sunxi_spi.o

.rodata.str1.1  0x0003cdb3      0x1c8
 .rodata.str1.1
                0x0003cdb3      0x1c8 build-spi/arch/arm32/mach-t113s3/sunxi_spi.o

.rodata.spi_nand_infos
                0x0003cf7c      0x4c8
 .rodata.spi_nand_infos
                0x0003cf7c      0x4c8 build-spi/arch/arm32/mach-t113s3/sunxi_spi.o

.rodata.dma_init.str1.1
                0x0003d444       0x10
 .rodata.dma_init.str1.1
                0x0003d444       0x10 build-spi/arch/arm32/mach-t113s3/sunxi_dma.o

.rodata.dma_request.str1.1
                0x0003d454       0x1e
 .rodata.dma_request.str1.1
                0x0003d454       0x1e build-spi/arch/arm32/mach-t113s3/sunxi_dma.o

.rodata.dma_test.str1.1
                0x0003d472       0xae
 .rodata.dma_test.str1.1
                0x0003d472       0xae build-spi/arch/arm32/mach-t113s3/sunxi_dma.o

.rodata.ccu     0x0003d520        0x4
 .rodata.ccu    0x0003d520        0x4 build-spi/arch/arm32/mach-t113s3/sunxi_clk.o
                0x0003d520                ccu

.rodata.show_regs.str1.1
                0x0003d524       0x67
 .rodata.show_regs.str1.1
                0x0003d524       0x67 build-spi/arch/arm32/mach-t113s3/exception.o

.rodata.arm32_do_undefined_instruction.str1.1
                0x0003d58b       0x2b
 .rodata.arm32_do_undefined_instruction.str1.1
                0x0003d58b       0x2b build-spi/arch/arm32/mach-t113s3/exception.o

.rodata.arm32_do_software_interrupt.str1.1
                0x0003d5b6       0x28
 .rodata.arm32_do_software_interrupt.str1.1
                0x0003d5b6       0x28 build-spi/arch/arm32/mach-t113s3/exception.o

.rodata.arm32_do_prefetch_abort.str1.1
                0x0003d5de       0x24
 .rodata.arm32_do_prefetch_abort.str1.1
                0x0003d5de       0x24 build-spi/arch/arm32/mach-t113s3/exception.o

.rodata.arm32_do_data_abort.str1.1
                0x0003d602       0x20
 .rodata.arm32_do_data_abort.str1.1
                0x0003d602       0x20 build-spi/arch/arm32/mach-t113s3/exception.o

.rodata.arm32_do_irq.str1.1
                0x0003d622       0x23
 .rodata.arm32_do_irq.str1.1
                0x0003d622       0x23 build-spi/arch/arm32/mach-t113s3/exception.o

.rodata.arm32_do_fiq.str1.1
                0x0003d645       0x23
 .rodata.arm32_do_fiq.str1.1
                0x0003d645       0x23 build-spi/arch/arm32/mach-t113s3/exception.o

.ARM.extab      0x0003d668       0x18
 .ARM.extab     0x0003d668       0x18 /usr/lib/gcc/arm-none-eabi/12.2.1/thumb/v7ve+simd/hard/libgcc.a(pr-support.o)

.glue_7         0x0003d680        0x0
 .glue_7        0x0003d680        0x0 linker stubs

.glue_7t        0x0003d680        0x0
 .glue_7t       0x0003d680        0x0 linker stubs

.vfp11_veneer   0x0003d680        0x0
 .vfp11_veneer  0x0003d680        0x0 linker stubs

.v4_bx          0x0003d680        0x0
 .v4_bx         0x0003d680        0x0 linker stubs

.iplt           0x0003d680        0x0
 .iplt          0x0003d680        0x0 build-spi/arch/arm32/mach-t113s3/start.o

.igot.plt       0x0003d680        0x0
 .igot.plt      0x0003d680        0x0 build-spi/arch/arm32/mach-t113s3/start.o

.data.str1      0x0003d680        0xa
 .data.str1     0x0003d680        0xa build-spi/main.o
                0x0003d680                str1

.data.sunxi_spi0
                0x0003d68c       0x60
 .data.sunxi_spi0
                0x0003d68c       0x60 build-spi/board.o
                0x0003d68c                sunxi_spi0

.data.usart5_dbg
                0x0003d6ec       0x18
 .data.usart5_dbg
                0x0003d6ec       0x18 build-spi/board.o
                0x0003d6ec                usart5_dbg

.data.dma_init_ok
                0x0003d704        0x4
 .data.dma_init_ok
                0x0003d704        0x4 build-spi/arch/arm32/mach-t113s3/sunxi_dma.o
                0x0003d708                        . = ALIGN (0x4)

.ARM.exidx      0x0003d708       0xc0
                0x0003d708                        __exidx_start = .
 *(.ARM.exidx* .gnu.linkonce.armexidx.*)
 .ARM.exidx     0x0003d708       0x10 build-spi/arch/arm32/mach-t113s3/memcpy.o
                                  0x8 (size before relaxing)
 .ARM.exidx     0x0003d718        0x0 /usr/lib/gcc/arm-none-eabi/12.2.1/thumb/v7ve+simd/hard/libgcc.a(_udivmoddi4.o)
                                  0x8 (size before relaxing)
 .ARM.exidx     0x0003d718       0x78 /usr/lib/gcc/arm-none-eabi/12.2.1/thumb/v7ve+simd/hard/libgcc.a(unwind-arm.o)
                                 0xd8 (size before relaxing)
 .ARM.exidx     0x0003d790       0x38 /usr/lib/gcc/arm-none-eabi/12.2.1/thumb/v7ve+simd/hard/libgcc.a(pr-support.o)
                0x0003d7c8                        __exidx_end = .
                0x0003d7c8                        PROVIDE (__spl_end = .)
                0x000057c8                        PROVIDE (__spl_size = (__spl_end - __spl_start))

.rel.dyn        0x0003d7c8        0x0
 .rel.iplt      0x0003d7c8        0x0 build-spi/arch/arm32/mach-t113s3/start.o

.bss            0x0003d800      0x480
                0x0003d800                        . = ALIGN (0x4)
                0x0003d800                        _sbss = .
 *(.bss .bss.*)
 .bss.str2      0x0003d800        0xf build-spi/main.o
                0x0003d800                str2
 *fill*         0x0003d80f        0x1 
 .bss.image     0x0003d810       0x94 build-spi/main.o
                0x0003d810                image
 .bss.spi_rx_dma_hd
                0x0003d8a4        0x4 build-spi/arch/arm32/mach-t113s3/sunxi_spi.o
 .bss.spi_rx_dma
                0x0003d8a8       0x10 build-spi/arch/arm32/mach-t113s3/sunxi_spi.o
 .bss.spip      0x0003d8b8        0x4 build-spi/arch/arm32/mach-t113s3/sunxi_spi.o
                0x0003d8b8                spip
 *fill*         0x0003d8bc        0x4 
 .bss.dma_channel_desc
                0x0003d8c0      0x200 build-spi/arch/arm32/mach-t113s3/sunxi_dma.o
 .bss.dma_channel_source
                0x0003dac0      0x1c0 build-spi/arch/arm32/mach-t113s3/sunxi_dma.o
 *(COMMON)
                0x0003dc80                        . = ALIGN (0x4)
                0x0003dc80                        _ebss = .

.stack          0x0003dc80     0x1000
                0x0003dc80                        . = ALIGN (0x8)
                0x0003dc80                        __stack_srv_start = .
                0x0003ec80                        . = (. + STACK_SIZE)
 *fill*         0x0003dc80     0x1000 
                0x0003ec80                        __stack_srv_end = .
                0x0003ec80                        . = ALIGN (0x4)
                0x0003ec80                        _end = .
OUTPUT(build-spi/awboot-fel.elf elf32-littlearm)
LOAD linker stubs

.ARM.attributes
                0x00000000       0x37
 .ARM.attributes
                0x00000000       0x27 build-spi/arch/arm32/mach-t113s3/start.o
 .ARM.attributes
                0x00000027       0x27 build-spi/arch/arm32/mach-t113s3/memcpy.o
 .ARM.attributes
                0x0000004e       0x35 build-spi/main.o
 .ARM.attributes
                0x00000083       0x35 build-spi/board.o
 .ARM.attributes
                0x000000b8       0x35 build-spi/lib/debug.o
 .ARM.attributes
                0x000000ed       0x35 build-spi/lib/fdt.o
 .ARM.attributes
                0x00000122       0x35 build-spi/lib/string.o
 .ARM.attributes
                0x00000157       0x35 build-spi/arch/arm32/mach-t113s3/dram.o
 .ARM.attributes
                0x0000018c       0x35 build-spi/arch/arm32/mach-t113s3/sunxi_usart.o
 .ARM.attributes
                0x000001c1       0x35 build-spi/arch/arm32/mach-t113s3/arch_timer.o
 .ARM.attributes
                0x000001f6       0x35 build-spi/arch/arm32/mach-t113s3/sunxi_spi.o
 .ARM.attributes
                0x0000022b       0x35 build-spi/arch/arm32/mach-t113s3/sunxi_dma.o
 .ARM.attributes
                0x00000260       0x35 build-spi/arch/arm32/mach-t113s3/sunxi_gpio.o
 .ARM.attributes
                0x00000295       0x35 build-spi/arch/arm32/mach-t113s3/sunxi_clk.o
 .ARM.attributes
                0x000002ca       0x35 build-spi/arch/arm32/mach-t113s3/exception.o
 .ARM.attributes
                0x000002ff       0x29 /usr/lib/gcc/arm-none-eabi/12.2.1/thumb/v7ve+simd/hard/libgcc.a(_arm_addsubsf3.o)
 .ARM.attributes
                0x00000328       0x29 /usr/lib/gcc/arm-none-eabi/12.2.1/thumb/v7ve+simd/hard/libgcc.a(_aeabi_uldivmod.o)
 .ARM.attributes
                0x00000351       0x3b /usr/lib/gcc/arm-none-eabi/12.2.1/thumb/v7ve+simd/hard/libgcc.a(_udivmoddi4.o)
 .ARM.attributes
                0x0000038c       0x3b /usr/lib/gcc/arm-none-eabi/12.2.1/thumb/v7ve+simd/hard/libgcc.a(unwind-arm.o)
 .ARM.attributes
                0x000003c7       0x29 /usr/lib/gcc/arm-none-eabi/12.2.1/thumb/v7ve+simd/hard/libgcc.a(libunwind.o)
 .ARM.attributes
                0x000003f0       0x3b /usr/lib/gcc/arm-none-eabi/12.2.1/thumb/v7ve+simd/hard/libgcc.a(pr-support.o)
 .ARM.attributes
                0x0000042b       0x29 /usr/lib/gcc/arm-none-eabi/12.2.1/thumb/v7ve+simd/hard/libgcc.a(_dvmd_tls.o)

.comment        0x00000000       0x26
 .comment       0x00000000       0x26 build-spi/main.o
                                 0x27 (size before relaxing)
 .comment       0x00000026       0x27 build-spi/board.o
 .comment       0x00000026       0x27 build-spi/lib/debug.o
 .comment       0x00000026       0x27 build-spi/lib/fdt.o
 .comment       0x00000026       0x27 build-spi/lib/string.o
 .comment       0x00000026       0x27 build-spi/arch/arm32/mach-t113s3/dram.o
 .comment       0x00000026       0x27 build-spi/arch/arm32/mach-t113s3/sunxi_usart.o
 .comment       0x00000026       0x27 build-spi/arch/arm32/mach-t113s3/arch_timer.o
 .comment       0x00000026       0x27 build-spi/arch/arm32/mach-t113s3/sunxi_spi.o
 .comment       0x00000026       0x27 build-spi/arch/arm32/mach-t113s3/sunxi_dma.o
 .comment       0x00000026       0x27 build-spi/arch/arm32/mach-t113s3/sunxi_gpio.o
 .comment       0x00000026       0x27 build-spi/arch/arm32/mach-t113s3/sunxi_clk.o
 .comment       0x00000026       0x27 build-spi/arch/arm32/mach-t113s3/exception.o
 .comment       0x00000026       0x27 /usr/lib/gcc/arm-none-eabi/12.2.1/thumb/v7ve+simd/hard/libgcc.a(_udivmoddi4.o)
 .comment       0x00000026       0x27 /usr/lib/gcc/arm-none-eabi/12.2.1/thumb/v7ve+simd/hard/libgcc.a(unwind-arm.o)
 .comment       0x00000026       0x27 /usr/lib/gcc/arm-none-eabi/12.2.1/thumb/v7ve+simd/hard/libgcc.a(pr-support.o)

.debug_line     0x00000000     0x7e1b
 .debug_line    0x00000000      0x113 build-spi/arch/arm32/mach-t113s3/start.o
 .debug_line    0x00000113       0x85 build-spi/arch/arm32/mach-t113s3/memcpy.o
 .debug_line    0x00000198      0x5cf build-spi/main.o
 .debug_line    0x00000767      0x161 build-spi/board.o
 .debug_line    0x000008c8      0x1cc build-spi/lib/debug.o
 .debug_line    0x00000a94      0x108 build-spi/lib/fdt.o
 .debug_line    0x00000b9c      0x31e build-spi/lib/string.o
 .debug_line    0x00000eba     0x2d74 build-spi/arch/arm32/mach-t113s3/dram.o
 .debug_line    0x00003c2e      0x2c0 build-spi/arch/arm32/mach-t113s3/sunxi_usart.o
 .debug_line    0x00003eee      0x1a3 build-spi/arch/arm32/mach-t113s3/arch_timer.o
 .debug_line    0x00004091      0xdc4 build-spi/arch/arm32/mach-t113s3/sunxi_spi.o
 .debug_line    0x00004e55      0x656 build-spi/arch/arm32/mach-t113s3/sunxi_dma.o
 .debug_line    0x000054ab      0x2eb build-spi/arch/arm32/mach-t113s3/sunxi_gpio.o
 .debug_line    0x00005796      0x6c3 build-spi/arch/arm32/mach-t113s3/sunxi_clk.o
 .debug_line    0x00005e59      0x1e4 build-spi/arch/arm32/mach-t113s3/exception.o
 .debug_line    0x0000603d      0x103 /usr/lib/gcc/arm-none-eabi/12.2.1/thumb/v7ve+simd/hard/libgcc.a(_arm_addsubsf3.o)
 .debug_line    0x00006140       0x4e /usr/lib/gcc/arm-none-eabi/12.2.1/thumb/v7ve+simd/hard/libgcc.a(_aeabi_uldivmod.o)
 .debug_line    0x0000618e      0x5ad /usr/lib/gcc/arm-none-eabi/12.2.1/thumb/v7ve+simd/hard/libgcc.a(_udivmoddi4.o)
 .debug_line    0x0000673b     0x109b /usr/lib/gcc/arm-none-eabi/12.2.1/thumb/v7ve+simd/hard/libgcc.a(unwind-arm.o)
 .debug_line    0x000077d6       0x97 /usr/lib/gcc/arm-none-eabi/12.2.1/thumb/v7ve+simd/hard/libgcc.a(libunwind.o)
 .debug_line    0x0000786d      0x564 /usr/lib/gcc/arm-none-eabi/12.2.1/thumb/v7ve+simd/hard/libgcc.a(pr-support.o)
 .debug_line    0x00007dd1       0x4a /usr/lib/gcc/arm-none-eabi/12.2.1/thumb/v7ve+simd/hard/libgcc.a(_dvmd_tls.o)

.debug_line_str
                0x00000000      0x112
 .debug_line_str
                0x00000000       0x4c build-spi/arch/arm32/mach-t113s3/start.o
 .debug_line_str
                0x0000004c        0x9 build-spi/arch/arm32/mach-t113s3/memcpy.o
                                 0x4d (size before relaxing)
 .debug_line_str
                0x00000055       0x9d /usr/lib/gcc/arm-none-eabi/12.2.1/thumb/v7ve+simd/hard/libgcc.a(_arm_addsubsf3.o)
 .debug_line_str
                0x000000f2        0x8 /usr/lib/gcc/arm-none-eabi/12.2.1/thumb/v7ve+simd/hard/libgcc.a(_aeabi_uldivmod.o)
                                 0x98 (size before relaxing)
 .debug_line_str
                0x000000fa        0xc /usr/lib/gcc/arm-none-eabi/12.2.1/thumb/v7ve+simd/hard/libgcc.a(libunwind.o)
                                 0x9c (size before relaxing)
 .debug_line_str
                0x00000106        0xc /usr/lib/gcc/arm-none-eabi/12.2.1/thumb/v7ve+simd/hard/libgcc.a(_dvmd_tls.o)
                                 0x9c (size before relaxing)

.debug_info     0x00000000    0x1015c
 .debug_info    0x00000000       0x25 build-spi/arch/arm32/mach-t113s3/start.o
 .debug_info    0x00000025       0x25 build-spi/arch/arm32/mach-t113s3/memcpy.o
 .debug_info    0x0000004a      0xf3f build-spi/main.o
 .debug_info    0x00000f89      0xc55 build-spi/board.o
 .debug_info    0x00001bde      0x2e3 build-spi/lib/debug.o
 .debug_info    0x00001ec1      0x2ac build-spi/lib/fdt.o
 .debug_info    0x0000216d      0x4b7 build-spi/lib/string.o
 .debug_info    0x00002624     0x486e build-spi/arch/arm32/mach-t113s3/dram.o
 .debug_info    0x00006e92      0x4f0 build-spi/arch/arm32/mach-t113s3/sunxi_usart.o
 .debug_info    0x00007382      0x270 build-spi/arch/arm32/mach-t113s3/arch_timer.o
 .debug_info    0x000075f2     0x1f42 build-spi/arch/arm32/mach-t113s3/sunxi_spi.o
 .debug_info    0x00009534     0x177c build-spi/arch/arm32/mach-t113s3/sunxi_dma.o
 .debug_info    0x0000acb0      0x5d1 build-spi/arch/arm32/mach-t113s3/sunxi_gpio.o
 .debug_info    0x0000b281     0x181c build-spi/arch/arm32/mach-t113s3/sunxi_clk.o
 .debug_info    0x0000ca9d      0x4a8 build-spi/arch/arm32/mach-t113s3/exception.o
 .debug_info    0x0000cf45       0xaf /usr/lib/gcc/arm-none-eabi/12.2.1/thumb/v7ve+simd/hard/libgcc.a(_arm_addsubsf3.o)
 .debug_info    0x0000cff4       0x24 /usr/lib/gcc/arm-none-eabi/12.2.1/thumb/v7ve+simd/hard/libgcc.a(_aeabi_uldivmod.o)
 .debug_info    0x0000d018      0x6f3 /usr/lib/gcc/arm-none-eabi/12.2.1/thumb/v7ve+simd/hard/libgcc.a(_udivmoddi4.o)
 .debug_info    0x0000d70b     0x1f0f /usr/lib/gcc/arm-none-eabi/12.2.1/thumb/v7ve+simd/hard/libgcc.a(unwind-arm.o)
 .debug_info    0x0000f61a       0x9e /usr/lib/gcc/arm-none-eabi/12.2.1/thumb/v7ve+simd/hard/libgcc.a(libunwind.o)
 .debug_info    0x0000f6b8      0xa6b /usr/lib/gcc/arm-none-eabi/12.2.1/thumb/v7ve+simd/hard/libgcc.a(pr-support.o)
 .debug_info    0x00010123       0x39 /usr/lib/gcc/arm-none-eabi/12.2.1/thumb/v7ve+simd/hard/libgcc.a(_dvmd_tls.o)

.debug_abbrev   0x00000000     0x2752
 .debug_abbrev  0x00000000       0x14 build-spi/arch/arm32/mach-t113s3/start.o
 .debug_abbrev  0x00000014       0x14 build-spi/arch/arm32/mach-t113s3/memcpy.o
 .debug_abbrev  0x00000028      0x39c build-spi/main.o
 .debug_abbrev  0x000003c4      0x267 build-spi/board.o
 .debug_abbrev  0x0000062b      0x163 build-spi/lib/debug.o
 .debug_abbrev  0x0000078e      0x1a1 build-spi/lib/fdt.o
 .debug_abbrev  0x0000092f       0xda build-spi/lib/string.o
 .debug_abbrev  0x00000a09      0x413 build-spi/arch/arm32/mach-t113s3/dram.o
 .debug_abbrev  0x00000e1c      0x1a4 build-spi/arch/arm32/mach-t113s3/sunxi_usart.o
 .debug_abbrev  0x00000fc0      0x13e build-spi/arch/arm32/mach-t113s3/arch_timer.o
 .debug_abbrev  0x000010fe      0x46b build-spi/arch/arm32/mach-t113s3/sunxi_spi.o
 .debug_abbrev  0x00001569      0x2bc build-spi/arch/arm32/mach-t113s3/sunxi_dma.o
 .debug_abbrev  0x00001825      0x1ee build-spi/arch/arm32/mach-t113s3/sunxi_gpio.o
 .debug_abbrev  0x00001a13      0x291 build-spi/arch/arm32/mach-t113s3/sunxi_clk.o
 .debug_abbrev  0x00001ca4      0x14e build-spi/arch/arm32/mach-t113s3/exception.o
 .debug_abbrev  0x00001df2       0x21 /usr/lib/gcc/arm-none-eabi/12.2.1/thumb/v7ve+simd/hard/libgcc.a(_arm_addsubsf3.o)
 .debug_abbrev  0x00001e13       0x14 /usr/lib/gcc/arm-none-eabi/12.2.1/thumb/v7ve+simd/hard/libgcc.a(_aeabi_uldivmod.o)
 .debug_abbrev  0x00001e27      0x173 /usr/lib/gcc/arm-none-eabi/12.2.1/thumb/v7ve+simd/hard/libgcc.a(_udivmoddi4.o)
 .debug_abbrev  0x00001f9a      0x481 /usr/lib/gcc/arm-none-eabi/12.2.1/thumb/v7ve+simd/hard/libgcc.a(unwind-arm.o)
 .debug_abbrev  0x0000241b       0x21 /usr/lib/gcc/arm-none-eabi/12.2.1/thumb/v7ve+simd/hard/libgcc.a(libunwind.o)
 .debug_abbrev  0x0000243c      0x2f7 /usr/lib/gcc/arm-none-eabi/12.2.1/thumb/v7ve+simd/hard/libgcc.a(pr-support.o)
 .debug_abbrev  0x00002733       0x1f /usr/lib/gcc/arm-none-eabi/12.2.1/thumb/v7ve+simd/hard/libgcc.a(_dvmd_tls.o)

.debug_aranges  0x00000000      0x4b0
 .debug_aranges
                0x00000000       0x20 build-spi/arch/arm32/mach-t113s3/start.o
 .debug_aranges
                0x00000020       0x20 build-spi/arch/arm32/mach-t113s3/memcpy.o
 .debug_aranges
                0x00000040       0x30 build-spi/main.o
 .debug_aranges
                0x00000070       0x30 build-spi/board.o
 .debug_aranges
                0x000000a0       0x30 build-spi/lib/debug.o
 .debug_aranges
                0x000000d0       0x38 build-spi/lib/fdt.o
 .debug_aranges
                0x00000108       0x70 build-spi/lib/string.o
 .debug_aranges
                0x00000178       0x50 build-spi/arch/arm32/mach-t113s3/dram.o
 .debug_aranges
                0x000001c8       0x28 build-spi/arch/arm32/mach-t113s3/sunxi_usart.o
 .debug_aranges
                0x000001f0       0x48 build-spi/arch/arm32/mach-t113s3/arch_timer.o
 .debug_aranges
                0x00000238       0x60 build-spi/arch/arm32/mach-t113s3/sunxi_spi.o
 .debug_aranges
                0x00000298       0x68 build-spi/arch/arm32/mach-t113s3/sunxi_dma.o
 .debug_aranges
                0x00000300       0x38 build-spi/arch/arm32/mach-t113s3/sunxi_gpio.o
 .debug_aranges
                0x00000338       0x38 build-spi/arch/arm32/mach-t113s3/sunxi_clk.o
 .debug_aranges
                0x00000370       0x50 build-spi/arch/arm32/mach-t113s3/exception.o
 .debug_aranges
                0x000003c0       0x20 /usr/lib/gcc/arm-none-eabi/12.2.1/thumb/v7ve+simd/hard/libgcc.a(_arm_addsubsf3.o)
 .debug_aranges
                0x000003e0       0x20 /usr/lib/gcc/arm-none-eabi/12.2.1/thumb/v7ve+simd/hard/libgcc.a(_aeabi_uldivmod.o)
 .debug_aranges
                0x00000400       0x20 /usr/lib/gcc/arm-none-eabi/12.2.1/thumb/v7ve+simd/hard/libgcc.a(_udivmoddi4.o)
 .debug_aranges
                0x00000420       0x20 /usr/lib/gcc/arm-none-eabi/12.2.1/thumb/v7ve+simd/hard/libgcc.a(unwind-arm.o)
 .debug_aranges
                0x00000440       0x20 /usr/lib/gcc/arm-none-eabi/12.2.1/thumb/v7ve+simd/hard/libgcc.a(libunwind.o)
 .debug_aranges
                0x00000460       0x30 /usr/lib/gcc/arm-none-eabi/12.2.1/thumb/v7ve+simd/hard/libgcc.a(pr-support.o)
 .debug_aranges
                0x00000490       0x20 /usr/lib/gcc/arm-none-eabi/12.2.1/thumb/v7ve+simd/hard/libgcc.a(_dvmd_tls.o)

.debug_str      0x00000000     0x3bfe
 .debug_str     0x00000000       0x58 build-spi/arch/arm32/mach-t113s3/start.o
 .debug_str     0x00000058       0x20 build-spi/arch/arm32/mach-t113s3/memcpy.o
                                 0x59 (size before relaxing)
 .debug_str     0x00000078      0x517 build-spi/main.o
                                0x5fd (size before relaxing)
 .debug_str     0x0000058f      0x4c2 build-spi/board.o
                                0x84c (size before relaxing)
 .debug_str     0x00000a51        0xc build-spi/lib/debug.o
                                0x22c (size before relaxing)
 .debug_str     0x00000a5d       0xcc build-spi/lib/fdt.o
                                0x2c1 (size before relaxing)
 .debug_str     0x00000b29       0x5f build-spi/lib/string.o
                                0x206 (size before relaxing)
 .debug_str     0x00000b88      0x4d4 build-spi/arch/arm32/mach-t113s3/dram.o
                                0x73c (size before relaxing)
 .debug_str     0x0000105c       0x30 build-spi/arch/arm32/mach-t113s3/sunxi_usart.o
                                0x277 (size before relaxing)
 .debug_str     0x0000108c       0x4f build-spi/arch/arm32/mach-t113s3/arch_timer.o
                                0x221 (size before relaxing)
 .debug_str     0x000010db      0x8c6 build-spi/arch/arm32/mach-t113s3/sunxi_spi.o
                                0xc62 (size before relaxing)
 .debug_str     0x000019a1      0xda9 build-spi/arch/arm32/mach-t113s3/sunxi_dma.o
                               0x110c (size before relaxing)
 .debug_str     0x0000274a       0xc8 build-spi/arch/arm32/mach-t113s3/sunxi_gpio.o
                                0x317 (size before relaxing)
 .debug_str     0x00002812       0x80 build-spi/arch/arm32/mach-t113s3/sunxi_clk.o
                                0xe1d (size before relaxing)
 .debug_str     0x00002892       0xbe build-spi/arch/arm32/mach-t113s3/exception.o
                                0x296 (size before relaxing)
 .debug_str     0x00002950      0x13c /usr/lib/gcc/arm-none-eabi/12.2.1/thumb/v7ve+simd/hard/libgcc.a(_arm_addsubsf3.o)
                                0x149 (size before relaxing)
 .debug_str     0x00002a8c       0x2c /usr/lib/gcc/arm-none-eabi/12.2.1/thumb/v7ve+simd/hard/libgcc.a(_aeabi_uldivmod.o)
                                 0xa4 (size before relaxing)
 .debug_str     0x00002ab8      0x57e /usr/lib/gcc/arm-none-eabi/12.2.1/thumb/v7ve+simd/hard/libgcc.a(_udivmoddi4.o)
                                0x678 (size before relaxing)
 .debug_str     0x00003036      0x9e8 /usr/lib/gcc/arm-none-eabi/12.2.1/thumb/v7ve+simd/hard/libgcc.a(unwind-arm.o)
                                0xc49 (size before relaxing)
 .debug_str     0x00003a1e       0xb5 /usr/lib/gcc/arm-none-eabi/12.2.1/thumb/v7ve+simd/hard/libgcc.a(libunwind.o)
                                0x1a6 (size before relaxing)
 .debug_str     0x00003ad3       0xdf /usr/lib/gcc/arm-none-eabi/12.2.1/thumb/v7ve+simd/hard/libgcc.a(pr-support.o)
                                0x5a2 (size before relaxing)
 .debug_str     0x00003bb2       0x4c /usr/lib/gcc/arm-none-eabi/12.2.1/thumb/v7ve+simd/hard/libgcc.a(_dvmd_tls.o)
                                 0xc4 (size before relaxing)

.debug_loclists
                0x00000000     0x7060
 .debug_loclists
                0x00000000      0x26d build-spi/main.o
 .debug_loclists
                0x0000026d       0x31 build-spi/board.o
 .debug_loclists
                0x0000029e      0x118 build-spi/lib/debug.o
 .debug_loclists
                0x000003b6       0xa9 build-spi/lib/fdt.o
 .debug_loclists
                0x0000045f      0x485 build-spi/lib/string.o
 .debug_loclists
                0x000008e4     0x295d build-spi/arch/arm32/mach-t113s3/dram.o
 .debug_loclists
                0x00003241      0x1eb build-spi/arch/arm32/mach-t113s3/sunxi_usart.o
 .debug_loclists
                0x0000342c       0xfd build-spi/arch/arm32/mach-t113s3/arch_timer.o
 .debug_loclists
                0x00003529      0xd49 build-spi/arch/arm32/mach-t113s3/sunxi_spi.o
 .debug_loclists
                0x00004272      0x384 build-spi/arch/arm32/mach-t113s3/sunxi_dma.o
 .debug_loclists
                0x000045f6      0x2e1 build-spi/arch/arm32/mach-t113s3/sunxi_gpio.o
 .debug_loclists
                0x000048d7      0x4a9 build-spi/arch/arm32/mach-t113s3/sunxi_clk.o
 .debug_loclists
                0x00004d80       0xe2 build-spi/arch/arm32/mach-t113s3/exception.o
 .debug_loclists
                0x00004e62      0xa72 /usr/lib/gcc/arm-none-eabi/12.2.1/thumb/v7ve+simd/hard/libgcc.a(_udivmoddi4.o)
 .debug_loclists
                0x000058d4     0x13bf /usr/lib/gcc/arm-none-eabi/12.2.1/thumb/v7ve+simd/hard/libgcc.a(unwind-arm.o)
 .debug_loclists
                0x00006c93      0x3cd /usr/lib/gcc/arm-none-eabi/12.2.1/thumb/v7ve+simd/hard/libgcc.a(pr-support.o)

.debug_rnglists
                0x00000000      0x9df
 .debug_rnglists
                0x00000000       0x60 build-spi/main.o
 .debug_rnglists
                0x00000060       0x1f build-spi/board.o
 .debug_rnglists
                0x0000007f       0x46 build-spi/lib/debug.o
 .debug_rnglists
                0x000000c5       0x25 build-spi/lib/fdt.o
 .debug_rnglists
                0x000000ea       0x4f build-spi/lib/string.o
 .debug_rnglists
                0x00000139      0x38d build-spi/arch/arm32/mach-t113s3/dram.o
 .debug_rnglists
                0x000004c6       0x3d build-spi/arch/arm32/mach-t113s3/sunxi_usart.o
 .debug_rnglists
                0x00000503       0x49 build-spi/arch/arm32/mach-t113s3/arch_timer.o
 .debug_rnglists
                0x0000054c      0x1ae build-spi/arch/arm32/mach-t113s3/sunxi_spi.o
 .debug_rnglists
                0x000006fa       0x4b build-spi/arch/arm32/mach-t113s3/sunxi_dma.o
 .debug_rnglists
                0x00000745       0x6d build-spi/arch/arm32/mach-t113s3/sunxi_gpio.o
 .debug_rnglists
                0x000007b2       0x72 build-spi/arch/arm32/mach-t113s3/sunxi_clk.o
 .debug_rnglists
                0x00000824       0x37 build-spi/arch/arm32/mach-t113s3/exception.o
 .debug_rnglists
                0x0000085b       0x7e /usr/lib/gcc/arm-none-eabi/12.2.1/thumb/v7ve+simd/hard/libgcc.a(_udivmoddi4.o)
 .debug_rnglists
                0x000008d9       0xcc /usr/lib/gcc/arm-none-eabi/12.2.1/thumb/v7ve+simd/hard/libgcc.a(unwind-arm.o)
 .debug_rnglists
                0x000009a5       0x3a /usr/lib/gcc/arm-none-eabi/12.2.1/thumb/v7ve+simd/hard/libgcc.a(pr-support.o)

.debug_frame    0x00000000      0xcc8
 .debug_frame   0x00000000       0x74 build-spi/main.o
 .debug_frame   0x00000074       0x64 build-spi/board.o
 .debug_frame   0x000000d8       0x84 build-spi/lib/debug.o
 .debug_frame   0x0000015c       0x60 build-spi/lib/fdt.o
 .debug_frame   0x000001bc       0xf4 build-spi/lib/string.o
 .debug_frame   0x000002b0       0xdc build-spi/arch/arm32/mach-t113s3/dram.o
 .debug_frame   0x0000038c       0x3c build-spi/arch/arm32/mach-t113s3/sunxi_usart.o
 .debug_frame   0x000003c8       0x9c build-spi/arch/arm32/mach-t113s3/arch_timer.o
 .debug_frame   0x00000464      0x138 build-spi/arch/arm32/mach-t113s3/sunxi_spi.o
 .debug_frame   0x0000059c       0xf4 build-spi/arch/arm32/mach-t113s3/sunxi_dma.o
 .debug_frame   0x00000690       0x6c build-spi/arch/arm32/mach-t113s3/sunxi_gpio.o
 .debug_frame   0x000006fc       0x74 build-spi/arch/arm32/mach-t113s3/sunxi_clk.o
 .debug_frame   0x00000770       0xdc build-spi/arch/arm32/mach-t113s3/exception.o
 .debug_frame   0x0000084c       0x4c /usr/lib/gcc/arm-none-eabi/12.2.1/thumb/v7ve+simd/hard/libgcc.a(_arm_addsubsf3.o)
 .debug_frame   0x00000898       0x2c /usr/lib/gcc/arm-none-eabi/12.2.1/thumb/v7ve+simd/hard/libgcc.a(_aeabi_uldivmod.o)
 .debug_frame   0x000008c4       0x40 /usr/lib/gcc/arm-none-eabi/12.2.1/thumb/v7ve+simd/hard/libgcc.a(_udivmoddi4.o)
 .debug_frame   0x00000904      0x2d0 /usr/lib/gcc/arm-none-eabi/12.2.1/thumb/v7ve+simd/hard/libgcc.a(unwind-arm.o)
 .debug_frame   0x00000bd4       0xf4 /usr/lib/gcc/arm-none-eabi/12.2.1/thumb/v7ve+simd/hard/libgcc.a(pr-support.o)
