Archive member included to satisfy reference by file (symbol)

/usr/lib/gcc/arm-none-eabi/12.2.1/thumb/v7ve+simd/hard/libgcc.a(_arm_addsubdf3.o)
                              build-all/arch/arm32/mach-t113s3/sdmmc.o (__aeabi_ul2d)
/usr/lib/gcc/arm-none-eabi/12.2.1/thumb/v7ve+simd/hard/libgcc.a(_arm_addsubsf3.o)
                              build-all/main.o (__aeabi_ul2f)
/usr/lib/gcc/arm-none-eabi/12.2.1/thumb/v7ve+simd/hard/libgcc.a(_aeabi_ldivmod.o)
                              build-all/lib/fatfs/ff.o (__aeabi_ldivmod)
/usr/lib/gcc/arm-none-eabi/12.2.1/thumb/v7ve+simd/hard/libgcc.a(_aeabi_uldivmod.o)
                              build-all/main.o (__aeabi_uldivmod)
/usr/lib/gcc/arm-none-eabi/12.2.1/thumb/v7ve+simd/hard/libgcc.a(_udivmoddi4.o)
                              /usr/lib/gcc/arm-none-eabi/12.2.1/thumb/v7ve+simd/hard/libgcc.a(_aeabi_ldivmod.o) (__udivmoddi4)
/usr/lib/gcc/arm-none-eabi/12.2.1/thumb/v7ve+simd/hard/libgcc.a(unwind-arm.o)
                              build-all/arch/arm32/mach-t113s3/memcpy.o (__aeabi_unwind_cpp_pr0)
/usr/lib/gcc/arm-none-eabi/12.2.1/thumb/v7ve+simd/hard/libgcc.a(libunwind.o)
                              /usr/lib/gcc/arm-none-eabi/12.2.1/thumb/v7ve+simd/hard/libgcc.a(unwind-arm.o) (restore_core_regs)
/usr/lib/gcc/arm-none-eabi/12.2.1/thumb/v7ve+simd/hard/libgcc.a(pr-support.o)
                              /usr/lib/gcc/arm-none-eabi/12.2.1/thumb/v7ve+simd/hard/libgcc.a(unwind-arm.o) (__gnu_unwind_execute)
/usr/lib/gcc/arm-none-eabi/12.2.1/thumb/v7ve+simd/hard/libgcc.a(_dvmd_tls.o)
                              /usr/lib/gcc/arm-none-eabi/12.2.1/thumb/v7ve+simd/hard/libgcc.a(_aeabi_ldivmod.o) (__aeabi_ldiv0)

Discarded input sections

 .data          0x00000000        0x0 build-all/arch/arm32/mach-t113s3/start.o
 .bss           0x00000000        0x0 build-all/arch/arm32/mach-t113s3/start.o
 .data          0x00000000        0x0 build-all/arch/arm32/mach-t113s3/memcpy.o
 .bss           0x00000000        0x0 build-all/arch/arm32/mach-t113s3/memcpy.o
 .ARM.extab     0x00000000        0x0 build-all/arch/arm32/mach-t113s3/memcpy.o
 .text          0x00000000        0x0 build-all/main.o
 .data          0x00000000        0x0 build-all/main.o
 .bss           0x00000000        0x0 build-all/main.o
 .text.print_pc
                0x00000000       0x44 build-all/main.o
 .text          0x00000000        0x0 build-all/board.o
 .data          0x00000000        0x0 build-all/board.o
 .bss           0x00000000        0x0 build-all/board.o
 .text.board_init_led
                0x00000000       0x16 build-all/board.o
 .text.board_sdhci_init
                0x00000000       0x20 build-all/board.o
 .text.board_init
                0x00000000       0x18 build-all/board.o
 .data.usart3_dbg
                0x00000000       0x18 build-all/board.o
 .data.usart0_dbg
                0x00000000       0x18 build-all/board.o
 .text          0x00000000        0x0 build-all/lib/debug.o
 .data          0x00000000        0x0 build-all/lib/debug.o
 .bss           0x00000000        0x0 build-all/lib/debug.o
 .text          0x00000000        0x0 build-all/lib/xformat.o
 .data          0x00000000        0x0 build-all/lib/xformat.o
 .bss           0x00000000        0x0 build-all/lib/xformat.o
 .text.ulong2a  0x00000000       0x64 build-all/lib/xformat.o
 .text.xvformat
                0x00000000      0x5f4 build-all/lib/xformat.o
 .text.xformat  0x00000000       0x1a build-all/lib/xformat.o
 .rodata.formatStates
                0x00000000       0x5b build-all/lib/xformat.o
 .rodata.ms_digits
                0x00000000       0x11 build-all/lib/xformat.o
 .rodata.ms_false
                0x00000000        0x6 build-all/lib/xformat.o
 .rodata.ms_true
                0x00000000        0x5 build-all/lib/xformat.o
 .rodata.ms_null
                0x00000000        0x7 build-all/lib/xformat.o
 .debug_info    0x00000000      0x7dc build-all/lib/xformat.o
 .debug_abbrev  0x00000000      0x2b9 build-all/lib/xformat.o
 .debug_loclists
                0x00000000     0x1e76 build-all/lib/xformat.o
 .debug_aranges
                0x00000000       0x30 build-all/lib/xformat.o
 .debug_rnglists
                0x00000000       0x6c build-all/lib/xformat.o
 .debug_line    0x00000000      0x828 build-all/lib/xformat.o
 .debug_str     0x00000000      0x36a build-all/lib/xformat.o
 .comment       0x00000000       0x27 build-all/lib/xformat.o
 .debug_frame   0x00000000       0x84 build-all/lib/xformat.o
 .ARM.attributes
                0x00000000       0x35 build-all/lib/xformat.o
 .text          0x00000000        0x0 build-all/lib/fdt.o
 .data          0x00000000        0x0 build-all/lib/fdt.o
 .bss           0x00000000        0x0 build-all/lib/fdt.o
 .text.check_dt_blob_valid
                0x00000000       0x28 build-all/lib/fdt.o
 .text          0x00000000        0x0 build-all/lib/string.o
 .data          0x00000000        0x0 build-all/lib/string.o
 .bss           0x00000000        0x0 build-all/lib/string.o
 .text.strlen   0x00000000        0x4 build-all/lib/string.o
 .text.strcat   0x00000000       0x1e build-all/lib/string.o
 .text.strcmp   0x00000000       0x20 build-all/lib/string.o
 .text.strncmp  0x00000000       0x2c build-all/lib/string.o
 .text.strstr   0x00000000       0x24 build-all/lib/string.o
 .text.memchr   0x00000000       0x1a build-all/lib/string.o
 .text.memmove  0x00000000       0x2e build-all/lib/string.o
 .text          0x00000000        0x0 build-all/arch/arm32/mach-t113s3/dram.o
 .data          0x00000000        0x0 build-all/arch/arm32/mach-t113s3/dram.o
 .bss           0x00000000        0x0 build-all/arch/arm32/mach-t113s3/dram.o
 .text.unlikely.abort
                0x00000000        0x2 build-all/arch/arm32/mach-t113s3/dram.o
 .text.print_pointer_address
                0x00000000       0x44 build-all/arch/arm32/mach-t113s3/dram.o
 .text          0x00000000        0x0 build-all/arch/arm32/mach-t113s3/sunxi_usart.o
 .data          0x00000000        0x0 build-all/arch/arm32/mach-t113s3/sunxi_usart.o
 .bss           0x00000000        0x0 build-all/arch/arm32/mach-t113s3/sunxi_usart.o
 .text.sunxi_usart_init
                0x00000000       0x6c build-all/arch/arm32/mach-t113s3/sunxi_usart.o
 .text          0x00000000        0x0 build-all/arch/arm32/mach-t113s3/arch_timer.o
 .data          0x00000000        0x0 build-all/arch/arm32/mach-t113s3/arch_timer.o
 .bss           0x00000000        0x0 build-all/arch/arm32/mach-t113s3/arch_timer.o
 .text.get_arch_counter
                0x00000000        0x6 build-all/arch/arm32/mach-t113s3/arch_timer.o
 .text          0x00000000        0x0 build-all/arch/arm32/mach-t113s3/sunxi_spi.o
 .data          0x00000000        0x0 build-all/arch/arm32/mach-t113s3/sunxi_spi.o
 .bss           0x00000000        0x0 build-all/arch/arm32/mach-t113s3/sunxi_spi.o
 .text          0x00000000        0x0 build-all/arch/arm32/mach-t113s3/sunxi_dma.o
 .data          0x00000000        0x0 build-all/arch/arm32/mach-t113s3/sunxi_dma.o
 .bss           0x00000000        0x0 build-all/arch/arm32/mach-t113s3/sunxi_dma.o
 .text.dma_request_from_last
                0x00000000       0x28 build-all/arch/arm32/mach-t113s3/sunxi_dma.o
 .text          0x00000000        0x0 build-all/arch/arm32/mach-t113s3/sunxi_gpio.o
 .data          0x00000000        0x0 build-all/arch/arm32/mach-t113s3/sunxi_gpio.o
 .bss           0x00000000        0x0 build-all/arch/arm32/mach-t113s3/sunxi_gpio.o
 .text.sunxi_gpio_read
                0x00000000       0x28 build-all/arch/arm32/mach-t113s3/sunxi_gpio.o
 .text          0x00000000        0x0 build-all/arch/arm32/mach-t113s3/sdmmc.o
 .data          0x00000000        0x0 build-all/arch/arm32/mach-t113s3/sdmmc.o
 .bss           0x00000000        0x0 build-all/arch/arm32/mach-t113s3/sdmmc.o
 .text          0x00000000        0x0 build-all/arch/arm32/mach-t113s3/sunxi_sdhci.o
 .data          0x00000000        0x0 build-all/arch/arm32/mach-t113s3/sunxi_sdhci.o
 .bss           0x00000000        0x0 build-all/arch/arm32/mach-t113s3/sunxi_sdhci.o
 .text          0x00000000        0x0 build-all/arch/arm32/mach-t113s3/sunxi_clk.o
 .data          0x00000000        0x0 build-all/arch/arm32/mach-t113s3/sunxi_clk.o
 .bss           0x00000000        0x0 build-all/arch/arm32/mach-t113s3/sunxi_clk.o
 .text          0x00000000        0x0 build-all/arch/arm32/mach-t113s3/exception.o
 .data          0x00000000        0x0 build-all/arch/arm32/mach-t113s3/exception.o
 .bss           0x00000000        0x0 build-all/arch/arm32/mach-t113s3/exception.o
 .text          0x00000000        0x0 build-all/lib/fatfs/ff.o
 .data          0x00000000        0x0 build-all/lib/fatfs/ff.o
 .bss           0x00000000        0x0 build-all/lib/fatfs/ff.o
 .text          0x00000000        0x0 build-all/lib/fatfs/diskio.o
 .data          0x00000000        0x0 build-all/lib/fatfs/diskio.o
 .bss           0x00000000        0x0 build-all/lib/fatfs/diskio.o
 .text.disk_ioctl
                0x00000000        0x4 build-all/lib/fatfs/diskio.o
 .text          0x00000000        0x0 build-all/lib/fatfs/ffsystem.o
 .data          0x00000000        0x0 build-all/lib/fatfs/ffsystem.o
 .bss           0x00000000        0x0 build-all/lib/fatfs/ffsystem.o
 .debug_info    0x00000000       0x81 build-all/lib/fatfs/ffsystem.o
 .debug_abbrev  0x00000000       0x26 build-all/lib/fatfs/ffsystem.o
 .debug_aranges
                0x00000000       0x18 build-all/lib/fatfs/ffsystem.o
 .debug_line    0x00000000       0x35 build-all/lib/fatfs/ffsystem.o
 .debug_str     0x00000000      0x1ae build-all/lib/fatfs/ffsystem.o
 .comment       0x00000000       0x27 build-all/lib/fatfs/ffsystem.o
 .ARM.attributes
                0x00000000       0x35 build-all/lib/fatfs/ffsystem.o
 .text          0x00000000        0x0 build-all/lib/fatfs/ffunicode.o
 .data          0x00000000        0x0 build-all/lib/fatfs/ffunicode.o
 .bss           0x00000000        0x0 build-all/lib/fatfs/ffunicode.o
 .text.ff_oem2uni
                0x00000000       0x28 build-all/lib/fatfs/ffunicode.o
 .data          0x00000000        0x0 /usr/lib/gcc/arm-none-eabi/12.2.1/thumb/v7ve+simd/hard/libgcc.a(_arm_addsubdf3.o)
 .bss           0x00000000        0x0 /usr/lib/gcc/arm-none-eabi/12.2.1/thumb/v7ve+simd/hard/libgcc.a(_arm_addsubdf3.o)
 .data          0x00000000        0x0 /usr/lib/gcc/arm-none-eabi/12.2.1/thumb/v7ve+simd/hard/libgcc.a(_arm_addsubsf3.o)
 .bss           0x00000000        0x0 /usr/lib/gcc/arm-none-eabi/12.2.1/thumb/v7ve+simd/hard/libgcc.a(_arm_addsubsf3.o)
 .text          0x00000000       0xa0 /usr/lib/gcc/arm-none-eabi/12.2.1/thumb/v7ve+simd/hard/libgcc.a(_aeabi_ldivmod.o)
 .data          0x00000000        0x0 /usr/lib/gcc/arm-none-eabi/12.2.1/thumb/v7ve+simd/hard/libgcc.a(_aeabi_ldivmod.o)
 .bss           0x00000000        0x0 /usr/lib/gcc/arm-none-eabi/12.2.1/thumb/v7ve+simd/hard/libgcc.a(_aeabi_ldivmod.o)
 .debug_line    0x00000000       0x6c /usr/lib/gcc/arm-none-eabi/12.2.1/thumb/v7ve+simd/hard/libgcc.a(_aeabi_ldivmod.o)
 .debug_line_str
                0x00000000       0x98 /usr/lib/gcc/arm-none-eabi/12.2.1/thumb/v7ve+simd/hard/libgcc.a(_aeabi_ldivmod.o)
 .debug_info    0x00000000       0x25 /usr/lib/gcc/arm-none-eabi/12.2.1/thumb/v7ve+simd/hard/libgcc.a(_aeabi_ldivmod.o)
 .debug_abbrev  0x00000000       0x14 /usr/lib/gcc/arm-none-eabi/12.2.1/thumb/v7ve+simd/hard/libgcc.a(_aeabi_ldivmod.o)
 .debug_aranges
                0x00000000       0x20 /usr/lib/gcc/arm-none-eabi/12.2.1/thumb/v7ve+simd/hard/libgcc.a(_aeabi_ldivmod.o)
 .debug_str     0x00000000       0xa4 /usr/lib/gcc/arm-none-eabi/12.2.1/thumb/v7ve+simd/hard/libgcc.a(_aeabi_ldivmod.o)
 .debug_frame   0x00000000       0x44 /usr/lib/gcc/arm-none-eabi/12.2.1/thumb/v7ve+simd/hard/libgcc.a(_aeabi_ldivmod.o)
 .ARM.attributes
                0x00000000       0x29 /usr/lib/gcc/arm-none-eabi/12.2.1/thumb/v7ve+simd/hard/libgcc.a(_aeabi_ldivmod.o)
 .data          0x00000000        0x0 /usr/lib/gcc/arm-none-eabi/12.2.1/thumb/v7ve+simd/hard/libgcc.a(_aeabi_uldivmod.o)
 .bss           0x00000000        0x0 /usr/lib/gcc/arm-none-eabi/12.2.1/thumb/v7ve+simd/hard/libgcc.a(_aeabi_uldivmod.o)
 .data          0x00000000        0x0 /usr/lib/gcc/arm-none-eabi/12.2.1/thumb/v7ve+simd/hard/libgcc.a(_udivmoddi4.o)
 .bss           0x00000000        0x0 /usr/lib/gcc/arm-none-eabi/12.2.1/thumb/v7ve+simd/hard/libgcc.a(_udivmoddi4.o)
 .ARM.extab     0x00000000        0x0 /usr/lib/gcc/arm-none-eabi/12.2.1/thumb/v7ve+simd/hard/libgcc.a(_udivmoddi4.o)
 .data          0x00000000        0x0 /usr/lib/gcc/arm-none-eabi/12.2.1/thumb/v7ve+simd/hard/libgcc.a(unwind-arm.o)
 .bss           0x00000000        0x0 /usr/lib/gcc/arm-none-eabi/12.2.1/thumb/v7ve+simd/hard/libgcc.a(unwind-arm.o)
 .ARM.extab     0x00000000        0x0 /usr/lib/gcc/arm-none-eabi/12.2.1/thumb/v7ve+simd/hard/libgcc.a(unwind-arm.o)
 .data          0x00000000        0x0 /usr/lib/gcc/arm-none-eabi/12.2.1/thumb/v7ve+simd/hard/libgcc.a(libunwind.o)
 .bss           0x00000000        0x0 /usr/lib/gcc/arm-none-eabi/12.2.1/thumb/v7ve+simd/hard/libgcc.a(libunwind.o)
 .data          0x00000000        0x0 /usr/lib/gcc/arm-none-eabi/12.2.1/thumb/v7ve+simd/hard/libgcc.a(pr-support.o)
 .bss           0x00000000        0x0 /usr/lib/gcc/arm-none-eabi/12.2.1/thumb/v7ve+simd/hard/libgcc.a(pr-support.o)
 .text.unlikely
                0x00000000        0xc /usr/lib/gcc/arm-none-eabi/12.2.1/thumb/v7ve+simd/hard/libgcc.a(pr-support.o)
 .ARM.extab.text.unlikely
                0x00000000        0x0 /usr/lib/gcc/arm-none-eabi/12.2.1/thumb/v7ve+simd/hard/libgcc.a(pr-support.o)
 .ARM.exidx.text.unlikely
                0x00000000       0x10 /usr/lib/gcc/arm-none-eabi/12.2.1/thumb/v7ve+simd/hard/libgcc.a(pr-support.o)
 .data          0x00000000        0x0 /usr/lib/gcc/arm-none-eabi/12.2.1/thumb/v7ve+simd/hard/libgcc.a(_dvmd_tls.o)
 .bss           0x00000000        0x0 /usr/lib/gcc/arm-none-eabi/12.2.1/thumb/v7ve+simd/hard/libgcc.a(_dvmd_tls.o)

Memory Configuration

Name             Origin             Length             Attributes
ram              0x00038000         0x00018000         xrw
*default*        0x00000000         0xffffffff

Linker script and memory map

LOAD build-all/arch/arm32/mach-t113s3/start.o
LOAD build-all/arch/arm32/mach-t113s3/memcpy.o
LOAD build-all/main.o
LOAD build-all/board.o
LOAD build-all/lib/debug.o
LOAD build-all/lib/xformat.o
LOAD build-all/lib/fdt.o
LOAD build-all/lib/string.o
LOAD build-all/arch/arm32/mach-t113s3/dram.o
LOAD build-all/arch/arm32/mach-t113s3/sunxi_usart.o
LOAD build-all/arch/arm32/mach-t113s3/arch_timer.o
LOAD build-all/arch/arm32/mach-t113s3/sunxi_spi.o
LOAD build-all/arch/arm32/mach-t113s3/sunxi_dma.o
LOAD build-all/arch/arm32/mach-t113s3/sunxi_gpio.o
LOAD build-all/arch/arm32/mach-t113s3/sdmmc.o
LOAD build-all/arch/arm32/mach-t113s3/sunxi_sdhci.o
LOAD build-all/arch/arm32/mach-t113s3/sunxi_clk.o
LOAD build-all/arch/arm32/mach-t113s3/exception.o
LOAD build-all/lib/fatfs/ff.o
LOAD build-all/lib/fatfs/diskio.o
LOAD build-all/lib/fatfs/ffsystem.o
LOAD build-all/lib/fatfs/ffunicode.o
LOAD /usr/lib/gcc/arm-none-eabi/12.2.1/thumb/v7ve+simd/hard/libgcc.a
                0x00001000                        STACK_SIZE = 0x1000

.text           0x00038000     0x728c
                0x00038000                        . = ALIGN (0x4)
                0x00038000                        PROVIDE (__spl_start = .)
 *(.text .text.*)
 .text          0x00038000      0x70c build-all/arch/arm32/mach-t113s3/start.o
                0x00038000                reset
 *fill*         0x0003870c        0x4 
 .text          0x00038710       0xe4 build-all/arch/arm32/mach-t113s3/memcpy.o
                0x00038710                memcpy
 .text.fatfs_loadimage
                0x000387f4       0xb8 build-all/main.o
 .text.load_sdcard.constprop.0
                0x000388ac       0xf0 build-all/main.o
 .text.load_spi_nand
                0x0003899c      0x124 build-all/main.o
                0x0003899c                load_spi_nand
 .text.startup.main
                0x00038ac0      0x254 build-all/main.o
                0x00038ac0                main
 .text.putint   0x00038d14       0x54 build-all/lib/debug.o
                0x00038d14                putint
 .text.send_string_via_usart
                0x00038d68       0x28 build-all/lib/debug.o
                0x00038d68                send_string_via_usart
 .text.message  0x00038d90       0x12 build-all/lib/debug.o
                0x00038d90                message
 .text.swap_uint32
                0x00038da2       0x2c build-all/lib/fdt.o
 .text.of_get_magic_number
                0x00038dce        0x6 build-all/lib/fdt.o
                0x00038dce                of_get_magic_number
 .text.of_get_dt_total_size
                0x00038dd4        0x6 build-all/lib/fdt.o
                0x00038dd4                of_get_dt_total_size
 .text.memset   0x00038dda       0x10 build-all/lib/string.o
                0x00038dda                memset
 .text.memcmp   0x00038dea       0x1c build-all/lib/string.o
                0x00038dea                memcmp
 .text.strcpy   0x00038e06       0x10 build-all/lib/string.o
                0x00038e06                strcpy
 .text.strchr   0x00038e16       0x18 build-all/lib/string.o
                0x00038e16                strchr
 .text.calculate_rank_size
                0x00038e2e       0x1a build-all/arch/arm32/mach-t113s3/dram.o
 .text.ns_to_t.isra.0
                0x00038e48       0x12 build-all/arch/arm32/mach-t113s3/dram.o
 *fill*         0x00038e5a        0x2 
 .text.mctl_core_init
                0x00038e5c      0xe34 build-all/arch/arm32/mach-t113s3/dram.o
 .text.init_DRAM
                0x00039c90      0x688 build-all/arch/arm32/mach-t113s3/dram.o
                0x00039c90                init_DRAM
 .text.sunxi_dram_init
                0x0003a318       0x24 build-all/arch/arm32/mach-t113s3/dram.o
                0x0003a318                sunxi_dram_init
 .text.sunxi_usart_putc
                0x0003a33c       0x20 build-all/arch/arm32/mach-t113s3/sunxi_usart.o
                0x0003a33c                sunxi_usart_putc
 .text.time_ms  0x0003a35c       0x12 build-all/arch/arm32/mach-t113s3/arch_timer.o
                0x0003a35c                time_ms
 .text.time_us  0x0003a36e       0x10 build-all/arch/arm32/mach-t113s3/arch_timer.o
                0x0003a36e                time_us
 .text.udelay   0x0003a37e       0x20 build-all/arch/arm32/mach-t113s3/arch_timer.o
                0x0003a37e                udelay
 .text.mdelay   0x0003a39e       0x22 build-all/arch/arm32/mach-t113s3/arch_timer.o
                0x0003a39e                mdelay
 .text.sdelay   0x0003a3c0        0x6 build-all/arch/arm32/mach-t113s3/arch_timer.o
                0x0003a3c0                sdelay
 *fill*         0x0003a3c6        0x2 
 .text.spi_transfer
                0x0003a3c8      0x144 build-all/arch/arm32/mach-t113s3/sunxi_spi.o
 .text.spi_nand_get_config
                0x0003a50c       0x24 build-all/arch/arm32/mach-t113s3/sunxi_spi.o
 .text.spi_nand_wait_while_busy
                0x0003a530       0x36 build-all/arch/arm32/mach-t113s3/sunxi_spi.o
 .text.spi_nand_load_page.isra.0
                0x0003a566       0x36 build-all/arch/arm32/mach-t113s3/sunxi_spi.o
 .text.spi_nand_set_config.isra.0
                0x0003a59c       0x24 build-all/arch/arm32/mach-t113s3/sunxi_spi.o
 .text.sunxi_spi_init
                0x0003a5c0      0x228 build-all/arch/arm32/mach-t113s3/sunxi_spi.o
                0x0003a5c0                sunxi_spi_init
 .text.sunxi_spi_disable
                0x0003a7e8       0x30 build-all/arch/arm32/mach-t113s3/sunxi_spi.o
                0x0003a7e8                sunxi_spi_disable
 .text.spi_nand_detect
                0x0003a818      0x180 build-all/arch/arm32/mach-t113s3/sunxi_spi.o
                0x0003a818                spi_nand_detect
 .text.spi_nand_read
                0x0003a998       0xf8 build-all/arch/arm32/mach-t113s3/sunxi_spi.o
                0x0003a998                spi_nand_read
 .text.dma_init
                0x0003aa90       0xac build-all/arch/arm32/mach-t113s3/sunxi_dma.o
                0x0003aa90                dma_init
 .text.dma_exit
                0x0003ab3c       0x4c build-all/arch/arm32/mach-t113s3/sunxi_dma.o
                0x0003ab3c                dma_exit
 .text.dma_request
                0x0003ab88       0x34 build-all/arch/arm32/mach-t113s3/sunxi_dma.o
                0x0003ab88                dma_request
 .text.dma_release
                0x0003abbc       0x12 build-all/arch/arm32/mach-t113s3/sunxi_dma.o
                0x0003abbc                dma_release
 *fill*         0x0003abce        0x2 
 .text.dma_setting
                0x0003abd0       0x34 build-all/arch/arm32/mach-t113s3/sunxi_dma.o
                0x0003abd0                dma_setting
 .text.dma_start
                0x0003ac04       0x20 build-all/arch/arm32/mach-t113s3/sunxi_dma.o
                0x0003ac04                dma_start
 .text.dma_stop
                0x0003ac24       0x12 build-all/arch/arm32/mach-t113s3/sunxi_dma.o
                0x0003ac24                dma_stop
 *fill*         0x0003ac36        0x2 
 .text.dma_querystatus
                0x0003ac38       0x20 build-all/arch/arm32/mach-t113s3/sunxi_dma.o
                0x0003ac38                dma_querystatus
 .text.dma_test
                0x0003ac58      0x15c build-all/arch/arm32/mach-t113s3/sunxi_dma.o
                0x0003ac58                dma_test
 .text.sunxi_gpio_init
                0x0003adb4       0x3a build-all/arch/arm32/mach-t113s3/sunxi_gpio.o
                0x0003adb4                sunxi_gpio_init
 .text.sunxi_gpio_set_value
                0x0003adee       0x32 build-all/arch/arm32/mach-t113s3/sunxi_gpio.o
                0x0003adee                sunxi_gpio_set_value
 .text.sunxi_gpio_set_pull
                0x0003ae20       0x3e build-all/arch/arm32/mach-t113s3/sunxi_gpio.o
                0x0003ae20                sunxi_gpio_set_pull
 *fill*         0x0003ae5e        0x2 
 .text.go_idle_state
                0x0003ae60       0x30 build-all/arch/arm32/mach-t113s3/sdmmc.o
 .text.sdmmc_status.isra.0
                0x0003ae90       0x60 build-all/arch/arm32/mach-t113s3/sdmmc.o
 .text.sdmmc_blk_read
                0x0003aef0       0xfc build-all/arch/arm32/mach-t113s3/sdmmc.o
                0x0003aef0                sdmmc_blk_read
 *fill*         0x0003afec        0x4 
 .text.sdmmc_init
                0x0003aff0      0x7a8 build-all/arch/arm32/mach-t113s3/sdmmc.o
                0x0003aff0                sdmmc_init
 .text.wait_done
                0x0003b798       0x90 build-all/arch/arm32/mach-t113s3/sunxi_sdhci.o
 .text.update_card_clock
                0x0003b828       0x34 build-all/arch/arm32/mach-t113s3/sunxi_sdhci.o
 .text.sdhci_transfer
                0x0003b85c      0x4c0 build-all/arch/arm32/mach-t113s3/sunxi_sdhci.o
                0x0003b85c                sdhci_transfer
 .text.sdhci_reset
                0x0003bd1c        0xa build-all/arch/arm32/mach-t113s3/sunxi_sdhci.o
                0x0003bd1c                sdhci_reset
 *fill*         0x0003bd26        0x2 
 .text.sdhci_set_width
                0x0003bd28       0x5c build-all/arch/arm32/mach-t113s3/sunxi_sdhci.o
                0x0003bd28                sdhci_set_width
 .text.sdhci_set_clock
                0x0003bd84      0x20c build-all/arch/arm32/mach-t113s3/sunxi_sdhci.o
                0x0003bd84                sdhci_set_clock
 .text.sunxi_sdhci_init
                0x0003bf90       0xc8 build-all/arch/arm32/mach-t113s3/sunxi_sdhci.o
                0x0003bf90                sunxi_sdhci_init
 .text.set_module
                0x0003c058       0x30 build-all/arch/arm32/mach-t113s3/sunxi_clk.o
 .text.set_pll_cpux_axi
                0x0003c088       0x94 build-all/arch/arm32/mach-t113s3/sunxi_clk.o
                0x0003c088                set_pll_cpux_axi
 .text.sunxi_clk_init
                0x0003c11c       0xd8 build-all/arch/arm32/mach-t113s3/sunxi_clk.o
                0x0003c11c                sunxi_clk_init
 .text.sunxi_clk_get_peri1x_rate
                0x0003c1f4       0x3c build-all/arch/arm32/mach-t113s3/sunxi_clk.o
                0x0003c1f4                sunxi_clk_get_peri1x_rate
 .text.show_regs
                0x0003c230       0x4c build-all/arch/arm32/mach-t113s3/exception.o
 .text.arm32_do_undefined_instruction
                0x0003c27c       0x20 build-all/arch/arm32/mach-t113s3/exception.o
                0x0003c27c                arm32_do_undefined_instruction
 .text.arm32_do_software_interrupt
                0x0003c29c       0x20 build-all/arch/arm32/mach-t113s3/exception.o
                0x0003c29c                arm32_do_software_interrupt
 .text.arm32_do_prefetch_abort
                0x0003c2bc       0x20 build-all/arch/arm32/mach-t113s3/exception.o
                0x0003c2bc                arm32_do_prefetch_abort
 .text.arm32_do_data_abort
                0x0003c2dc       0x20 build-all/arch/arm32/mach-t113s3/exception.o
                0x0003c2dc                arm32_do_data_abort
 .text.arm32_do_irq
                0x0003c2fc       0x20 build-all/arch/arm32/mach-t113s3/exception.o
                0x0003c2fc                arm32_do_irq
 .text.arm32_do_fiq
                0x0003c31c       0x2c build-all/arch/arm32/mach-t113s3/exception.o
                0x0003c31c                arm32_do_fiq
 .text.ld_dword
                0x0003c348       0x16 build-all/lib/fatfs/ff.o
 .text.ld_qword
                0x0003c35e       0x2c build-all/lib/fatfs/ff.o
 .text.get_ldnumber
                0x0003c38a       0x2a build-all/lib/fatfs/ff.o
 .text.validate
                0x0003c3b4       0x34 build-all/lib/fatfs/ff.o
 .text.move_window
                0x0003c3e8       0x38 build-all/lib/fatfs/ff.o
 .text.check_fs
                0x0003c420      0x120 build-all/lib/fatfs/ff.o
 .text.get_fat  0x0003c540      0x158 build-all/lib/fatfs/ff.o
 .text.init_alloc_info.isra.0
                0x0003c698       0x2a build-all/lib/fatfs/ff.o
 .text.dir_sdi.constprop.0
                0x0003c6c2       0x84 build-all/lib/fatfs/ff.o
 .text.dir_next.constprop.0
                0x0003c746       0xa6 build-all/lib/fatfs/ff.o
 .text.mount_volume.constprop.0
                0x0003c7ec      0x4d0 build-all/lib/fatfs/ff.o
 .text.f_mount  0x0003ccbc       0x4c build-all/lib/fatfs/ff.o
                0x0003ccbc                f_mount
 .text.f_open   0x0003cd08      0x8a8 build-all/lib/fatfs/ff.o
                0x0003cd08                f_open
 .text.f_read   0x0003d5b0      0x190 build-all/lib/fatfs/ff.o
                0x0003d5b0                f_read
 .text.f_close  0x0003d740       0x12 build-all/lib/fatfs/ff.o
                0x0003d740                f_close
 *fill*         0x0003d752        0x2 
 .text.disk_status
                0x0003d754       0x10 build-all/lib/fatfs/diskio.o
                0x0003d754                disk_status
 .text.disk_initialize
                0x0003d764       0x18 build-all/lib/fatfs/diskio.o
                0x0003d764                disk_initialize
 .text.disk_read
                0x0003d77c      0x170 build-all/lib/fatfs/diskio.o
                0x0003d77c                disk_read
 .text.ff_uni2oem
                0x0003d8ec       0x3c build-all/lib/fatfs/ffunicode.o
                0x0003d8ec                ff_uni2oem
 .text.ff_wtoupper
                0x0003d928       0x90 build-all/lib/fatfs/ffunicode.o
                0x0003d928                ff_wtoupper
 .text          0x0003d9b8      0x378 /usr/lib/gcc/arm-none-eabi/12.2.1/thumb/v7ve+simd/hard/libgcc.a(_arm_addsubdf3.o)
                0x0003d9b8                __aeabi_drsub
                0x0003d9c0                __aeabi_dsub
                0x0003d9c0                __subdf3
                0x0003d9c4                __adddf3
                0x0003d9c4                __aeabi_dadd
                0x0003dc3c                __aeabi_ui2d
                0x0003dc3c                __floatunsidf
                0x0003dc5c                __floatsidf
                0x0003dc5c                __aeabi_i2d
                0x0003dc80                __extendsfdf2
                0x0003dc80                __aeabi_f2d
                0x0003dcc4                __aeabi_ul2d
                0x0003dcc4                __floatundidf
                0x0003dcd4                __floatdidf
                0x0003dcd4                __aeabi_l2d
 .text          0x0003dd30      0x21c /usr/lib/gcc/arm-none-eabi/12.2.1/thumb/v7ve+simd/hard/libgcc.a(_arm_addsubsf3.o)
                0x0003dd30                __aeabi_frsub
                0x0003dd38                __subsf3
                0x0003dd38                __aeabi_fsub
                0x0003dd3c                __aeabi_fadd
                0x0003dd3c                __addsf3
                0x0003de9c                __aeabi_ui2f
                0x0003de9c                __floatunsisf
                0x0003dea4                __aeabi_i2f
                0x0003dea4                __floatsisf
                0x0003dec0                __floatundisf
                0x0003dec0                __aeabi_ul2f
                0x0003ded0                __floatdisf
                0x0003ded0                __aeabi_l2f
 .text          0x0003df4c       0x30 /usr/lib/gcc/arm-none-eabi/12.2.1/thumb/v7ve+simd/hard/libgcc.a(_aeabi_uldivmod.o)
                0x0003df4c                __aeabi_uldivmod
 .text          0x0003df7c      0x380 /usr/lib/gcc/arm-none-eabi/12.2.1/thumb/v7ve+simd/hard/libgcc.a(_udivmoddi4.o)
                0x0003df7c                __udivmoddi4
 .text          0x0003e2fc      0xa68 /usr/lib/gcc/arm-none-eabi/12.2.1/thumb/v7ve+simd/hard/libgcc.a(unwind-arm.o)
                0x0003e5b4                _Unwind_GetCFA
                0x0003e5b8                __gnu_Unwind_RaiseException
                0x0003e620                __gnu_Unwind_ForcedUnwind
                0x0003e634                __gnu_Unwind_Resume
                0x0003e674                __gnu_Unwind_Resume_or_Rethrow
                0x0003e688                _Unwind_Complete
                0x0003e68c                _Unwind_DeleteException
                0x0003e698                _Unwind_VRS_Get
                0x0003e6e8                _Unwind_VRS_Set
                0x0003e738                __gnu_Unwind_Backtrace
                0x0003ea84                __aeabi_unwind_cpp_pr0
                0x0003ea88                __aeabi_unwind_cpp_pr1
                0x0003ea8c                __aeabi_unwind_cpp_pr2
                0x0003ea90                _Unwind_VRS_Pop
 .text          0x0003ed64      0x1ac /usr/lib/gcc/arm-none-eabi/12.2.1/thumb/v7ve+simd/hard/libgcc.a(libunwind.o)
                0x0003ed64                __restore_core_regs
                0x0003ed64                restore_core_regs
                0x0003ed7c                __gnu_Unwind_Restore_VFP
                0x0003ed84                __gnu_Unwind_Save_VFP
                0x0003ed8c                __gnu_Unwind_Restore_VFP_D
                0x0003ed94                __gnu_Unwind_Save_VFP_D
                0x0003ed9c                __gnu_Unwind_Restore_VFP_D_16_to_31
                0x0003eda4                __gnu_Unwind_Save_VFP_D_16_to_31
                0x0003edac                __gnu_Unwind_Restore_WMMXD
                0x0003edf0                __gnu_Unwind_Save_WMMXD
                0x0003ee34                __gnu_Unwind_Restore_WMMXC
                0x0003ee48                __gnu_Unwind_Save_WMMXC
                0x0003ee5c                ___Unwind_RaiseException
                0x0003ee5c                _Unwind_RaiseException
                0x0003ee80                ___Unwind_Resume
                0x0003ee80                _Unwind_Resume
                0x0003eea4                _Unwind_Resume_or_Rethrow
                0x0003eea4                ___Unwind_Resume_or_Rethrow
                0x0003eec8                ___Unwind_ForcedUnwind
                0x0003eec8                _Unwind_ForcedUnwind
                0x0003eeec                _Unwind_Backtrace
                0x0003eeec                ___Unwind_Backtrace
 .text          0x0003ef10      0x378 /usr/lib/gcc/arm-none-eabi/12.2.1/thumb/v7ve+simd/hard/libgcc.a(pr-support.o)
                0x0003ef64                __gnu_unwind_execute
                0x0003f238                __gnu_unwind_frame
                0x0003f268                _Unwind_GetRegionStart
                0x0003f274                _Unwind_GetLanguageSpecificData
 .text          0x0003f288        0x4 /usr/lib/gcc/arm-none-eabi/12.2.1/thumb/v7ve+simd/hard/libgcc.a(_dvmd_tls.o)
                0x0003f288                __aeabi_ldiv0
                0x0003f288                __aeabi_idiv0
                0x0003f28c                        . = ALIGN (0x4)

.rodata.fatfs_loadimage.str1.1
                0x0003f28c       0x6f
 .rodata.fatfs_loadimage.str1.1
                0x0003f28c       0x6f build-all/main.o

.rodata.load_sdcard.constprop.0.str1.1
                0x0003f2fb       0xd1
 .rodata.load_sdcard.constprop.0.str1.1
                0x0003f2fb       0xd1 build-all/main.o
                                 0xd2 (size before relaxing)

.rodata.load_spi_nand.str1.1
                0x0003f3cc      0x139
 .rodata.load_spi_nand.str1.1
                0x0003f3cc      0x139 build-all/main.o

.rodata.main.str1.1
                0x0003f505      0x1b7
 .rodata.main.str1.1
                0x0003f505      0x1b7 build-all/main.o

.rodata.str1.1  0x0003f6bc      0x1cf
 .rodata.str1.1
                0x0003f6bc        0x7 build-all/board.o
 .rodata.str1.1
                0x0003f6c3      0x1c8 build-all/arch/arm32/mach-t113s3/sunxi_spi.o

.rodata.mctl_core_init.str1.1
                0x0003f88b       0x6e
 .rodata.mctl_core_init.str1.1
                0x0003f88b       0x6e build-all/arch/arm32/mach-t113s3/dram.o

.rodata.init_DRAM.str1.1
                0x0003f8f9      0x39b
 .rodata.init_DRAM.str1.1
                0x0003f8f9      0x39b build-all/arch/arm32/mach-t113s3/dram.o

.rodata.ac_remapping_tables
                0x0003fc94       0xdc
 .rodata.ac_remapping_tables
                0x0003fc94       0xdc build-all/arch/arm32/mach-t113s3/dram.o

.rodata         0x0003fd70       0x6c
 .rodata        0x0003fd70       0x60 build-all/arch/arm32/mach-t113s3/dram.o
 .rodata        0x0003fdd0        0xc build-all/lib/fatfs/ff.o

.rodata.spi_transfer.str1.1
                0x0003fddc       0x5a
 .rodata.spi_transfer.str1.1
                0x0003fddc       0x5a build-all/arch/arm32/mach-t113s3/sunxi_spi.o

.rodata.sunxi_spi_init.str1.1
                0x0003fe36       0xc2
 .rodata.sunxi_spi_init.str1.1
                0x0003fe36       0xc2 build-all/arch/arm32/mach-t113s3/sunxi_spi.o

.rodata.spi_nand_detect.str1.1
                0x0003fef8       0x96
 .rodata.spi_nand_detect.str1.1
                0x0003fef8       0x96 build-all/arch/arm32/mach-t113s3/sunxi_spi.o

.rodata.spi_nand_read.str1.1
                0x0003ff8e       0x49
 .rodata.spi_nand_read.str1.1
                0x0003ff8e       0x49 build-all/arch/arm32/mach-t113s3/sunxi_spi.o

.rodata.CSWTCH.56
                0x0003ffd7        0x4
 .rodata.CSWTCH.56
                0x0003ffd7        0x4 build-all/arch/arm32/mach-t113s3/sunxi_spi.o

.rodata.CSWTCH.55
                0x0003ffdb        0x4
 .rodata.CSWTCH.55
                0x0003ffdb        0x4 build-all/arch/arm32/mach-t113s3/sunxi_spi.o

.rodata.spi_nand_infos
                0x0003ffe0      0x4c8
 .rodata.spi_nand_infos
                0x0003ffe0      0x4c8 build-all/arch/arm32/mach-t113s3/sunxi_spi.o

.rodata.dma_init.str1.1
                0x000404a8       0x10
 .rodata.dma_init.str1.1
                0x000404a8       0x10 build-all/arch/arm32/mach-t113s3/sunxi_dma.o

.rodata.dma_request.str1.1
                0x000404b8       0x1e
 .rodata.dma_request.str1.1
                0x000404b8       0x1e build-all/arch/arm32/mach-t113s3/sunxi_dma.o

.rodata.dma_test.str1.1
                0x000404d6       0xae
 .rodata.dma_test.str1.1
                0x000404d6       0xae build-all/arch/arm32/mach-t113s3/sunxi_dma.o

.rodata.sdmmc_status.isra.0.str1.1
                0x00040584       0x19
 .rodata.sdmmc_status.isra.0.str1.1
                0x00040584       0x19 build-all/arch/arm32/mach-t113s3/sdmmc.o

.rodata.sdmmc_blk_read.str1.1
                0x0004059d       0x39
 .rodata.sdmmc_blk_read.str1.1
                0x0004059d       0x39 build-all/arch/arm32/mach-t113s3/sdmmc.o

.rodata.sdmmc_init.str1.1
                0x000405d6      0x100
 .rodata.sdmmc_init.str1.1
                0x000405d6      0x100 build-all/arch/arm32/mach-t113s3/sdmmc.o

.rodata.tran_speed_time
                0x000406d6       0x10
 .rodata.tran_speed_time
                0x000406d6       0x10 build-all/arch/arm32/mach-t113s3/sdmmc.o

.rodata.tran_speed_unit
                0x000406e8       0x10
 .rodata.tran_speed_unit
                0x000406e8       0x10 build-all/arch/arm32/mach-t113s3/sdmmc.o

.rodata.wait_done.str1.1
                0x000406f8       0x76
 .rodata.wait_done.str1.1
                0x000406f8       0x76 build-all/arch/arm32/mach-t113s3/sunxi_sdhci.o

.rodata.sdhci_transfer.str1.1
                0x0004076e      0x1e3
 .rodata.sdhci_transfer.str1.1
                0x0004076e      0x1e3 build-all/arch/arm32/mach-t113s3/sunxi_sdhci.o

.rodata.sdhci_set_width.str1.1
                0x00040951       0x56
 .rodata.sdhci_set_width.str1.1
                0x00040951       0x56 build-all/arch/arm32/mach-t113s3/sunxi_sdhci.o

.rodata.sdhci_set_clock.str1.1
                0x000409a7       0xc8
 .rodata.sdhci_set_clock.str1.1
                0x000409a7       0xc8 build-all/arch/arm32/mach-t113s3/sunxi_sdhci.o

.rodata.ccu     0x00040a70        0x4
 .rodata.ccu    0x00040a70        0x4 build-all/arch/arm32/mach-t113s3/sunxi_clk.o
                0x00040a70                ccu

.rodata.show_regs.str1.1
                0x00040a74       0x67
 .rodata.show_regs.str1.1
                0x00040a74       0x67 build-all/arch/arm32/mach-t113s3/exception.o

.rodata.arm32_do_undefined_instruction.str1.1
                0x00040adb       0x2b
 .rodata.arm32_do_undefined_instruction.str1.1
                0x00040adb       0x2b build-all/arch/arm32/mach-t113s3/exception.o

.rodata.arm32_do_software_interrupt.str1.1
                0x00040b06       0x28
 .rodata.arm32_do_software_interrupt.str1.1
                0x00040b06       0x28 build-all/arch/arm32/mach-t113s3/exception.o

.rodata.arm32_do_prefetch_abort.str1.1
                0x00040b2e       0x24
 .rodata.arm32_do_prefetch_abort.str1.1
                0x00040b2e       0x24 build-all/arch/arm32/mach-t113s3/exception.o

.rodata.arm32_do_data_abort.str1.1
                0x00040b52       0x20
 .rodata.arm32_do_data_abort.str1.1
                0x00040b52       0x20 build-all/arch/arm32/mach-t113s3/exception.o

.rodata.arm32_do_irq.str1.1
                0x00040b72       0x23
 .rodata.arm32_do_irq.str1.1
                0x00040b72       0x23 build-all/arch/arm32/mach-t113s3/exception.o

.rodata.arm32_do_fiq.str1.1
                0x00040b95       0x23
 .rodata.arm32_do_fiq.str1.1
                0x00040b95       0x23 build-all/arch/arm32/mach-t113s3/exception.o

.rodata.check_fs.str1.1
                0x00040bb8       0x15
 .rodata.check_fs.str1.1
                0x00040bb8       0x15 build-all/lib/fatfs/ff.o

.rodata.f_open.str1.1
                0x00040bcd       0x10
 .rodata.f_open.str1.1
                0x00040bcd       0x10 build-all/lib/fatfs/ff.o

.rodata.ExCvt   0x00040bdd       0x80
 .rodata.ExCvt  0x00040bdd       0x80 build-all/lib/fatfs/ff.o

.rodata.LfnOfs  0x00040c5d        0xd
 .rodata.LfnOfs
                0x00040c5d        0xd build-all/lib/fatfs/ff.o

.rodata.GUID_MS_Basic
                0x00040c6a       0x10
 .rodata.GUID_MS_Basic
                0x00040c6a       0x10 build-all/lib/fatfs/ff.o

.rodata.disk_read.str1.1
                0x00040c7a       0xee
 .rodata.disk_read.str1.1
                0x00040c7a       0xee build-all/lib/fatfs/diskio.o

.rodata.cvt2.0  0x00040d68       0xbc
 .rodata.cvt2.0
                0x00040d68       0xbc build-all/lib/fatfs/ffunicode.o

.rodata.cvt1.1  0x00040e24      0x1f2
 .rodata.cvt1.1
                0x00040e24      0x1f2 build-all/lib/fatfs/ffunicode.o

.rodata.uc437   0x00041016      0x100
 .rodata.uc437  0x00041016      0x100 build-all/lib/fatfs/ffunicode.o

.ARM.extab      0x00041118       0x18
 .ARM.extab     0x00041118       0x18 /usr/lib/gcc/arm-none-eabi/12.2.1/thumb/v7ve+simd/hard/libgcc.a(pr-support.o)

.glue_7         0x00041130        0x0
 .glue_7        0x00041130        0x0 linker stubs

.glue_7t        0x00041130        0x0
 .glue_7t       0x00041130        0x0 linker stubs

.vfp11_veneer   0x00041130        0x0
 .vfp11_veneer  0x00041130        0x0 linker stubs

.v4_bx          0x00041130        0x0
 .v4_bx         0x00041130        0x0 linker stubs

.iplt           0x00041130        0x0
 .iplt          0x00041130        0x0 build-all/arch/arm32/mach-t113s3/start.o

.igot.plt       0x00041130        0x0
 .igot.plt      0x00041130        0x0 build-all/arch/arm32/mach-t113s3/start.o

.data.str1      0x00041130        0xa
 .data.str1     0x00041130        0xa build-all/main.o
                0x00041130                str1

.data.sdhci0    0x00041140      0x260
 .data.sdhci0   0x00041140      0x260 build-all/board.o
                0x00041140                sdhci0

.data.sunxi_spi0
                0x000413a0       0x60
 .data.sunxi_spi0
                0x000413a0       0x60 build-all/board.o
                0x000413a0                sunxi_spi0

.data.usart5_dbg
                0x00041400       0x18
 .data.usart5_dbg
                0x00041400       0x18 build-all/board.o
                0x00041400                usart5_dbg

.data.dma_init_ok
                0x00041418        0x4
 .data.dma_init_ok
                0x00041418        0x4 build-all/arch/arm32/mach-t113s3/sunxi_dma.o

.data.cache_pdrv
                0x0004141c        0x1
 .data.cache_pdrv
                0x0004141c        0x1 build-all/lib/fatfs/diskio.o

.data.Stat      0x0004141d        0x1
 .data.Stat     0x0004141d        0x1 build-all/lib/fatfs/diskio.o
                0x00041420                        . = ALIGN (0x4)

.ARM.exidx      0x00041420       0xc0
                0x00041420                        __exidx_start = .
 *(.ARM.exidx* .gnu.linkonce.armexidx.*)
 .ARM.exidx     0x00041420       0x10 build-all/arch/arm32/mach-t113s3/memcpy.o
                                  0x8 (size before relaxing)
 .ARM.exidx     0x00041430        0x0 /usr/lib/gcc/arm-none-eabi/12.2.1/thumb/v7ve+simd/hard/libgcc.a(_udivmoddi4.o)
                                  0x8 (size before relaxing)
 .ARM.exidx     0x00041430       0x78 /usr/lib/gcc/arm-none-eabi/12.2.1/thumb/v7ve+simd/hard/libgcc.a(unwind-arm.o)
                                 0xd8 (size before relaxing)
 .ARM.exidx     0x000414a8       0x38 /usr/lib/gcc/arm-none-eabi/12.2.1/thumb/v7ve+simd/hard/libgcc.a(pr-support.o)
                0x000414e0                        __exidx_end = .
                0x000414e0                        PROVIDE (__spl_end = .)
                0x000094e0                        PROVIDE (__spl_size = (__spl_end - __spl_start))

.rel.dyn        0x000414e0        0x0
 .rel.iplt      0x000414e0        0x0 build-all/arch/arm32/mach-t113s3/start.o

.bss            0x00041500      0xe38
                0x00041500                        . = ALIGN (0x4)
                0x00041500                        _sbss = .
 *(.bss .bss.*)
 .bss.str2      0x00041500        0xf build-all/main.o
                0x00041500                str2
 *fill*         0x0004150f        0x1 
 .bss.image     0x00041510       0x94 build-all/main.o
                0x00041510                image
 .bss.spi_rx_dma_hd
                0x000415a4        0x4 build-all/arch/arm32/mach-t113s3/sunxi_spi.o
 .bss.spi_rx_dma
                0x000415a8       0x10 build-all/arch/arm32/mach-t113s3/sunxi_spi.o
 .bss.spip      0x000415b8        0x4 build-all/arch/arm32/mach-t113s3/sunxi_spi.o
                0x000415b8                spip
 *fill*         0x000415bc        0x4 
 .bss.dma_channel_desc
                0x000415c0      0x200 build-all/arch/arm32/mach-t113s3/sunxi_dma.o
 .bss.dma_channel_source
                0x000417c0      0x1c0 build-all/arch/arm32/mach-t113s3/sunxi_dma.o
 .bss.card0     0x00041980      0x450 build-all/arch/arm32/mach-t113s3/sdmmc.o
                0x00041980                card0
 .bss.LfnBuf    0x00041dd0      0x200 build-all/lib/fatfs/ff.o
 .bss.DirBuf    0x00041fd0      0x260 build-all/lib/fatfs/ff.o
 .bss.Fsid      0x00042230        0x2 build-all/lib/fatfs/ff.o
 *fill*         0x00042232        0x2 
 .bss.FatFs     0x00042234        0x4 build-all/lib/fatfs/ff.o
 .bss.cache_bitmap
                0x00042238      0x100 build-all/lib/fatfs/diskio.o
 *(COMMON)
                0x00042338                        . = ALIGN (0x4)
                0x00042338                        _ebss = .

.stack          0x00042338     0x1000
                0x00042338                        . = ALIGN (0x8)
                0x00042338                        __stack_srv_start = .
                0x00043338                        . = (. + STACK_SIZE)
 *fill*         0x00042338     0x1000 
                0x00043338                        __stack_srv_end = .
                0x00043338                        . = ALIGN (0x4)
                0x00043338                        _end = .
OUTPUT(build-all/awboot-fel.elf elf32-littlearm)
LOAD linker stubs

.ARM.attributes
                0x00000000       0x37
 .ARM.attributes
                0x00000000       0x27 build-all/arch/arm32/mach-t113s3/start.o
 .ARM.attributes
                0x00000027       0x27 build-all/arch/arm32/mach-t113s3/memcpy.o
 .ARM.attributes
                0x0000004e       0x35 build-all/main.o
 .ARM.attributes
                0x00000083       0x35 build-all/board.o
 .ARM.attributes
                0x000000b8       0x35 build-all/lib/debug.o
 .ARM.attributes
                0x000000ed       0x35 build-all/lib/fdt.o
 .ARM.attributes
                0x00000122       0x35 build-all/lib/string.o
 .ARM.attributes
                0x00000157       0x35 build-all/arch/arm32/mach-t113s3/dram.o
 .ARM.attributes
                0x0000018c       0x35 build-all/arch/arm32/mach-t113s3/sunxi_usart.o
 .ARM.attributes
                0x000001c1       0x35 build-all/arch/arm32/mach-t113s3/arch_timer.o
 .ARM.attributes
                0x000001f6       0x35 build-all/arch/arm32/mach-t113s3/sunxi_spi.o
 .ARM.attributes
                0x0000022b       0x35 build-all/arch/arm32/mach-t113s3/sunxi_dma.o
 .ARM.attributes
                0x00000260       0x35 build-all/arch/arm32/mach-t113s3/sunxi_gpio.o
 .ARM.attributes
                0x00000295       0x35 build-all/arch/arm32/mach-t113s3/sdmmc.o
 .ARM.attributes
                0x000002ca       0x35 build-all/arch/arm32/mach-t113s3/sunxi_sdhci.o
 .ARM.attributes
                0x000002ff       0x35 build-all/arch/arm32/mach-t113s3/sunxi_clk.o
 .ARM.attributes
                0x00000334       0x35 build-all/arch/arm32/mach-t113s3/exception.o
 .ARM.attributes
                0x00000369       0x35 build-all/lib/fatfs/ff.o
 .ARM.attributes
                0x0000039e       0x35 build-all/lib/fatfs/diskio.o
 .ARM.attributes
                0x000003d3       0x35 build-all/lib/fatfs/ffunicode.o
 .ARM.attributes
                0x00000408       0x29 /usr/lib/gcc/arm-none-eabi/12.2.1/thumb/v7ve+simd/hard/libgcc.a(_arm_addsubdf3.o)
 .ARM.attributes
                0x00000431       0x29 /usr/lib/gcc/arm-none-eabi/12.2.1/thumb/v7ve+simd/hard/libgcc.a(_arm_addsubsf3.o)
 .ARM.attributes
                0x0000045a       0x29 /usr/lib/gcc/arm-none-eabi/12.2.1/thumb/v7ve+simd/hard/libgcc.a(_aeabi_uldivmod.o)
 .ARM.attributes
                0x00000483       0x3b /usr/lib/gcc/arm-none-eabi/12.2.1/thumb/v7ve+simd/hard/libgcc.a(_udivmoddi4.o)
 .ARM.attributes
                0x000004be       0x3b /usr/lib/gcc/arm-none-eabi/12.2.1/thumb/v7ve+simd/hard/libgcc.a(unwind-arm.o)
 .ARM.attributes
                0x000004f9       0x29 /usr/lib/gcc/arm-none-eabi/12.2.1/thumb/v7ve+simd/hard/libgcc.a(libunwind.o)
 .ARM.attributes
                0x00000522       0x3b /usr/lib/gcc/arm-none-eabi/12.2.1/thumb/v7ve+simd/hard/libgcc.a(pr-support.o)
 .ARM.attributes
                0x0000055d       0x29 /usr/lib/gcc/arm-none-eabi/12.2.1/thumb/v7ve+simd/hard/libgcc.a(_dvmd_tls.o)

.comment        0x00000000       0x26
 .comment       0x00000000       0x26 build-all/main.o
                                 0x27 (size before relaxing)
 .comment       0x00000026       0x27 build-all/board.o
 .comment       0x00000026       0x27 build-all/lib/debug.o
 .comment       0x00000026       0x27 build-all/lib/fdt.o
 .comment       0x00000026       0x27 build-all/lib/string.o
 .comment       0x00000026       0x27 build-all/arch/arm32/mach-t113s3/dram.o
 .comment       0x00000026       0x27 build-all/arch/arm32/mach-t113s3/sunxi_usart.o
 .comment       0x00000026       0x27 build-all/arch/arm32/mach-t113s3/arch_timer.o
 .comment       0x00000026       0x27 build-all/arch/arm32/mach-t113s3/sunxi_spi.o
 .comment       0x00000026       0x27 build-all/arch/arm32/mach-t113s3/sunxi_dma.o
 .comment       0x00000026       0x27 build-all/arch/arm32/mach-t113s3/sunxi_gpio.o
 .comment       0x00000026       0x27 build-all/arch/arm32/mach-t113s3/sdmmc.o
 .comment       0x00000026       0x27 build-all/arch/arm32/mach-t113s3/sunxi_sdhci.o
 .comment       0x00000026       0x27 build-all/arch/arm32/mach-t113s3/sunxi_clk.o
 .comment       0x00000026       0x27 build-all/arch/arm32/mach-t113s3/exception.o
 .comment       0x00000026       0x27 build-all/lib/fatfs/ff.o
 .comment       0x00000026       0x27 build-all/lib/fatfs/diskio.o
 .comment       0x00000026       0x27 build-all/lib/fatfs/ffunicode.o
 .comment       0x00000026       0x27 /usr/lib/gcc/arm-none-eabi/12.2.1/thumb/v7ve+simd/hard/libgcc.a(_udivmoddi4.o)
 .comment       0x00000026       0x27 /usr/lib/gcc/arm-none-eabi/12.2.1/thumb/v7ve+simd/hard/libgcc.a(unwind-arm.o)
 .comment       0x00000026       0x27 /usr/lib/gcc/arm-none-eabi/12.2.1/thumb/v7ve+simd/hard/libgcc.a(pr-support.o)

.debug_line     0x00000000     0xbc0f
 .debug_line    0x00000000      0x113 build-all/arch/arm32/mach-t113s3/start.o
 .debug_line    0x00000113       0x85 build-all/arch/arm32/mach-t113s3/memcpy.o
 .debug_line    0x00000198      0x7e9 build-all/main.o
 .debug_line    0x00000981      0x161 build-all/board.o
 .debug_line    0x00000ae2      0x1cc build-all/lib/debug.o
 .debug_line    0x00000cae      0x108 build-all/lib/fdt.o
 .debug_line    0x00000db6      0x31e build-all/lib/string.o
 .debug_line    0x000010d4     0x2d74 build-all/arch/arm32/mach-t113s3/dram.o
 .debug_line    0x00003e48      0x2c0 build-all/arch/arm32/mach-t113s3/sunxi_usart.o
 .debug_line    0x00004108      0x1a3 build-all/arch/arm32/mach-t113s3/arch_timer.o
 .debug_line    0x000042ab      0xdc4 build-all/arch/arm32/mach-t113s3/sunxi_spi.o
 .debug_line    0x0000506f      0x656 build-all/arch/arm32/mach-t113s3/sunxi_dma.o
 .debug_line    0x000056c5      0x2eb build-all/arch/arm32/mach-t113s3/sunxi_gpio.o
 .debug_line    0x000059b0      0xbfe build-all/arch/arm32/mach-t113s3/sdmmc.o
 .debug_line    0x000065ae      0xc81 build-all/arch/arm32/mach-t113s3/sunxi_sdhci.o
 .debug_line    0x0000722f      0x6c3 build-all/arch/arm32/mach-t113s3/sunxi_clk.o
 .debug_line    0x000078f2      0x1e4 build-all/arch/arm32/mach-t113s3/exception.o
 .debug_line    0x00007ad6     0x1d4d build-all/lib/fatfs/ff.o
 .debug_line    0x00009823      0x262 build-all/lib/fatfs/diskio.o
 .debug_line    0x00009a85      0x23d build-all/lib/fatfs/ffunicode.o
 .debug_line    0x00009cc2      0x16f /usr/lib/gcc/arm-none-eabi/12.2.1/thumb/v7ve+simd/hard/libgcc.a(_arm_addsubdf3.o)
 .debug_line    0x00009e31      0x103 /usr/lib/gcc/arm-none-eabi/12.2.1/thumb/v7ve+simd/hard/libgcc.a(_arm_addsubsf3.o)
 .debug_line    0x00009f34       0x4e /usr/lib/gcc/arm-none-eabi/12.2.1/thumb/v7ve+simd/hard/libgcc.a(_aeabi_uldivmod.o)
 .debug_line    0x00009f82      0x5ad /usr/lib/gcc/arm-none-eabi/12.2.1/thumb/v7ve+simd/hard/libgcc.a(_udivmoddi4.o)
 .debug_line    0x0000a52f     0x109b /usr/lib/gcc/arm-none-eabi/12.2.1/thumb/v7ve+simd/hard/libgcc.a(unwind-arm.o)
 .debug_line    0x0000b5ca       0x97 /usr/lib/gcc/arm-none-eabi/12.2.1/thumb/v7ve+simd/hard/libgcc.a(libunwind.o)
 .debug_line    0x0000b661      0x564 /usr/lib/gcc/arm-none-eabi/12.2.1/thumb/v7ve+simd/hard/libgcc.a(pr-support.o)
 .debug_line    0x0000bbc5       0x4a /usr/lib/gcc/arm-none-eabi/12.2.1/thumb/v7ve+simd/hard/libgcc.a(_dvmd_tls.o)

.debug_line_str
                0x00000000      0x11f
 .debug_line_str
                0x00000000       0x4c build-all/arch/arm32/mach-t113s3/start.o
 .debug_line_str
                0x0000004c        0x9 build-all/arch/arm32/mach-t113s3/memcpy.o
                                 0x4d (size before relaxing)
 .debug_line_str
                0x00000055       0x9d /usr/lib/gcc/arm-none-eabi/12.2.1/thumb/v7ve+simd/hard/libgcc.a(_arm_addsubdf3.o)
 .debug_line_str
                0x000000f2        0xd /usr/lib/gcc/arm-none-eabi/12.2.1/thumb/v7ve+simd/hard/libgcc.a(_arm_addsubsf3.o)
                                 0x9d (size before relaxing)
 .debug_line_str
                0x000000ff        0x8 /usr/lib/gcc/arm-none-eabi/12.2.1/thumb/v7ve+simd/hard/libgcc.a(_aeabi_uldivmod.o)
                                 0x98 (size before relaxing)
 .debug_line_str
                0x00000107        0xc /usr/lib/gcc/arm-none-eabi/12.2.1/thumb/v7ve+simd/hard/libgcc.a(libunwind.o)
                                 0x9c (size before relaxing)
 .debug_line_str
                0x00000113        0xc /usr/lib/gcc/arm-none-eabi/12.2.1/thumb/v7ve+simd/hard/libgcc.a(_dvmd_tls.o)
                                 0x9c (size before relaxing)

.debug_info     0x00000000    0x183a3
 .debug_info    0x00000000       0x25 build-all/arch/arm32/mach-t113s3/start.o
 .debug_info    0x00000025       0x25 build-all/arch/arm32/mach-t113s3/memcpy.o
 .debug_info    0x0000004a     0x1f66 build-all/main.o
 .debug_info    0x00001fb0      0xc55 build-all/board.o
 .debug_info    0x00002c05      0x2e3 build-all/lib/debug.o
 .debug_info    0x00002ee8      0x2ac build-all/lib/fdt.o
 .debug_info    0x00003194      0x4b7 build-all/lib/string.o
 .debug_info    0x0000364b     0x486e build-all/arch/arm32/mach-t113s3/dram.o
 .debug_info    0x00007eb9      0x4f0 build-all/arch/arm32/mach-t113s3/sunxi_usart.o
 .debug_info    0x000083a9      0x270 build-all/arch/arm32/mach-t113s3/arch_timer.o
 .debug_info    0x00008619     0x1f42 build-all/arch/arm32/mach-t113s3/sunxi_spi.o
 .debug_info    0x0000a55b     0x177c build-all/arch/arm32/mach-t113s3/sunxi_dma.o
 .debug_info    0x0000bcd7      0x5d1 build-all/arch/arm32/mach-t113s3/sunxi_gpio.o
 .debug_info    0x0000c2a8     0x1b66 build-all/arch/arm32/mach-t113s3/sdmmc.o
 .debug_info    0x0000de0e     0x2233 build-all/arch/arm32/mach-t113s3/sunxi_sdhci.o
 .debug_info    0x00010041     0x181c build-all/arch/arm32/mach-t113s3/sunxi_clk.o
 .debug_info    0x0001185d      0x4a8 build-all/arch/arm32/mach-t113s3/exception.o
 .debug_info    0x00011d05     0x250a build-all/lib/fatfs/ff.o
 .debug_info    0x0001420f      0xc30 build-all/lib/fatfs/diskio.o
 .debug_info    0x00014e3f      0x297 build-all/lib/fatfs/ffunicode.o
 .debug_info    0x000150d6       0xb6 /usr/lib/gcc/arm-none-eabi/12.2.1/thumb/v7ve+simd/hard/libgcc.a(_arm_addsubdf3.o)
 .debug_info    0x0001518c       0xaf /usr/lib/gcc/arm-none-eabi/12.2.1/thumb/v7ve+simd/hard/libgcc.a(_arm_addsubsf3.o)
 .debug_info    0x0001523b       0x24 /usr/lib/gcc/arm-none-eabi/12.2.1/thumb/v7ve+simd/hard/libgcc.a(_aeabi_uldivmod.o)
 .debug_info    0x0001525f      0x6f3 /usr/lib/gcc/arm-none-eabi/12.2.1/thumb/v7ve+simd/hard/libgcc.a(_udivmoddi4.o)
 .debug_info    0x00015952     0x1f0f /usr/lib/gcc/arm-none-eabi/12.2.1/thumb/v7ve+simd/hard/libgcc.a(unwind-arm.o)
 .debug_info    0x00017861       0x9e /usr/lib/gcc/arm-none-eabi/12.2.1/thumb/v7ve+simd/hard/libgcc.a(libunwind.o)
 .debug_info    0x000178ff      0xa6b /usr/lib/gcc/arm-none-eabi/12.2.1/thumb/v7ve+simd/hard/libgcc.a(pr-support.o)
 .debug_info    0x0001836a       0x39 /usr/lib/gcc/arm-none-eabi/12.2.1/thumb/v7ve+simd/hard/libgcc.a(_dvmd_tls.o)

.debug_abbrev   0x00000000     0x37d7
 .debug_abbrev  0x00000000       0x14 build-all/arch/arm32/mach-t113s3/start.o
 .debug_abbrev  0x00000014       0x14 build-all/arch/arm32/mach-t113s3/memcpy.o
 .debug_abbrev  0x00000028      0x4f2 build-all/main.o
 .debug_abbrev  0x0000051a      0x267 build-all/board.o
 .debug_abbrev  0x00000781      0x163 build-all/lib/debug.o
 .debug_abbrev  0x000008e4      0x1a1 build-all/lib/fdt.o
 .debug_abbrev  0x00000a85       0xda build-all/lib/string.o
 .debug_abbrev  0x00000b5f      0x413 build-all/arch/arm32/mach-t113s3/dram.o
 .debug_abbrev  0x00000f72      0x1a4 build-all/arch/arm32/mach-t113s3/sunxi_usart.o
 .debug_abbrev  0x00001116      0x13e build-all/arch/arm32/mach-t113s3/arch_timer.o
 .debug_abbrev  0x00001254      0x46b build-all/arch/arm32/mach-t113s3/sunxi_spi.o
 .debug_abbrev  0x000016bf      0x2bc build-all/arch/arm32/mach-t113s3/sunxi_dma.o
 .debug_abbrev  0x0000197b      0x1ee build-all/arch/arm32/mach-t113s3/sunxi_gpio.o
 .debug_abbrev  0x00001b69      0x439 build-all/arch/arm32/mach-t113s3/sdmmc.o
 .debug_abbrev  0x00001fa2      0x3c7 build-all/arch/arm32/mach-t113s3/sunxi_sdhci.o
 .debug_abbrev  0x00002369      0x291 build-all/arch/arm32/mach-t113s3/sunxi_clk.o
 .debug_abbrev  0x000025fa      0x14e build-all/arch/arm32/mach-t113s3/exception.o
 .debug_abbrev  0x00002748      0x371 build-all/lib/fatfs/ff.o
 .debug_abbrev  0x00002ab9      0x2a6 build-all/lib/fatfs/diskio.o
 .debug_abbrev  0x00002d5f       0xf7 build-all/lib/fatfs/ffunicode.o
 .debug_abbrev  0x00002e56       0x21 /usr/lib/gcc/arm-none-eabi/12.2.1/thumb/v7ve+simd/hard/libgcc.a(_arm_addsubdf3.o)
 .debug_abbrev  0x00002e77       0x21 /usr/lib/gcc/arm-none-eabi/12.2.1/thumb/v7ve+simd/hard/libgcc.a(_arm_addsubsf3.o)
 .debug_abbrev  0x00002e98       0x14 /usr/lib/gcc/arm-none-eabi/12.2.1/thumb/v7ve+simd/hard/libgcc.a(_aeabi_uldivmod.o)
 .debug_abbrev  0x00002eac      0x173 /usr/lib/gcc/arm-none-eabi/12.2.1/thumb/v7ve+simd/hard/libgcc.a(_udivmoddi4.o)
 .debug_abbrev  0x0000301f      0x481 /usr/lib/gcc/arm-none-eabi/12.2.1/thumb/v7ve+simd/hard/libgcc.a(unwind-arm.o)
 .debug_abbrev  0x000034a0       0x21 /usr/lib/gcc/arm-none-eabi/12.2.1/thumb/v7ve+simd/hard/libgcc.a(libunwind.o)
 .debug_abbrev  0x000034c1      0x2f7 /usr/lib/gcc/arm-none-eabi/12.2.1/thumb/v7ve+simd/hard/libgcc.a(pr-support.o)
 .debug_abbrev  0x000037b8       0x1f /usr/lib/gcc/arm-none-eabi/12.2.1/thumb/v7ve+simd/hard/libgcc.a(_dvmd_tls.o)

.debug_aranges  0x00000000      0x660
 .debug_aranges
                0x00000000       0x20 build-all/arch/arm32/mach-t113s3/start.o
 .debug_aranges
                0x00000020       0x20 build-all/arch/arm32/mach-t113s3/memcpy.o
 .debug_aranges
                0x00000040       0x40 build-all/main.o
 .debug_aranges
                0x00000080       0x30 build-all/board.o
 .debug_aranges
                0x000000b0       0x30 build-all/lib/debug.o
 .debug_aranges
                0x000000e0       0x38 build-all/lib/fdt.o
 .debug_aranges
                0x00000118       0x70 build-all/lib/string.o
 .debug_aranges
                0x00000188       0x50 build-all/arch/arm32/mach-t113s3/dram.o
 .debug_aranges
                0x000001d8       0x28 build-all/arch/arm32/mach-t113s3/sunxi_usart.o
 .debug_aranges
                0x00000200       0x48 build-all/arch/arm32/mach-t113s3/arch_timer.o
 .debug_aranges
                0x00000248       0x60 build-all/arch/arm32/mach-t113s3/sunxi_spi.o
 .debug_aranges
                0x000002a8       0x68 build-all/arch/arm32/mach-t113s3/sunxi_dma.o
 .debug_aranges
                0x00000310       0x38 build-all/arch/arm32/mach-t113s3/sunxi_gpio.o
 .debug_aranges
                0x00000348       0x38 build-all/arch/arm32/mach-t113s3/sdmmc.o
 .debug_aranges
                0x00000380       0x50 build-all/arch/arm32/mach-t113s3/sunxi_sdhci.o
 .debug_aranges
                0x000003d0       0x38 build-all/arch/arm32/mach-t113s3/sunxi_clk.o
 .debug_aranges
                0x00000408       0x50 build-all/arch/arm32/mach-t113s3/exception.o
 .debug_aranges
                0x00000458       0x90 build-all/lib/fatfs/ff.o
 .debug_aranges
                0x000004e8       0x38 build-all/lib/fatfs/diskio.o
 .debug_aranges
                0x00000520       0x30 build-all/lib/fatfs/ffunicode.o
 .debug_aranges
                0x00000550       0x20 /usr/lib/gcc/arm-none-eabi/12.2.1/thumb/v7ve+simd/hard/libgcc.a(_arm_addsubdf3.o)
 .debug_aranges
                0x00000570       0x20 /usr/lib/gcc/arm-none-eabi/12.2.1/thumb/v7ve+simd/hard/libgcc.a(_arm_addsubsf3.o)
 .debug_aranges
                0x00000590       0x20 /usr/lib/gcc/arm-none-eabi/12.2.1/thumb/v7ve+simd/hard/libgcc.a(_aeabi_uldivmod.o)
 .debug_aranges
                0x000005b0       0x20 /usr/lib/gcc/arm-none-eabi/12.2.1/thumb/v7ve+simd/hard/libgcc.a(_udivmoddi4.o)
 .debug_aranges
                0x000005d0       0x20 /usr/lib/gcc/arm-none-eabi/12.2.1/thumb/v7ve+simd/hard/libgcc.a(unwind-arm.o)
 .debug_aranges
                0x000005f0       0x20 /usr/lib/gcc/arm-none-eabi/12.2.1/thumb/v7ve+simd/hard/libgcc.a(libunwind.o)
 .debug_aranges
                0x00000610       0x30 /usr/lib/gcc/arm-none-eabi/12.2.1/thumb/v7ve+simd/hard/libgcc.a(pr-support.o)
 .debug_aranges
                0x00000640       0x20 /usr/lib/gcc/arm-none-eabi/12.2.1/thumb/v7ve+simd/hard/libgcc.a(_dvmd_tls.o)

.debug_str      0x00000000     0x4aac
 .debug_str     0x00000000       0x58 build-all/arch/arm32/mach-t113s3/start.o
 .debug_str     0x00000058       0x20 build-all/arch/arm32/mach-t113s3/memcpy.o
                                 0x59 (size before relaxing)
 .debug_str     0x00000078      0xb1d build-all/main.o
                                0xc64 (size before relaxing)
 .debug_str     0x00000b95      0x174 build-all/board.o
                                0x84c (size before relaxing)
 .debug_str     0x00000d09        0xc build-all/lib/debug.o
                                0x22c (size before relaxing)
 .debug_str     0x00000d15       0xcc build-all/lib/fdt.o
                                0x2c1 (size before relaxing)
 .debug_str     0x00000de1       0x58 build-all/lib/string.o
                                0x206 (size before relaxing)
 .debug_str     0x00000e39      0x4d4 build-all/arch/arm32/mach-t113s3/dram.o
                                0x73c (size before relaxing)
 .debug_str     0x0000130d       0x30 build-all/arch/arm32/mach-t113s3/sunxi_usart.o
                                0x277 (size before relaxing)
 .debug_str     0x0000133d       0x47 build-all/arch/arm32/mach-t113s3/arch_timer.o
                                0x221 (size before relaxing)
 .debug_str     0x00001384      0x8c6 build-all/arch/arm32/mach-t113s3/sunxi_spi.o
                                0xc62 (size before relaxing)
 .debug_str     0x00001c4a      0xda9 build-all/arch/arm32/mach-t113s3/sunxi_dma.o
                               0x110c (size before relaxing)
 .debug_str     0x000029f3       0xc8 build-all/arch/arm32/mach-t113s3/sunxi_gpio.o
                                0x317 (size before relaxing)
 .debug_str     0x00002abb      0x72b build-all/arch/arm32/mach-t113s3/sdmmc.o
                                0xd40 (size before relaxing)
 .debug_str     0x000031e6      0x103 build-all/arch/arm32/mach-t113s3/sunxi_sdhci.o
                               0x159c (size before relaxing)
 .debug_str     0x000032e9       0x80 build-all/arch/arm32/mach-t113s3/sunxi_clk.o
                                0xe1d (size before relaxing)
 .debug_str     0x00003369       0xbe build-all/arch/arm32/mach-t113s3/exception.o
                                0x296 (size before relaxing)
 .debug_str     0x00003427      0x288 build-all/lib/fatfs/ff.o
                                0x701 (size before relaxing)
 .debug_str     0x000036af       0x53 build-all/lib/fatfs/diskio.o
                                0x68f (size before relaxing)
 .debug_str     0x00003702       0x31 build-all/lib/fatfs/ffunicode.o
                                0x204 (size before relaxing)
 .debug_str     0x00003733      0x148 /usr/lib/gcc/arm-none-eabi/12.2.1/thumb/v7ve+simd/hard/libgcc.a(_arm_addsubdf3.o)
                                0x155 (size before relaxing)
 .debug_str     0x0000387b       0xc4 /usr/lib/gcc/arm-none-eabi/12.2.1/thumb/v7ve+simd/hard/libgcc.a(_arm_addsubsf3.o)
                                0x149 (size before relaxing)
 .debug_str     0x0000393f       0x2c /usr/lib/gcc/arm-none-eabi/12.2.1/thumb/v7ve+simd/hard/libgcc.a(_aeabi_uldivmod.o)
                                 0xa4 (size before relaxing)
 .debug_str     0x0000396b      0x57e /usr/lib/gcc/arm-none-eabi/12.2.1/thumb/v7ve+simd/hard/libgcc.a(_udivmoddi4.o)
                                0x678 (size before relaxing)
 .debug_str     0x00003ee9      0x9e3 /usr/lib/gcc/arm-none-eabi/12.2.1/thumb/v7ve+simd/hard/libgcc.a(unwind-arm.o)
                                0xc49 (size before relaxing)
 .debug_str     0x000048cc       0xb5 /usr/lib/gcc/arm-none-eabi/12.2.1/thumb/v7ve+simd/hard/libgcc.a(libunwind.o)
                                0x1a6 (size before relaxing)
 .debug_str     0x00004981       0xdf /usr/lib/gcc/arm-none-eabi/12.2.1/thumb/v7ve+simd/hard/libgcc.a(pr-support.o)
                                0x5a2 (size before relaxing)
 .debug_str     0x00004a60       0x4c /usr/lib/gcc/arm-none-eabi/12.2.1/thumb/v7ve+simd/hard/libgcc.a(_dvmd_tls.o)
                                 0xc4 (size before relaxing)

.debug_loclists
                0x00000000     0xa937
 .debug_loclists
                0x00000000      0x3d7 build-all/main.o
 .debug_loclists
                0x000003d7       0x31 build-all/board.o
 .debug_loclists
                0x00000408      0x118 build-all/lib/debug.o
 .debug_loclists
                0x00000520       0xa9 build-all/lib/fdt.o
 .debug_loclists
                0x000005c9      0x485 build-all/lib/string.o
 .debug_loclists
                0x00000a4e     0x295d build-all/arch/arm32/mach-t113s3/dram.o
 .debug_loclists
                0x000033ab      0x1eb build-all/arch/arm32/mach-t113s3/sunxi_usart.o
 .debug_loclists
                0x00003596       0xfd build-all/arch/arm32/mach-t113s3/arch_timer.o
 .debug_loclists
                0x00003693      0xd49 build-all/arch/arm32/mach-t113s3/sunxi_spi.o
 .debug_loclists
                0x000043dc      0x384 build-all/arch/arm32/mach-t113s3/sunxi_dma.o
 .debug_loclists
                0x00004760      0x2e1 build-all/arch/arm32/mach-t113s3/sunxi_gpio.o
 .debug_loclists
                0x00004a41      0x879 build-all/arch/arm32/mach-t113s3/sdmmc.o
 .debug_loclists
                0x000052ba      0x988 build-all/arch/arm32/mach-t113s3/sunxi_sdhci.o
 .debug_loclists
                0x00005c42      0x4a9 build-all/arch/arm32/mach-t113s3/sunxi_clk.o
 .debug_loclists
                0x000060eb       0xe2 build-all/arch/arm32/mach-t113s3/exception.o
 .debug_loclists
                0x000061cd     0x21e1 build-all/lib/fatfs/ff.o
 .debug_loclists
                0x000083ae      0x19c build-all/lib/fatfs/diskio.o
 .debug_loclists
                0x0000854a      0x1ef build-all/lib/fatfs/ffunicode.o
 .debug_loclists
                0x00008739      0xa72 /usr/lib/gcc/arm-none-eabi/12.2.1/thumb/v7ve+simd/hard/libgcc.a(_udivmoddi4.o)
 .debug_loclists
                0x000091ab     0x13bf /usr/lib/gcc/arm-none-eabi/12.2.1/thumb/v7ve+simd/hard/libgcc.a(unwind-arm.o)
 .debug_loclists
                0x0000a56a      0x3cd /usr/lib/gcc/arm-none-eabi/12.2.1/thumb/v7ve+simd/hard/libgcc.a(pr-support.o)

.debug_rnglists
                0x00000000      0xdb8
 .debug_rnglists
                0x00000000       0x6f build-all/main.o
 .debug_rnglists
                0x0000006f       0x1f build-all/board.o
 .debug_rnglists
                0x0000008e       0x46 build-all/lib/debug.o
 .debug_rnglists
                0x000000d4       0x25 build-all/lib/fdt.o
 .debug_rnglists
                0x000000f9       0x4f build-all/lib/string.o
 .debug_rnglists
                0x00000148      0x38d build-all/arch/arm32/mach-t113s3/dram.o
 .debug_rnglists
                0x000004d5       0x3d build-all/arch/arm32/mach-t113s3/sunxi_usart.o
 .debug_rnglists
                0x00000512       0x49 build-all/arch/arm32/mach-t113s3/arch_timer.o
 .debug_rnglists
                0x0000055b      0x1ae build-all/arch/arm32/mach-t113s3/sunxi_spi.o
 .debug_rnglists
                0x00000709       0x4b build-all/arch/arm32/mach-t113s3/sunxi_dma.o
 .debug_rnglists
                0x00000754       0x6d build-all/arch/arm32/mach-t113s3/sunxi_gpio.o
 .debug_rnglists
                0x000007c1       0xe6 build-all/arch/arm32/mach-t113s3/sdmmc.o
 .debug_rnglists
                0x000008a7       0x78 build-all/arch/arm32/mach-t113s3/sunxi_sdhci.o
 .debug_rnglists
                0x0000091f       0x72 build-all/arch/arm32/mach-t113s3/sunxi_clk.o
 .debug_rnglists
                0x00000991       0x37 build-all/arch/arm32/mach-t113s3/exception.o
 .debug_rnglists
                0x000009c8      0x207 build-all/lib/fatfs/ff.o
 .debug_rnglists
                0x00000bcf       0x45 build-all/lib/fatfs/diskio.o
 .debug_rnglists
                0x00000c14       0x20 build-all/lib/fatfs/ffunicode.o
 .debug_rnglists
                0x00000c34       0x7e /usr/lib/gcc/arm-none-eabi/12.2.1/thumb/v7ve+simd/hard/libgcc.a(_udivmoddi4.o)
 .debug_rnglists
                0x00000cb2       0xcc /usr/lib/gcc/arm-none-eabi/12.2.1/thumb/v7ve+simd/hard/libgcc.a(unwind-arm.o)
 .debug_rnglists
                0x00000d7e       0x3a /usr/lib/gcc/arm-none-eabi/12.2.1/thumb/v7ve+simd/hard/libgcc.a(pr-support.o)

.debug_frame    0x00000000     0x121c
 .debug_frame   0x00000000       0xc8 build-all/main.o
 .debug_frame   0x000000c8       0x64 build-all/board.o
 .debug_frame   0x0000012c       0x84 build-all/lib/debug.o
 .debug_frame   0x000001b0       0x60 build-all/lib/fdt.o
 .debug_frame   0x00000210       0xf4 build-all/lib/string.o
 .debug_frame   0x00000304       0xdc build-all/arch/arm32/mach-t113s3/dram.o
 .debug_frame   0x000003e0       0x3c build-all/arch/arm32/mach-t113s3/sunxi_usart.o
 .debug_frame   0x0000041c       0x9c build-all/arch/arm32/mach-t113s3/arch_timer.o
 .debug_frame   0x000004b8      0x138 build-all/arch/arm32/mach-t113s3/sunxi_spi.o
 .debug_frame   0x000005f0       0xf4 build-all/arch/arm32/mach-t113s3/sunxi_dma.o
 .debug_frame   0x000006e4       0x6c build-all/arch/arm32/mach-t113s3/sunxi_gpio.o
 .debug_frame   0x00000750       0xc4 build-all/arch/arm32/mach-t113s3/sdmmc.o
 .debug_frame   0x00000814       0xe4 build-all/arch/arm32/mach-t113s3/sunxi_sdhci.o
 .debug_frame   0x000008f8       0x74 build-all/arch/arm32/mach-t113s3/sunxi_clk.o
 .debug_frame   0x0000096c       0xdc build-all/arch/arm32/mach-t113s3/exception.o
 .debug_frame   0x00000a48      0x1ec build-all/lib/fatfs/ff.o
 .debug_frame   0x00000c34       0x70 build-all/lib/fatfs/diskio.o
 .debug_frame   0x00000ca4       0x50 build-all/lib/fatfs/ffunicode.o
 .debug_frame   0x00000cf4       0xac /usr/lib/gcc/arm-none-eabi/12.2.1/thumb/v7ve+simd/hard/libgcc.a(_arm_addsubdf3.o)
 .debug_frame   0x00000da0       0x4c /usr/lib/gcc/arm-none-eabi/12.2.1/thumb/v7ve+simd/hard/libgcc.a(_arm_addsubsf3.o)
 .debug_frame   0x00000dec       0x2c /usr/lib/gcc/arm-none-eabi/12.2.1/thumb/v7ve+simd/hard/libgcc.a(_aeabi_uldivmod.o)
 .debug_frame   0x00000e18       0x40 /usr/lib/gcc/arm-none-eabi/12.2.1/thumb/v7ve+simd/hard/libgcc.a(_udivmoddi4.o)
 .debug_frame   0x00000e58      0x2d0 /usr/lib/gcc/arm-none-eabi/12.2.1/thumb/v7ve+simd/hard/libgcc.a(unwind-arm.o)
 .debug_frame   0x00001128       0xf4 /usr/lib/gcc/arm-none-eabi/12.2.1/thumb/v7ve+simd/hard/libgcc.a(pr-support.o)
