Archive member included to satisfy reference by file (symbol)

/usr/lib/gcc/arm-none-eabi/12.2.1/thumb/v7ve+simd/hard/libgcc.a(_arm_addsubdf3.o)
                              build-all/arch/arm32/mach-t113s3/sdmmc.o (__aeabi_ul2d)
/usr/lib/gcc/arm-none-eabi/12.2.1/thumb/v7ve+simd/hard/libgcc.a(_arm_addsubsf3.o)
                              build-all/main.o (__aeabi_ul2f)
/usr/lib/gcc/arm-none-eabi/12.2.1/thumb/v7ve+simd/hard/libgcc.a(_aeabi_ldivmod.o)
                              build-all/lib/fatfs/ff.o (__aeabi_ldivmod)
/usr/lib/gcc/arm-none-eabi/12.2.1/thumb/v7ve+simd/hard/libgcc.a(_aeabi_uldivmod.o)
                              build-all/main.o (__aeabi_uldivmod)
/usr/lib/gcc/arm-none-eabi/12.2.1/thumb/v7ve+simd/hard/libgcc.a(_udivmoddi4.o)
                              /usr/lib/gcc/arm-none-eabi/12.2.1/thumb/v7ve+simd/hard/libgcc.a(_aeabi_ldivmod.o) (__udivmoddi4)
/usr/lib/gcc/arm-none-eabi/12.2.1/thumb/v7ve+simd/hard/libgcc.a(unwind-arm.o)
                              build-all/arch/arm32/mach-t113s3/memcpy.o (__aeabi_unwind_cpp_pr0)
/usr/lib/gcc/arm-none-eabi/12.2.1/thumb/v7ve+simd/hard/libgcc.a(libunwind.o)
                              /usr/lib/gcc/arm-none-eabi/12.2.1/thumb/v7ve+simd/hard/libgcc.a(unwind-arm.o) (restore_core_regs)
/usr/lib/gcc/arm-none-eabi/12.2.1/thumb/v7ve+simd/hard/libgcc.a(pr-support.o)
                              /usr/lib/gcc/arm-none-eabi/12.2.1/thumb/v7ve+simd/hard/libgcc.a(unwind-arm.o) (__gnu_unwind_execute)
/usr/lib/gcc/arm-none-eabi/12.2.1/thumb/v7ve+simd/hard/libgcc.a(_dvmd_tls.o)
                              /usr/lib/gcc/arm-none-eabi/12.2.1/thumb/v7ve+simd/hard/libgcc.a(_aeabi_ldivmod.o) (__aeabi_ldiv0)

Discarded input sections

 .data          0x00000000        0x0 build-all/arch/arm32/mach-t113s3/start.o
 .bss           0x00000000        0x0 build-all/arch/arm32/mach-t113s3/start.o
 .data          0x00000000        0x0 build-all/arch/arm32/mach-t113s3/memcpy.o
 .bss           0x00000000        0x0 build-all/arch/arm32/mach-t113s3/memcpy.o
 .ARM.extab     0x00000000        0x0 build-all/arch/arm32/mach-t113s3/memcpy.o
 .text          0x00000000        0x0 build-all/main.o
 .data          0x00000000        0x0 build-all/main.o
 .bss           0x00000000        0x0 build-all/main.o
 .rodata.load_spi_nand.str1.1
                0x00000000      0x139 build-all/main.o
 .text.load_spi_nand
                0x00000000      0x124 build-all/main.o
 .text.print_pc
                0x00000000       0x44 build-all/main.o
 .text          0x00000000        0x0 build-all/board.o
 .data          0x00000000        0x0 build-all/board.o
 .bss           0x00000000        0x0 build-all/board.o
 .text.board_init_led
                0x00000000       0x16 build-all/board.o
 .text.board_sdhci_init
                0x00000000       0x20 build-all/board.o
 .text.board_init
                0x00000000       0x18 build-all/board.o
 .rodata.str1.1
                0x00000000        0x7 build-all/board.o
 .data.sdhci0   0x00000000      0x260 build-all/board.o
 .data.sunxi_spi0
                0x00000000       0x60 build-all/board.o
 .data.usart3_dbg
                0x00000000       0x18 build-all/board.o
 .data.usart0_dbg
                0x00000000       0x18 build-all/board.o
 .text          0x00000000        0x0 build-all/lib/debug.o
 .data          0x00000000        0x0 build-all/lib/debug.o
 .bss           0x00000000        0x0 build-all/lib/debug.o
 .text          0x00000000        0x0 build-all/lib/xformat.o
 .data          0x00000000        0x0 build-all/lib/xformat.o
 .bss           0x00000000        0x0 build-all/lib/xformat.o
 .text.ulong2a  0x00000000       0x64 build-all/lib/xformat.o
 .text.xvformat
                0x00000000      0x5f4 build-all/lib/xformat.o
 .text.xformat  0x00000000       0x1a build-all/lib/xformat.o
 .rodata.formatStates
                0x00000000       0x5b build-all/lib/xformat.o
 .rodata.ms_digits
                0x00000000       0x11 build-all/lib/xformat.o
 .rodata.ms_false
                0x00000000        0x6 build-all/lib/xformat.o
 .rodata.ms_true
                0x00000000        0x5 build-all/lib/xformat.o
 .rodata.ms_null
                0x00000000        0x7 build-all/lib/xformat.o
 .debug_info    0x00000000      0x7dc build-all/lib/xformat.o
 .debug_abbrev  0x00000000      0x2b9 build-all/lib/xformat.o
 .debug_loclists
                0x00000000     0x1e76 build-all/lib/xformat.o
 .debug_aranges
                0x00000000       0x30 build-all/lib/xformat.o
 .debug_rnglists
                0x00000000       0x6c build-all/lib/xformat.o
 .debug_line    0x00000000      0x828 build-all/lib/xformat.o
 .debug_str     0x00000000      0x36a build-all/lib/xformat.o
 .comment       0x00000000       0x27 build-all/lib/xformat.o
 .debug_frame   0x00000000       0x84 build-all/lib/xformat.o
 .ARM.attributes
                0x00000000       0x35 build-all/lib/xformat.o
 .text          0x00000000        0x0 build-all/lib/fdt.o
 .data          0x00000000        0x0 build-all/lib/fdt.o
 .bss           0x00000000        0x0 build-all/lib/fdt.o
 .text.swap_uint32
                0x00000000       0x2c build-all/lib/fdt.o
 .text.of_get_magic_number
                0x00000000        0x6 build-all/lib/fdt.o
 .text.of_get_dt_total_size
                0x00000000        0x6 build-all/lib/fdt.o
 .text.check_dt_blob_valid
                0x00000000       0x28 build-all/lib/fdt.o
 .debug_info    0x00000000      0x2ac build-all/lib/fdt.o
 .debug_abbrev  0x00000000      0x1a1 build-all/lib/fdt.o
 .debug_loclists
                0x00000000       0xa9 build-all/lib/fdt.o
 .debug_aranges
                0x00000000       0x38 build-all/lib/fdt.o
 .debug_rnglists
                0x00000000       0x25 build-all/lib/fdt.o
 .debug_line    0x00000000      0x108 build-all/lib/fdt.o
 .debug_str     0x00000000      0x2c1 build-all/lib/fdt.o
 .comment       0x00000000       0x27 build-all/lib/fdt.o
 .debug_frame   0x00000000       0x60 build-all/lib/fdt.o
 .ARM.attributes
                0x00000000       0x35 build-all/lib/fdt.o
 .text          0x00000000        0x0 build-all/lib/string.o
 .data          0x00000000        0x0 build-all/lib/string.o
 .bss           0x00000000        0x0 build-all/lib/string.o
 .text.memcmp   0x00000000       0x1c build-all/lib/string.o
 .text.strlen   0x00000000        0x4 build-all/lib/string.o
 .text.strcpy   0x00000000       0x10 build-all/lib/string.o
 .text.strcat   0x00000000       0x1e build-all/lib/string.o
 .text.strcmp   0x00000000       0x20 build-all/lib/string.o
 .text.strncmp  0x00000000       0x2c build-all/lib/string.o
 .text.strchr   0x00000000       0x18 build-all/lib/string.o
 .text.strstr   0x00000000       0x24 build-all/lib/string.o
 .text.memchr   0x00000000       0x1a build-all/lib/string.o
 .text.memmove  0x00000000       0x2e build-all/lib/string.o
 .text          0x00000000        0x0 build-all/arch/arm32/mach-t113s3/dram.o
 .data          0x00000000        0x0 build-all/arch/arm32/mach-t113s3/dram.o
 .bss           0x00000000        0x0 build-all/arch/arm32/mach-t113s3/dram.o
 .text.unlikely.abort
                0x00000000        0x2 build-all/arch/arm32/mach-t113s3/dram.o
 .text.print_pointer_address
                0x00000000       0x44 build-all/arch/arm32/mach-t113s3/dram.o
 .text          0x00000000        0x0 build-all/arch/arm32/mach-t113s3/sunxi_usart.o
 .data          0x00000000        0x0 build-all/arch/arm32/mach-t113s3/sunxi_usart.o
 .bss           0x00000000        0x0 build-all/arch/arm32/mach-t113s3/sunxi_usart.o
 .text.sunxi_usart_init
                0x00000000       0x6c build-all/arch/arm32/mach-t113s3/sunxi_usart.o
 .text          0x00000000        0x0 build-all/arch/arm32/mach-t113s3/arch_timer.o
 .data          0x00000000        0x0 build-all/arch/arm32/mach-t113s3/arch_timer.o
 .bss           0x00000000        0x0 build-all/arch/arm32/mach-t113s3/arch_timer.o
 .text.get_arch_counter
                0x00000000        0x6 build-all/arch/arm32/mach-t113s3/arch_timer.o
 .text          0x00000000        0x0 build-all/arch/arm32/mach-t113s3/sunxi_spi.o
 .data          0x00000000        0x0 build-all/arch/arm32/mach-t113s3/sunxi_spi.o
 .bss           0x00000000        0x0 build-all/arch/arm32/mach-t113s3/sunxi_spi.o
 .rodata.spi_transfer.str1.1
                0x00000000       0x5a build-all/arch/arm32/mach-t113s3/sunxi_spi.o
 .text.spi_transfer
                0x00000000      0x144 build-all/arch/arm32/mach-t113s3/sunxi_spi.o
 .text.spi_nand_get_config
                0x00000000       0x24 build-all/arch/arm32/mach-t113s3/sunxi_spi.o
 .text.spi_nand_wait_while_busy
                0x00000000       0x36 build-all/arch/arm32/mach-t113s3/sunxi_spi.o
 .text.spi_nand_load_page.isra.0
                0x00000000       0x36 build-all/arch/arm32/mach-t113s3/sunxi_spi.o
 .text.spi_nand_set_config.isra.0
                0x00000000       0x24 build-all/arch/arm32/mach-t113s3/sunxi_spi.o
 .rodata.sunxi_spi_init.str1.1
                0x00000000       0xc2 build-all/arch/arm32/mach-t113s3/sunxi_spi.o
 .text.sunxi_spi_init
                0x00000000      0x228 build-all/arch/arm32/mach-t113s3/sunxi_spi.o
 .text.sunxi_spi_disable
                0x00000000       0x30 build-all/arch/arm32/mach-t113s3/sunxi_spi.o
 .rodata.spi_nand_detect.str1.1
                0x00000000       0x96 build-all/arch/arm32/mach-t113s3/sunxi_spi.o
 .text.spi_nand_detect
                0x00000000      0x180 build-all/arch/arm32/mach-t113s3/sunxi_spi.o
 .rodata.spi_nand_read.str1.1
                0x00000000       0x49 build-all/arch/arm32/mach-t113s3/sunxi_spi.o
 .text.spi_nand_read
                0x00000000       0xf8 build-all/arch/arm32/mach-t113s3/sunxi_spi.o
 .rodata.CSWTCH.56
                0x00000000        0x4 build-all/arch/arm32/mach-t113s3/sunxi_spi.o
 .rodata.CSWTCH.55
                0x00000000        0x4 build-all/arch/arm32/mach-t113s3/sunxi_spi.o
 .bss.spi_rx_dma_hd
                0x00000000        0x4 build-all/arch/arm32/mach-t113s3/sunxi_spi.o
 .bss.spi_rx_dma
                0x00000000       0x10 build-all/arch/arm32/mach-t113s3/sunxi_spi.o
 .bss.spip      0x00000000        0x4 build-all/arch/arm32/mach-t113s3/sunxi_spi.o
 .rodata.str1.1
                0x00000000      0x1c8 build-all/arch/arm32/mach-t113s3/sunxi_spi.o
 .rodata.spi_nand_infos
                0x00000000      0x4c8 build-all/arch/arm32/mach-t113s3/sunxi_spi.o
 .debug_info    0x00000000     0x1f42 build-all/arch/arm32/mach-t113s3/sunxi_spi.o
 .debug_abbrev  0x00000000      0x46b build-all/arch/arm32/mach-t113s3/sunxi_spi.o
 .debug_loclists
                0x00000000      0xd49 build-all/arch/arm32/mach-t113s3/sunxi_spi.o
 .debug_aranges
                0x00000000       0x60 build-all/arch/arm32/mach-t113s3/sunxi_spi.o
 .debug_rnglists
                0x00000000      0x1ae build-all/arch/arm32/mach-t113s3/sunxi_spi.o
 .debug_line    0x00000000      0xdc4 build-all/arch/arm32/mach-t113s3/sunxi_spi.o
 .debug_str     0x00000000      0xc62 build-all/arch/arm32/mach-t113s3/sunxi_spi.o
 .comment       0x00000000       0x27 build-all/arch/arm32/mach-t113s3/sunxi_spi.o
 .debug_frame   0x00000000      0x138 build-all/arch/arm32/mach-t113s3/sunxi_spi.o
 .ARM.attributes
                0x00000000       0x35 build-all/arch/arm32/mach-t113s3/sunxi_spi.o
 .text          0x00000000        0x0 build-all/arch/arm32/mach-t113s3/sunxi_dma.o
 .data          0x00000000        0x0 build-all/arch/arm32/mach-t113s3/sunxi_dma.o
 .bss           0x00000000        0x0 build-all/arch/arm32/mach-t113s3/sunxi_dma.o
 .rodata.dma_init.str1.1
                0x00000000       0x10 build-all/arch/arm32/mach-t113s3/sunxi_dma.o
 .text.dma_init
                0x00000000       0xac build-all/arch/arm32/mach-t113s3/sunxi_dma.o
 .text.dma_exit
                0x00000000       0x4c build-all/arch/arm32/mach-t113s3/sunxi_dma.o
 .text.dma_request_from_last
                0x00000000       0x28 build-all/arch/arm32/mach-t113s3/sunxi_dma.o
 .rodata.dma_request.str1.1
                0x00000000       0x1e build-all/arch/arm32/mach-t113s3/sunxi_dma.o
 .text.dma_request
                0x00000000       0x34 build-all/arch/arm32/mach-t113s3/sunxi_dma.o
 .text.dma_release
                0x00000000       0x12 build-all/arch/arm32/mach-t113s3/sunxi_dma.o
 .text.dma_setting
                0x00000000       0x34 build-all/arch/arm32/mach-t113s3/sunxi_dma.o
 .text.dma_start
                0x00000000       0x20 build-all/arch/arm32/mach-t113s3/sunxi_dma.o
 .text.dma_stop
                0x00000000       0x12 build-all/arch/arm32/mach-t113s3/sunxi_dma.o
 .text.dma_querystatus
                0x00000000       0x20 build-all/arch/arm32/mach-t113s3/sunxi_dma.o
 .rodata.dma_test.str1.1
                0x00000000       0xae build-all/arch/arm32/mach-t113s3/sunxi_dma.o
 .text.dma_test
                0x00000000      0x15c build-all/arch/arm32/mach-t113s3/sunxi_dma.o
 .bss.dma_channel_desc
                0x00000000      0x200 build-all/arch/arm32/mach-t113s3/sunxi_dma.o
 .bss.dma_channel_source
                0x00000000      0x1c0 build-all/arch/arm32/mach-t113s3/sunxi_dma.o
 .data.dma_init_ok
                0x00000000        0x4 build-all/arch/arm32/mach-t113s3/sunxi_dma.o
 .debug_info    0x00000000     0x177c build-all/arch/arm32/mach-t113s3/sunxi_dma.o
 .debug_abbrev  0x00000000      0x2bc build-all/arch/arm32/mach-t113s3/sunxi_dma.o
 .debug_loclists
                0x00000000      0x384 build-all/arch/arm32/mach-t113s3/sunxi_dma.o
 .debug_aranges
                0x00000000       0x68 build-all/arch/arm32/mach-t113s3/sunxi_dma.o
 .debug_rnglists
                0x00000000       0x4b build-all/arch/arm32/mach-t113s3/sunxi_dma.o
 .debug_line    0x00000000      0x656 build-all/arch/arm32/mach-t113s3/sunxi_dma.o
 .debug_str     0x00000000     0x110c build-all/arch/arm32/mach-t113s3/sunxi_dma.o
 .comment       0x00000000       0x27 build-all/arch/arm32/mach-t113s3/sunxi_dma.o
 .debug_frame   0x00000000       0xf4 build-all/arch/arm32/mach-t113s3/sunxi_dma.o
 .ARM.attributes
                0x00000000       0x35 build-all/arch/arm32/mach-t113s3/sunxi_dma.o
 .text          0x00000000        0x0 build-all/arch/arm32/mach-t113s3/sunxi_gpio.o
 .data          0x00000000        0x0 build-all/arch/arm32/mach-t113s3/sunxi_gpio.o
 .bss           0x00000000        0x0 build-all/arch/arm32/mach-t113s3/sunxi_gpio.o
 .text.sunxi_gpio_init
                0x00000000       0x3a build-all/arch/arm32/mach-t113s3/sunxi_gpio.o
 .text.sunxi_gpio_read
                0x00000000       0x28 build-all/arch/arm32/mach-t113s3/sunxi_gpio.o
 .text.sunxi_gpio_set_pull
                0x00000000       0x3e build-all/arch/arm32/mach-t113s3/sunxi_gpio.o
 .text          0x00000000        0x0 build-all/arch/arm32/mach-t113s3/sdmmc.o
 .data          0x00000000        0x0 build-all/arch/arm32/mach-t113s3/sdmmc.o
 .bss           0x00000000        0x0 build-all/arch/arm32/mach-t113s3/sdmmc.o
 .text.go_idle_state
                0x00000000       0x30 build-all/arch/arm32/mach-t113s3/sdmmc.o
 .rodata.sdmmc_status.isra.0.str1.1
                0x00000000       0x19 build-all/arch/arm32/mach-t113s3/sdmmc.o
 .text.sdmmc_status.isra.0
                0x00000000       0x60 build-all/arch/arm32/mach-t113s3/sdmmc.o
 .rodata.sdmmc_blk_read.str1.1
                0x00000000       0x39 build-all/arch/arm32/mach-t113s3/sdmmc.o
 .text.sdmmc_blk_read
                0x00000000       0xfc build-all/arch/arm32/mach-t113s3/sdmmc.o
 .rodata.sdmmc_init.str1.1
                0x00000000      0x100 build-all/arch/arm32/mach-t113s3/sdmmc.o
 .text.sdmmc_init
                0x00000000      0x7a8 build-all/arch/arm32/mach-t113s3/sdmmc.o
 .rodata.tran_speed_time
                0x00000000       0x10 build-all/arch/arm32/mach-t113s3/sdmmc.o
 .rodata.tran_speed_unit
                0x00000000       0x10 build-all/arch/arm32/mach-t113s3/sdmmc.o
 .bss.card0     0x00000000      0x450 build-all/arch/arm32/mach-t113s3/sdmmc.o
 .debug_info    0x00000000     0x1b66 build-all/arch/arm32/mach-t113s3/sdmmc.o
 .debug_abbrev  0x00000000      0x439 build-all/arch/arm32/mach-t113s3/sdmmc.o
 .debug_loclists
                0x00000000      0x879 build-all/arch/arm32/mach-t113s3/sdmmc.o
 .debug_aranges
                0x00000000       0x38 build-all/arch/arm32/mach-t113s3/sdmmc.o
 .debug_rnglists
                0x00000000       0xe6 build-all/arch/arm32/mach-t113s3/sdmmc.o
 .debug_line    0x00000000      0xbfe build-all/arch/arm32/mach-t113s3/sdmmc.o
 .debug_str     0x00000000      0xd40 build-all/arch/arm32/mach-t113s3/sdmmc.o
 .comment       0x00000000       0x27 build-all/arch/arm32/mach-t113s3/sdmmc.o
 .debug_frame   0x00000000       0xc4 build-all/arch/arm32/mach-t113s3/sdmmc.o
 .ARM.attributes
                0x00000000       0x35 build-all/arch/arm32/mach-t113s3/sdmmc.o
 .text          0x00000000        0x0 build-all/arch/arm32/mach-t113s3/sunxi_sdhci.o
 .data          0x00000000        0x0 build-all/arch/arm32/mach-t113s3/sunxi_sdhci.o
 .bss           0x00000000        0x0 build-all/arch/arm32/mach-t113s3/sunxi_sdhci.o
 .rodata.wait_done.str1.1
                0x00000000       0x76 build-all/arch/arm32/mach-t113s3/sunxi_sdhci.o
 .text.wait_done
                0x00000000       0x90 build-all/arch/arm32/mach-t113s3/sunxi_sdhci.o
 .text.update_card_clock
                0x00000000       0x34 build-all/arch/arm32/mach-t113s3/sunxi_sdhci.o
 .rodata.sdhci_transfer.str1.1
                0x00000000      0x1e3 build-all/arch/arm32/mach-t113s3/sunxi_sdhci.o
 .text.sdhci_transfer
                0x00000000      0x4c0 build-all/arch/arm32/mach-t113s3/sunxi_sdhci.o
 .text.sdhci_reset
                0x00000000        0xa build-all/arch/arm32/mach-t113s3/sunxi_sdhci.o
 .rodata.sdhci_set_width.str1.1
                0x00000000       0x56 build-all/arch/arm32/mach-t113s3/sunxi_sdhci.o
 .text.sdhci_set_width
                0x00000000       0x5c build-all/arch/arm32/mach-t113s3/sunxi_sdhci.o
 .rodata.sdhci_set_clock.str1.1
                0x00000000       0xc8 build-all/arch/arm32/mach-t113s3/sunxi_sdhci.o
 .text.sdhci_set_clock
                0x00000000      0x20c build-all/arch/arm32/mach-t113s3/sunxi_sdhci.o
 .text.sunxi_sdhci_init
                0x00000000       0xc8 build-all/arch/arm32/mach-t113s3/sunxi_sdhci.o
 .debug_info    0x00000000     0x2233 build-all/arch/arm32/mach-t113s3/sunxi_sdhci.o
 .debug_abbrev  0x00000000      0x3c7 build-all/arch/arm32/mach-t113s3/sunxi_sdhci.o
 .debug_loclists
                0x00000000      0x988 build-all/arch/arm32/mach-t113s3/sunxi_sdhci.o
 .debug_aranges
                0x00000000       0x50 build-all/arch/arm32/mach-t113s3/sunxi_sdhci.o
 .debug_rnglists
                0x00000000       0x78 build-all/arch/arm32/mach-t113s3/sunxi_sdhci.o
 .debug_line    0x00000000      0xc81 build-all/arch/arm32/mach-t113s3/sunxi_sdhci.o
 .debug_str     0x00000000     0x159c build-all/arch/arm32/mach-t113s3/sunxi_sdhci.o
 .comment       0x00000000       0x27 build-all/arch/arm32/mach-t113s3/sunxi_sdhci.o
 .debug_frame   0x00000000       0xe4 build-all/arch/arm32/mach-t113s3/sunxi_sdhci.o
 .ARM.attributes
                0x00000000       0x35 build-all/arch/arm32/mach-t113s3/sunxi_sdhci.o
 .text          0x00000000        0x0 build-all/arch/arm32/mach-t113s3/sunxi_clk.o
 .data          0x00000000        0x0 build-all/arch/arm32/mach-t113s3/sunxi_clk.o
 .bss           0x00000000        0x0 build-all/arch/arm32/mach-t113s3/sunxi_clk.o
 .text.sunxi_clk_get_peri1x_rate
                0x00000000       0x3c build-all/arch/arm32/mach-t113s3/sunxi_clk.o
 .rodata.ccu    0x00000000        0x4 build-all/arch/arm32/mach-t113s3/sunxi_clk.o
 .text          0x00000000        0x0 build-all/arch/arm32/mach-t113s3/exception.o
 .data          0x00000000        0x0 build-all/arch/arm32/mach-t113s3/exception.o
 .bss           0x00000000        0x0 build-all/arch/arm32/mach-t113s3/exception.o
 .text          0x00000000        0x0 build-all/lib/fatfs/ff.o
 .data          0x00000000        0x0 build-all/lib/fatfs/ff.o
 .bss           0x00000000        0x0 build-all/lib/fatfs/ff.o
 .text.ld_dword
                0x00000000       0x16 build-all/lib/fatfs/ff.o
 .text.ld_qword
                0x00000000       0x2c build-all/lib/fatfs/ff.o
 .text.get_ldnumber
                0x00000000       0x2a build-all/lib/fatfs/ff.o
 .text.validate
                0x00000000       0x34 build-all/lib/fatfs/ff.o
 .text.move_window
                0x00000000       0x38 build-all/lib/fatfs/ff.o
 .rodata.check_fs.str1.1
                0x00000000       0x15 build-all/lib/fatfs/ff.o
 .text.check_fs
                0x00000000      0x120 build-all/lib/fatfs/ff.o
 .text.get_fat  0x00000000      0x158 build-all/lib/fatfs/ff.o
 .text.init_alloc_info.isra.0
                0x00000000       0x2a build-all/lib/fatfs/ff.o
 .text.dir_sdi.constprop.0
                0x00000000       0x84 build-all/lib/fatfs/ff.o
 .text.dir_next.constprop.0
                0x00000000       0xa6 build-all/lib/fatfs/ff.o
 .text.mount_volume.constprop.0
                0x00000000      0x4d0 build-all/lib/fatfs/ff.o
 .text.f_mount  0x00000000       0x4c build-all/lib/fatfs/ff.o
 .rodata.f_open.str1.1
                0x00000000       0x10 build-all/lib/fatfs/ff.o
 .text.f_open   0x00000000      0x8a8 build-all/lib/fatfs/ff.o
 .text.f_read   0x00000000      0x190 build-all/lib/fatfs/ff.o
 .text.f_close  0x00000000       0x12 build-all/lib/fatfs/ff.o
 .rodata.ExCvt  0x00000000       0x80 build-all/lib/fatfs/ff.o
 .bss.LfnBuf    0x00000000      0x200 build-all/lib/fatfs/ff.o
 .bss.DirBuf    0x00000000      0x260 build-all/lib/fatfs/ff.o
 .rodata.LfnOfs
                0x00000000        0xd build-all/lib/fatfs/ff.o
 .rodata.GUID_MS_Basic
                0x00000000       0x10 build-all/lib/fatfs/ff.o
 .bss.Fsid      0x00000000        0x2 build-all/lib/fatfs/ff.o
 .bss.FatFs     0x00000000        0x4 build-all/lib/fatfs/ff.o
 .rodata        0x00000000        0xc build-all/lib/fatfs/ff.o
 .debug_info    0x00000000     0x250a build-all/lib/fatfs/ff.o
 .debug_abbrev  0x00000000      0x371 build-all/lib/fatfs/ff.o
 .debug_loclists
                0x00000000     0x21e1 build-all/lib/fatfs/ff.o
 .debug_aranges
                0x00000000       0x90 build-all/lib/fatfs/ff.o
 .debug_rnglists
                0x00000000      0x207 build-all/lib/fatfs/ff.o
 .debug_line    0x00000000     0x1d4d build-all/lib/fatfs/ff.o
 .debug_str     0x00000000      0x701 build-all/lib/fatfs/ff.o
 .comment       0x00000000       0x27 build-all/lib/fatfs/ff.o
 .debug_frame   0x00000000      0x1ec build-all/lib/fatfs/ff.o
 .ARM.attributes
                0x00000000       0x35 build-all/lib/fatfs/ff.o
 .text          0x00000000        0x0 build-all/lib/fatfs/diskio.o
 .data          0x00000000        0x0 build-all/lib/fatfs/diskio.o
 .bss           0x00000000        0x0 build-all/lib/fatfs/diskio.o
 .text.disk_status
                0x00000000       0x10 build-all/lib/fatfs/diskio.o
 .text.disk_initialize
                0x00000000       0x18 build-all/lib/fatfs/diskio.o
 .rodata.disk_read.str1.1
                0x00000000       0xee build-all/lib/fatfs/diskio.o
 .text.disk_read
                0x00000000      0x170 build-all/lib/fatfs/diskio.o
 .text.disk_ioctl
                0x00000000        0x4 build-all/lib/fatfs/diskio.o
 .data.cache_pdrv
                0x00000000        0x1 build-all/lib/fatfs/diskio.o
 .bss.cache_bitmap
                0x00000000      0x100 build-all/lib/fatfs/diskio.o
 .data.Stat     0x00000000        0x1 build-all/lib/fatfs/diskio.o
 .debug_info    0x00000000      0xc30 build-all/lib/fatfs/diskio.o
 .debug_abbrev  0x00000000      0x2a6 build-all/lib/fatfs/diskio.o
 .debug_loclists
                0x00000000      0x19c build-all/lib/fatfs/diskio.o
 .debug_aranges
                0x00000000       0x38 build-all/lib/fatfs/diskio.o
 .debug_rnglists
                0x00000000       0x45 build-all/lib/fatfs/diskio.o
 .debug_line    0x00000000      0x262 build-all/lib/fatfs/diskio.o
 .debug_str     0x00000000      0x68f build-all/lib/fatfs/diskio.o
 .comment       0x00000000       0x27 build-all/lib/fatfs/diskio.o
 .debug_frame   0x00000000       0x70 build-all/lib/fatfs/diskio.o
 .ARM.attributes
                0x00000000       0x35 build-all/lib/fatfs/diskio.o
 .text          0x00000000        0x0 build-all/lib/fatfs/ffsystem.o
 .data          0x00000000        0x0 build-all/lib/fatfs/ffsystem.o
 .bss           0x00000000        0x0 build-all/lib/fatfs/ffsystem.o
 .debug_info    0x00000000       0x81 build-all/lib/fatfs/ffsystem.o
 .debug_abbrev  0x00000000       0x26 build-all/lib/fatfs/ffsystem.o
 .debug_aranges
                0x00000000       0x18 build-all/lib/fatfs/ffsystem.o
 .debug_line    0x00000000       0x35 build-all/lib/fatfs/ffsystem.o
 .debug_str     0x00000000      0x1ae build-all/lib/fatfs/ffsystem.o
 .comment       0x00000000       0x27 build-all/lib/fatfs/ffsystem.o
 .ARM.attributes
                0x00000000       0x35 build-all/lib/fatfs/ffsystem.o
 .text          0x00000000        0x0 build-all/lib/fatfs/ffunicode.o
 .data          0x00000000        0x0 build-all/lib/fatfs/ffunicode.o
 .bss           0x00000000        0x0 build-all/lib/fatfs/ffunicode.o
 .text.ff_uni2oem
                0x00000000       0x3c build-all/lib/fatfs/ffunicode.o
 .text.ff_oem2uni
                0x00000000       0x28 build-all/lib/fatfs/ffunicode.o
 .text.ff_wtoupper
                0x00000000       0x90 build-all/lib/fatfs/ffunicode.o
 .rodata.cvt2.0
                0x00000000       0xbc build-all/lib/fatfs/ffunicode.o
 .rodata.cvt1.1
                0x00000000      0x1f2 build-all/lib/fatfs/ffunicode.o
 .rodata.uc437  0x00000000      0x100 build-all/lib/fatfs/ffunicode.o
 .debug_info    0x00000000      0x297 build-all/lib/fatfs/ffunicode.o
 .debug_abbrev  0x00000000       0xf7 build-all/lib/fatfs/ffunicode.o
 .debug_loclists
                0x00000000      0x1ef build-all/lib/fatfs/ffunicode.o
 .debug_aranges
                0x00000000       0x30 build-all/lib/fatfs/ffunicode.o
 .debug_rnglists
                0x00000000       0x20 build-all/lib/fatfs/ffunicode.o
 .debug_line    0x00000000      0x23d build-all/lib/fatfs/ffunicode.o
 .debug_str     0x00000000      0x204 build-all/lib/fatfs/ffunicode.o
 .comment       0x00000000       0x27 build-all/lib/fatfs/ffunicode.o
 .debug_frame   0x00000000       0x50 build-all/lib/fatfs/ffunicode.o
 .ARM.attributes
                0x00000000       0x35 build-all/lib/fatfs/ffunicode.o
 .text          0x00000000      0x378 /usr/lib/gcc/arm-none-eabi/12.2.1/thumb/v7ve+simd/hard/libgcc.a(_arm_addsubdf3.o)
 .data          0x00000000        0x0 /usr/lib/gcc/arm-none-eabi/12.2.1/thumb/v7ve+simd/hard/libgcc.a(_arm_addsubdf3.o)
 .bss           0x00000000        0x0 /usr/lib/gcc/arm-none-eabi/12.2.1/thumb/v7ve+simd/hard/libgcc.a(_arm_addsubdf3.o)
 .debug_line    0x00000000      0x16f /usr/lib/gcc/arm-none-eabi/12.2.1/thumb/v7ve+simd/hard/libgcc.a(_arm_addsubdf3.o)
 .debug_line_str
                0x00000000       0x9d /usr/lib/gcc/arm-none-eabi/12.2.1/thumb/v7ve+simd/hard/libgcc.a(_arm_addsubdf3.o)
 .debug_info    0x00000000       0xb6 /usr/lib/gcc/arm-none-eabi/12.2.1/thumb/v7ve+simd/hard/libgcc.a(_arm_addsubdf3.o)
 .debug_abbrev  0x00000000       0x21 /usr/lib/gcc/arm-none-eabi/12.2.1/thumb/v7ve+simd/hard/libgcc.a(_arm_addsubdf3.o)
 .debug_aranges
                0x00000000       0x20 /usr/lib/gcc/arm-none-eabi/12.2.1/thumb/v7ve+simd/hard/libgcc.a(_arm_addsubdf3.o)
 .debug_str     0x00000000      0x155 /usr/lib/gcc/arm-none-eabi/12.2.1/thumb/v7ve+simd/hard/libgcc.a(_arm_addsubdf3.o)
 .debug_frame   0x00000000       0xac /usr/lib/gcc/arm-none-eabi/12.2.1/thumb/v7ve+simd/hard/libgcc.a(_arm_addsubdf3.o)
 .ARM.attributes
                0x00000000       0x29 /usr/lib/gcc/arm-none-eabi/12.2.1/thumb/v7ve+simd/hard/libgcc.a(_arm_addsubdf3.o)
 .text          0x00000000      0x21c /usr/lib/gcc/arm-none-eabi/12.2.1/thumb/v7ve+simd/hard/libgcc.a(_arm_addsubsf3.o)
 .data          0x00000000        0x0 /usr/lib/gcc/arm-none-eabi/12.2.1/thumb/v7ve+simd/hard/libgcc.a(_arm_addsubsf3.o)
 .bss           0x00000000        0x0 /usr/lib/gcc/arm-none-eabi/12.2.1/thumb/v7ve+simd/hard/libgcc.a(_arm_addsubsf3.o)
 .debug_line    0x00000000      0x103 /usr/lib/gcc/arm-none-eabi/12.2.1/thumb/v7ve+simd/hard/libgcc.a(_arm_addsubsf3.o)
 .debug_line_str
                0x00000000       0x9d /usr/lib/gcc/arm-none-eabi/12.2.1/thumb/v7ve+simd/hard/libgcc.a(_arm_addsubsf3.o)
 .debug_info    0x00000000       0xaf /usr/lib/gcc/arm-none-eabi/12.2.1/thumb/v7ve+simd/hard/libgcc.a(_arm_addsubsf3.o)
 .debug_abbrev  0x00000000       0x21 /usr/lib/gcc/arm-none-eabi/12.2.1/thumb/v7ve+simd/hard/libgcc.a(_arm_addsubsf3.o)
 .debug_aranges
                0x00000000       0x20 /usr/lib/gcc/arm-none-eabi/12.2.1/thumb/v7ve+simd/hard/libgcc.a(_arm_addsubsf3.o)
 .debug_str     0x00000000      0x149 /usr/lib/gcc/arm-none-eabi/12.2.1/thumb/v7ve+simd/hard/libgcc.a(_arm_addsubsf3.o)
 .debug_frame   0x00000000       0x4c /usr/lib/gcc/arm-none-eabi/12.2.1/thumb/v7ve+simd/hard/libgcc.a(_arm_addsubsf3.o)
 .ARM.attributes
                0x00000000       0x29 /usr/lib/gcc/arm-none-eabi/12.2.1/thumb/v7ve+simd/hard/libgcc.a(_arm_addsubsf3.o)
 .text          0x00000000       0xa0 /usr/lib/gcc/arm-none-eabi/12.2.1/thumb/v7ve+simd/hard/libgcc.a(_aeabi_ldivmod.o)
 .data          0x00000000        0x0 /usr/lib/gcc/arm-none-eabi/12.2.1/thumb/v7ve+simd/hard/libgcc.a(_aeabi_ldivmod.o)
 .bss           0x00000000        0x0 /usr/lib/gcc/arm-none-eabi/12.2.1/thumb/v7ve+simd/hard/libgcc.a(_aeabi_ldivmod.o)
 .debug_line    0x00000000       0x6c /usr/lib/gcc/arm-none-eabi/12.2.1/thumb/v7ve+simd/hard/libgcc.a(_aeabi_ldivmod.o)
 .debug_line_str
                0x00000000       0x98 /usr/lib/gcc/arm-none-eabi/12.2.1/thumb/v7ve+simd/hard/libgcc.a(_aeabi_ldivmod.o)
 .debug_info    0x00000000       0x25 /usr/lib/gcc/arm-none-eabi/12.2.1/thumb/v7ve+simd/hard/libgcc.a(_aeabi_ldivmod.o)
 .debug_abbrev  0x00000000       0x14 /usr/lib/gcc/arm-none-eabi/12.2.1/thumb/v7ve+simd/hard/libgcc.a(_aeabi_ldivmod.o)
 .debug_aranges
                0x00000000       0x20 /usr/lib/gcc/arm-none-eabi/12.2.1/thumb/v7ve+simd/hard/libgcc.a(_aeabi_ldivmod.o)
 .debug_str     0x00000000       0xa4 /usr/lib/gcc/arm-none-eabi/12.2.1/thumb/v7ve+simd/hard/libgcc.a(_aeabi_ldivmod.o)
 .debug_frame   0x00000000       0x44 /usr/lib/gcc/arm-none-eabi/12.2.1/thumb/v7ve+simd/hard/libgcc.a(_aeabi_ldivmod.o)
 .ARM.attributes
                0x00000000       0x29 /usr/lib/gcc/arm-none-eabi/12.2.1/thumb/v7ve+simd/hard/libgcc.a(_aeabi_ldivmod.o)
 .data          0x00000000        0x0 /usr/lib/gcc/arm-none-eabi/12.2.1/thumb/v7ve+simd/hard/libgcc.a(_aeabi_uldivmod.o)
 .bss           0x00000000        0x0 /usr/lib/gcc/arm-none-eabi/12.2.1/thumb/v7ve+simd/hard/libgcc.a(_aeabi_uldivmod.o)
 .data          0x00000000        0x0 /usr/lib/gcc/arm-none-eabi/12.2.1/thumb/v7ve+simd/hard/libgcc.a(_udivmoddi4.o)
 .bss           0x00000000        0x0 /usr/lib/gcc/arm-none-eabi/12.2.1/thumb/v7ve+simd/hard/libgcc.a(_udivmoddi4.o)
 .ARM.extab     0x00000000        0x0 /usr/lib/gcc/arm-none-eabi/12.2.1/thumb/v7ve+simd/hard/libgcc.a(_udivmoddi4.o)
 .data          0x00000000        0x0 /usr/lib/gcc/arm-none-eabi/12.2.1/thumb/v7ve+simd/hard/libgcc.a(unwind-arm.o)
 .bss           0x00000000        0x0 /usr/lib/gcc/arm-none-eabi/12.2.1/thumb/v7ve+simd/hard/libgcc.a(unwind-arm.o)
 .ARM.extab     0x00000000        0x0 /usr/lib/gcc/arm-none-eabi/12.2.1/thumb/v7ve+simd/hard/libgcc.a(unwind-arm.o)
 .data          0x00000000        0x0 /usr/lib/gcc/arm-none-eabi/12.2.1/thumb/v7ve+simd/hard/libgcc.a(libunwind.o)
 .bss           0x00000000        0x0 /usr/lib/gcc/arm-none-eabi/12.2.1/thumb/v7ve+simd/hard/libgcc.a(libunwind.o)
 .data          0x00000000        0x0 /usr/lib/gcc/arm-none-eabi/12.2.1/thumb/v7ve+simd/hard/libgcc.a(pr-support.o)
 .bss           0x00000000        0x0 /usr/lib/gcc/arm-none-eabi/12.2.1/thumb/v7ve+simd/hard/libgcc.a(pr-support.o)
 .text.unlikely
                0x00000000        0xc /usr/lib/gcc/arm-none-eabi/12.2.1/thumb/v7ve+simd/hard/libgcc.a(pr-support.o)
 .ARM.extab.text.unlikely
                0x00000000        0x0 /usr/lib/gcc/arm-none-eabi/12.2.1/thumb/v7ve+simd/hard/libgcc.a(pr-support.o)
 .ARM.exidx.text.unlikely
                0x00000000       0x10 /usr/lib/gcc/arm-none-eabi/12.2.1/thumb/v7ve+simd/hard/libgcc.a(pr-support.o)
 .data          0x00000000        0x0 /usr/lib/gcc/arm-none-eabi/12.2.1/thumb/v7ve+simd/hard/libgcc.a(_dvmd_tls.o)
 .bss           0x00000000        0x0 /usr/lib/gcc/arm-none-eabi/12.2.1/thumb/v7ve+simd/hard/libgcc.a(_dvmd_tls.o)

Memory Configuration

Name             Origin             Length             Attributes
flash            0x00420000         0x00080000         xr
ram              0x00030000         0x00018000         xrw
*default*        0x00000000         0xffffffff

Linker script and memory map

LOAD build-all/arch/arm32/mach-t113s3/start.o
LOAD build-all/arch/arm32/mach-t113s3/memcpy.o
LOAD build-all/main.o
LOAD build-all/board.o
LOAD build-all/lib/debug.o
LOAD build-all/lib/xformat.o
LOAD build-all/lib/fdt.o
LOAD build-all/lib/string.o
LOAD build-all/arch/arm32/mach-t113s3/dram.o
LOAD build-all/arch/arm32/mach-t113s3/sunxi_usart.o
LOAD build-all/arch/arm32/mach-t113s3/arch_timer.o
LOAD build-all/arch/arm32/mach-t113s3/sunxi_spi.o
LOAD build-all/arch/arm32/mach-t113s3/sunxi_dma.o
LOAD build-all/arch/arm32/mach-t113s3/sunxi_gpio.o
LOAD build-all/arch/arm32/mach-t113s3/sdmmc.o
LOAD build-all/arch/arm32/mach-t113s3/sunxi_sdhci.o
LOAD build-all/arch/arm32/mach-t113s3/sunxi_clk.o
LOAD build-all/arch/arm32/mach-t113s3/exception.o
LOAD build-all/lib/fatfs/ff.o
LOAD build-all/lib/fatfs/diskio.o
LOAD build-all/lib/fatfs/ffsystem.o
LOAD build-all/lib/fatfs/ffunicode.o
LOAD /usr/lib/gcc/arm-none-eabi/12.2.1/thumb/v7ve+simd/hard/libgcc.a
                0x00001000                        STACK_SIZE = 0x1000

.text           0x00420000     0x35ec
                0x00420000                        . = ALIGN (0x4)
                0x00420000                        PROVIDE (__spl_start = .)
 *(.text .text.*)
 .text          0x00420000      0x738 build-all/arch/arm32/mach-t113s3/start.o
                0x00420000                reset
 *fill*         0x00420738        0x8 
 .text          0x00420740       0xe4 build-all/arch/arm32/mach-t113s3/memcpy.o
                0x00420740                memcpy
 .text.startup.main
                0x00420824      0x174 build-all/main.o
                0x00420824                main
 .text.putint   0x00420998       0x54 build-all/lib/debug.o
                0x00420998                putint
 .text.send_string_via_usart
                0x004209ec       0x20 build-all/lib/debug.o
                0x004209ec                send_string_via_usart
 .text.message  0x00420a0c       0x12 build-all/lib/debug.o
                0x00420a0c                message
 .text.memset   0x00420a1e       0x10 build-all/lib/string.o
                0x00420a1e                memset
 .text.calculate_rank_size
                0x00420a2e       0x1a build-all/arch/arm32/mach-t113s3/dram.o
 .text.ns_to_t.isra.0
                0x00420a48       0x12 build-all/arch/arm32/mach-t113s3/dram.o
 *fill*         0x00420a5a        0x2 
 .text.mctl_core_init
                0x00420a5c      0xe34 build-all/arch/arm32/mach-t113s3/dram.o
 .text.init_DRAM
                0x00421890      0x688 build-all/arch/arm32/mach-t113s3/dram.o
                0x00421890                init_DRAM
 .text.sunxi_dram_init
                0x00421f18       0x24 build-all/arch/arm32/mach-t113s3/dram.o
                0x00421f18                sunxi_dram_init
 .text.sunxi_usart_putc
                0x00421f3c       0x20 build-all/arch/arm32/mach-t113s3/sunxi_usart.o
                0x00421f3c                sunxi_usart_putc
 .text.time_ms  0x00421f5c       0x12 build-all/arch/arm32/mach-t113s3/arch_timer.o
                0x00421f5c                time_ms
 .text.time_us  0x00421f6e       0x10 build-all/arch/arm32/mach-t113s3/arch_timer.o
                0x00421f6e                time_us
 .text.udelay   0x00421f7e       0x20 build-all/arch/arm32/mach-t113s3/arch_timer.o
                0x00421f7e                udelay
 .text.mdelay   0x00421f9e       0x22 build-all/arch/arm32/mach-t113s3/arch_timer.o
                0x00421f9e                mdelay
 .text.sdelay   0x00421fc0        0x6 build-all/arch/arm32/mach-t113s3/arch_timer.o
                0x00421fc0                sdelay
 .text.sunxi_gpio_set_value
                0x00421fc6       0x32 build-all/arch/arm32/mach-t113s3/sunxi_gpio.o
                0x00421fc6                sunxi_gpio_set_value
 .text.set_module
                0x00421ff8       0x30 build-all/arch/arm32/mach-t113s3/sunxi_clk.o
 .text.set_pll_cpux_axi
                0x00422028       0x94 build-all/arch/arm32/mach-t113s3/sunxi_clk.o
                0x00422028                set_pll_cpux_axi
 .text.sunxi_clk_init
                0x004220bc       0xd8 build-all/arch/arm32/mach-t113s3/sunxi_clk.o
                0x004220bc                sunxi_clk_init
 .text.show_regs
                0x00422194       0x4c build-all/arch/arm32/mach-t113s3/exception.o
 .text.arm32_do_undefined_instruction
                0x004221e0       0x20 build-all/arch/arm32/mach-t113s3/exception.o
                0x004221e0                arm32_do_undefined_instruction
 .text.arm32_do_software_interrupt
                0x00422200       0x20 build-all/arch/arm32/mach-t113s3/exception.o
                0x00422200                arm32_do_software_interrupt
 .text.arm32_do_prefetch_abort
                0x00422220       0x20 build-all/arch/arm32/mach-t113s3/exception.o
                0x00422220                arm32_do_prefetch_abort
 .text.arm32_do_data_abort
                0x00422240       0x20 build-all/arch/arm32/mach-t113s3/exception.o
                0x00422240                arm32_do_data_abort
 .text.arm32_do_irq
                0x00422260       0x20 build-all/arch/arm32/mach-t113s3/exception.o
                0x00422260                arm32_do_irq
 .text.arm32_do_fiq
                0x00422280       0x2c build-all/arch/arm32/mach-t113s3/exception.o
                0x00422280                arm32_do_fiq
 .text          0x004222ac       0x30 /usr/lib/gcc/arm-none-eabi/12.2.1/thumb/v7ve+simd/hard/libgcc.a(_aeabi_uldivmod.o)
                0x004222ac                __aeabi_uldivmod
 .text          0x004222dc      0x380 /usr/lib/gcc/arm-none-eabi/12.2.1/thumb/v7ve+simd/hard/libgcc.a(_udivmoddi4.o)
                0x004222dc                __udivmoddi4
 .text          0x0042265c      0xa68 /usr/lib/gcc/arm-none-eabi/12.2.1/thumb/v7ve+simd/hard/libgcc.a(unwind-arm.o)
                0x00422914                _Unwind_GetCFA
                0x00422918                __gnu_Unwind_RaiseException
                0x00422980                __gnu_Unwind_ForcedUnwind
                0x00422994                __gnu_Unwind_Resume
                0x004229d4                __gnu_Unwind_Resume_or_Rethrow
                0x004229e8                _Unwind_Complete
                0x004229ec                _Unwind_DeleteException
                0x004229f8                _Unwind_VRS_Get
                0x00422a48                _Unwind_VRS_Set
                0x00422a98                __gnu_Unwind_Backtrace
                0x00422de4                __aeabi_unwind_cpp_pr0
                0x00422de8                __aeabi_unwind_cpp_pr1
                0x00422dec                __aeabi_unwind_cpp_pr2
                0x00422df0                _Unwind_VRS_Pop
 .text          0x004230c4      0x1ac /usr/lib/gcc/arm-none-eabi/12.2.1/thumb/v7ve+simd/hard/libgcc.a(libunwind.o)
                0x004230c4                __restore_core_regs
                0x004230c4                restore_core_regs
                0x004230dc                __gnu_Unwind_Restore_VFP
                0x004230e4                __gnu_Unwind_Save_VFP
                0x004230ec                __gnu_Unwind_Restore_VFP_D
                0x004230f4                __gnu_Unwind_Save_VFP_D
                0x004230fc                __gnu_Unwind_Restore_VFP_D_16_to_31
                0x00423104                __gnu_Unwind_Save_VFP_D_16_to_31
                0x0042310c                __gnu_Unwind_Restore_WMMXD
                0x00423150                __gnu_Unwind_Save_WMMXD
                0x00423194                __gnu_Unwind_Restore_WMMXC
                0x004231a8                __gnu_Unwind_Save_WMMXC
                0x004231bc                ___Unwind_RaiseException
                0x004231bc                _Unwind_RaiseException
                0x004231e0                ___Unwind_Resume
                0x004231e0                _Unwind_Resume
                0x00423204                _Unwind_Resume_or_Rethrow
                0x00423204                ___Unwind_Resume_or_Rethrow
                0x00423228                ___Unwind_ForcedUnwind
                0x00423228                _Unwind_ForcedUnwind
                0x0042324c                _Unwind_Backtrace
                0x0042324c                ___Unwind_Backtrace
 .text          0x00423270      0x378 /usr/lib/gcc/arm-none-eabi/12.2.1/thumb/v7ve+simd/hard/libgcc.a(pr-support.o)
                0x004232c4                __gnu_unwind_execute
                0x00423598                __gnu_unwind_frame
                0x004235c8                _Unwind_GetRegionStart
                0x004235d4                _Unwind_GetLanguageSpecificData
 .text          0x004235e8        0x4 /usr/lib/gcc/arm-none-eabi/12.2.1/thumb/v7ve+simd/hard/libgcc.a(_dvmd_tls.o)
                0x004235e8                __aeabi_ldiv0
                0x004235e8                __aeabi_idiv0
                0x004235ec                        . = ALIGN (0x4)

.glue_7         0x004235ec        0x0
 .glue_7        0x004235ec        0x0 linker stubs

.glue_7t        0x004235ec        0x0
 .glue_7t       0x004235ec        0x0 linker stubs

.vfp11_veneer   0x004235ec        0x0
 .vfp11_veneer  0x004235ec        0x0 linker stubs

.v4_bx          0x004235ec        0x0
 .v4_bx         0x004235ec        0x0 linker stubs

.iplt           0x004235ec        0x0
 .iplt          0x004235ec        0x0 build-all/arch/arm32/mach-t113s3/start.o

.rodata         0x004235ec       0x60
                0x004235ec                        . = ALIGN (0x4)
 *(.rodata)
 .rodata        0x004235ec       0x60 build-all/arch/arm32/mach-t113s3/dram.o
                0x0042364c                        . = ALIGN (0x4)

.rodata.main.str1.1
                0x0042364c       0x85
 .rodata.main.str1.1
                0x0042364c       0x85 build-all/main.o

.rodata.mctl_core_init.str1.1
                0x004236d1       0x6e
 .rodata.mctl_core_init.str1.1
                0x004236d1       0x6e build-all/arch/arm32/mach-t113s3/dram.o

.rodata.init_DRAM.str1.1
                0x0042373f      0x39b
 .rodata.init_DRAM.str1.1
                0x0042373f      0x39b build-all/arch/arm32/mach-t113s3/dram.o

.rodata.ac_remapping_tables
                0x00423ada       0xdc
 .rodata.ac_remapping_tables
                0x00423ada       0xdc build-all/arch/arm32/mach-t113s3/dram.o

.rodata.show_regs.str1.1
                0x00423bb6       0x67
 .rodata.show_regs.str1.1
                0x00423bb6       0x67 build-all/arch/arm32/mach-t113s3/exception.o

.rodata.arm32_do_undefined_instruction.str1.1
                0x00423c1d       0x2b
 .rodata.arm32_do_undefined_instruction.str1.1
                0x00423c1d       0x2b build-all/arch/arm32/mach-t113s3/exception.o

.rodata.arm32_do_software_interrupt.str1.1
                0x00423c48       0x28
 .rodata.arm32_do_software_interrupt.str1.1
                0x00423c48       0x28 build-all/arch/arm32/mach-t113s3/exception.o

.rodata.arm32_do_prefetch_abort.str1.1
                0x00423c70       0x24
 .rodata.arm32_do_prefetch_abort.str1.1
                0x00423c70       0x24 build-all/arch/arm32/mach-t113s3/exception.o

.rodata.arm32_do_data_abort.str1.1
                0x00423c94       0x20
 .rodata.arm32_do_data_abort.str1.1
                0x00423c94       0x20 build-all/arch/arm32/mach-t113s3/exception.o

.rodata.arm32_do_irq.str1.1
                0x00423cb4       0x23
 .rodata.arm32_do_irq.str1.1
                0x00423cb4       0x23 build-all/arch/arm32/mach-t113s3/exception.o

.rodata.arm32_do_fiq.str1.1
                0x00423cd7       0x23
 .rodata.arm32_do_fiq.str1.1
                0x00423cd7       0x23 build-all/arch/arm32/mach-t113s3/exception.o

.ARM.extab      0x00423cfc       0x18
 .ARM.extab     0x00423cfc       0x18 /usr/lib/gcc/arm-none-eabi/12.2.1/thumb/v7ve+simd/hard/libgcc.a(pr-support.o)

.data           0x00030000       0x24 load address 0x00423d14
                0x00030000                        . = ALIGN (0x4)
                0x00030000                        _sdata = .
 *(.data .data.*)
 .data.str1     0x00030000        0xa build-all/main.o
                0x00030000                str1
 *fill*         0x0003000a        0x2 
 .data.usart5_dbg
                0x0003000c       0x18 build-all/board.o
                0x0003000c                usart5_dbg
                0x00030024                        . = ALIGN (0x4)
                0x00030024                        _edata = .

.igot.plt       0x00030024        0x0 load address 0x00423d38
 .igot.plt      0x00030024        0x0 build-all/arch/arm32/mach-t113s3/start.o

.bss            0x00030024       0xa4 load address 0x00423d38
                0x00030024                        . = ALIGN (0x4)
                0x00030024                        _sbss = .
 *(.bss .bss.*)
 .bss.str2      0x00030024        0xf build-all/main.o
                0x00030024                str2
 *fill*         0x00030033        0x1 
 .bss.image     0x00030034       0x94 build-all/main.o
                0x00030034                image
 *(COMMON)
                0x000300c8                        . = ALIGN (0x4)
                0x000300c8                        _ebss = .

.stack          0x000300c8     0x1000 load address 0x00423d38
                0x000300c8                        . = ALIGN (0x8)
                0x000300c8                        __stack_srv_start = .
                0x000310c8                        . = (. + STACK_SIZE)
 *fill*         0x000300c8     0x1000 
                0x000310c8                        __stack_srv_end = .

.ARM.exidx      0x00423d38       0xc0
                0x00423d38                        __exidx_start = .
 *(.ARM.exidx* .gnu.linkonce.armexidx.*)
 .ARM.exidx     0x00423d38       0x10 build-all/arch/arm32/mach-t113s3/memcpy.o
                                  0x8 (size before relaxing)
 .ARM.exidx     0x00423d48        0x0 /usr/lib/gcc/arm-none-eabi/12.2.1/thumb/v7ve+simd/hard/libgcc.a(_udivmoddi4.o)
                                  0x8 (size before relaxing)
 .ARM.exidx     0x00423d48       0x78 /usr/lib/gcc/arm-none-eabi/12.2.1/thumb/v7ve+simd/hard/libgcc.a(unwind-arm.o)
                                 0xd8 (size before relaxing)
 .ARM.exidx     0x00423dc0       0x38 /usr/lib/gcc/arm-none-eabi/12.2.1/thumb/v7ve+simd/hard/libgcc.a(pr-support.o)
                0x00423df8                        __exidx_end = .
                0x00423df8                        . = ALIGN (0x4)
                0x00423df8                        PROVIDE (__spl_end = .)
                0x00003df8                        PROVIDE (__spl_size = (__spl_end - __spl_start))
                0x00423d14                        PROVIDE (data_load_addr = LOADADDR (.data))
                0x00423df8                        _end = .
OUTPUT(build-all/awboot-boot.elf elf32-littlearm)
LOAD linker stubs

.rel.dyn        0x00423df8        0x0
 .rel.iplt      0x00423df8        0x0 build-all/arch/arm32/mach-t113s3/start.o

.ARM.attributes
                0x00000000       0x37
 .ARM.attributes
                0x00000000       0x27 build-all/arch/arm32/mach-t113s3/start.o
 .ARM.attributes
                0x00000027       0x27 build-all/arch/arm32/mach-t113s3/memcpy.o
 .ARM.attributes
                0x0000004e       0x35 build-all/main.o
 .ARM.attributes
                0x00000083       0x35 build-all/board.o
 .ARM.attributes
                0x000000b8       0x35 build-all/lib/debug.o
 .ARM.attributes
                0x000000ed       0x35 build-all/lib/string.o
 .ARM.attributes
                0x00000122       0x35 build-all/arch/arm32/mach-t113s3/dram.o
 .ARM.attributes
                0x00000157       0x35 build-all/arch/arm32/mach-t113s3/sunxi_usart.o
 .ARM.attributes
                0x0000018c       0x35 build-all/arch/arm32/mach-t113s3/arch_timer.o
 .ARM.attributes
                0x000001c1       0x35 build-all/arch/arm32/mach-t113s3/sunxi_gpio.o
 .ARM.attributes
                0x000001f6       0x35 build-all/arch/arm32/mach-t113s3/sunxi_clk.o
 .ARM.attributes
                0x0000022b       0x35 build-all/arch/arm32/mach-t113s3/exception.o
 .ARM.attributes
                0x00000260       0x29 /usr/lib/gcc/arm-none-eabi/12.2.1/thumb/v7ve+simd/hard/libgcc.a(_aeabi_uldivmod.o)
 .ARM.attributes
                0x00000289       0x3b /usr/lib/gcc/arm-none-eabi/12.2.1/thumb/v7ve+simd/hard/libgcc.a(_udivmoddi4.o)
 .ARM.attributes
                0x000002c4       0x3b /usr/lib/gcc/arm-none-eabi/12.2.1/thumb/v7ve+simd/hard/libgcc.a(unwind-arm.o)
 .ARM.attributes
                0x000002ff       0x29 /usr/lib/gcc/arm-none-eabi/12.2.1/thumb/v7ve+simd/hard/libgcc.a(libunwind.o)
 .ARM.attributes
                0x00000328       0x3b /usr/lib/gcc/arm-none-eabi/12.2.1/thumb/v7ve+simd/hard/libgcc.a(pr-support.o)
 .ARM.attributes
                0x00000363       0x29 /usr/lib/gcc/arm-none-eabi/12.2.1/thumb/v7ve+simd/hard/libgcc.a(_dvmd_tls.o)

.comment        0x00000000       0x26
 .comment       0x00000000       0x26 build-all/main.o
                                 0x27 (size before relaxing)
 .comment       0x00000026       0x27 build-all/board.o
 .comment       0x00000026       0x27 build-all/lib/debug.o
 .comment       0x00000026       0x27 build-all/lib/string.o
 .comment       0x00000026       0x27 build-all/arch/arm32/mach-t113s3/dram.o
 .comment       0x00000026       0x27 build-all/arch/arm32/mach-t113s3/sunxi_usart.o
 .comment       0x00000026       0x27 build-all/arch/arm32/mach-t113s3/arch_timer.o
 .comment       0x00000026       0x27 build-all/arch/arm32/mach-t113s3/sunxi_gpio.o
 .comment       0x00000026       0x27 build-all/arch/arm32/mach-t113s3/sunxi_clk.o
 .comment       0x00000026       0x27 build-all/arch/arm32/mach-t113s3/exception.o
 .comment       0x00000026       0x27 /usr/lib/gcc/arm-none-eabi/12.2.1/thumb/v7ve+simd/hard/libgcc.a(_udivmoddi4.o)
 .comment       0x00000026       0x27 /usr/lib/gcc/arm-none-eabi/12.2.1/thumb/v7ve+simd/hard/libgcc.a(unwind-arm.o)
 .comment       0x00000026       0x27 /usr/lib/gcc/arm-none-eabi/12.2.1/thumb/v7ve+simd/hard/libgcc.a(pr-support.o)

.debug_line     0x00000000     0x6784
 .debug_line    0x00000000      0x121 build-all/arch/arm32/mach-t113s3/start.o
 .debug_line    0x00000121       0x85 build-all/arch/arm32/mach-t113s3/memcpy.o
 .debug_line    0x000001a6      0x553 build-all/main.o
 .debug_line    0x000006f9      0x161 build-all/board.o
 .debug_line    0x0000085a      0x1c8 build-all/lib/debug.o
 .debug_line    0x00000a22      0x31e build-all/lib/string.o
 .debug_line    0x00000d40     0x2d74 build-all/arch/arm32/mach-t113s3/dram.o
 .debug_line    0x00003ab4      0x2c0 build-all/arch/arm32/mach-t113s3/sunxi_usart.o
 .debug_line    0x00003d74      0x1a3 build-all/arch/arm32/mach-t113s3/arch_timer.o
 .debug_line    0x00003f17      0x2eb build-all/arch/arm32/mach-t113s3/sunxi_gpio.o
 .debug_line    0x00004202      0x6c3 build-all/arch/arm32/mach-t113s3/sunxi_clk.o
 .debug_line    0x000048c5      0x1e4 build-all/arch/arm32/mach-t113s3/exception.o
 .debug_line    0x00004aa9       0x4e /usr/lib/gcc/arm-none-eabi/12.2.1/thumb/v7ve+simd/hard/libgcc.a(_aeabi_uldivmod.o)
 .debug_line    0x00004af7      0x5ad /usr/lib/gcc/arm-none-eabi/12.2.1/thumb/v7ve+simd/hard/libgcc.a(_udivmoddi4.o)
 .debug_line    0x000050a4     0x109b /usr/lib/gcc/arm-none-eabi/12.2.1/thumb/v7ve+simd/hard/libgcc.a(unwind-arm.o)
 .debug_line    0x0000613f       0x97 /usr/lib/gcc/arm-none-eabi/12.2.1/thumb/v7ve+simd/hard/libgcc.a(libunwind.o)
 .debug_line    0x000061d6      0x564 /usr/lib/gcc/arm-none-eabi/12.2.1/thumb/v7ve+simd/hard/libgcc.a(pr-support.o)
 .debug_line    0x0000673a       0x4a /usr/lib/gcc/arm-none-eabi/12.2.1/thumb/v7ve+simd/hard/libgcc.a(_dvmd_tls.o)

.debug_line_str
                0x00000000      0x105
 .debug_line_str
                0x00000000       0x4c build-all/arch/arm32/mach-t113s3/start.o
 .debug_line_str
                0x0000004c        0x9 build-all/arch/arm32/mach-t113s3/memcpy.o
                                 0x4d (size before relaxing)
 .debug_line_str
                0x00000055       0x98 /usr/lib/gcc/arm-none-eabi/12.2.1/thumb/v7ve+simd/hard/libgcc.a(_aeabi_uldivmod.o)
 .debug_line_str
                0x000000ed        0xc /usr/lib/gcc/arm-none-eabi/12.2.1/thumb/v7ve+simd/hard/libgcc.a(libunwind.o)
                                 0x9c (size before relaxing)
 .debug_line_str
                0x000000f9        0xc /usr/lib/gcc/arm-none-eabi/12.2.1/thumb/v7ve+simd/hard/libgcc.a(_dvmd_tls.o)
                                 0x9c (size before relaxing)

.debug_info     0x00000000     0xc604
 .debug_info    0x00000000       0x25 build-all/arch/arm32/mach-t113s3/start.o
 .debug_info    0x00000025       0x25 build-all/arch/arm32/mach-t113s3/memcpy.o
 .debug_info    0x0000004a      0xe10 build-all/main.o
 .debug_info    0x00000e5a      0xc55 build-all/board.o
 .debug_info    0x00001aaf      0x2d3 build-all/lib/debug.o
 .debug_info    0x00001d82      0x4b7 build-all/lib/string.o
 .debug_info    0x00002239     0x486e build-all/arch/arm32/mach-t113s3/dram.o
 .debug_info    0x00006aa7      0x4f0 build-all/arch/arm32/mach-t113s3/sunxi_usart.o
 .debug_info    0x00006f97      0x270 build-all/arch/arm32/mach-t113s3/arch_timer.o
 .debug_info    0x00007207      0x5d1 build-all/arch/arm32/mach-t113s3/sunxi_gpio.o
 .debug_info    0x000077d8     0x181c build-all/arch/arm32/mach-t113s3/sunxi_clk.o
 .debug_info    0x00008ff4      0x4a8 build-all/arch/arm32/mach-t113s3/exception.o
 .debug_info    0x0000949c       0x24 /usr/lib/gcc/arm-none-eabi/12.2.1/thumb/v7ve+simd/hard/libgcc.a(_aeabi_uldivmod.o)
 .debug_info    0x000094c0      0x6f3 /usr/lib/gcc/arm-none-eabi/12.2.1/thumb/v7ve+simd/hard/libgcc.a(_udivmoddi4.o)
 .debug_info    0x00009bb3     0x1f0f /usr/lib/gcc/arm-none-eabi/12.2.1/thumb/v7ve+simd/hard/libgcc.a(unwind-arm.o)
 .debug_info    0x0000bac2       0x9e /usr/lib/gcc/arm-none-eabi/12.2.1/thumb/v7ve+simd/hard/libgcc.a(libunwind.o)
 .debug_info    0x0000bb60      0xa6b /usr/lib/gcc/arm-none-eabi/12.2.1/thumb/v7ve+simd/hard/libgcc.a(pr-support.o)
 .debug_info    0x0000c5cb       0x39 /usr/lib/gcc/arm-none-eabi/12.2.1/thumb/v7ve+simd/hard/libgcc.a(_dvmd_tls.o)

.debug_abbrev   0x00000000     0x1e54
 .debug_abbrev  0x00000000       0x14 build-all/arch/arm32/mach-t113s3/start.o
 .debug_abbrev  0x00000014       0x14 build-all/arch/arm32/mach-t113s3/memcpy.o
 .debug_abbrev  0x00000028      0x37e build-all/main.o
 .debug_abbrev  0x000003a6      0x267 build-all/board.o
 .debug_abbrev  0x0000060d      0x16c build-all/lib/debug.o
 .debug_abbrev  0x00000779       0xda build-all/lib/string.o
 .debug_abbrev  0x00000853      0x413 build-all/arch/arm32/mach-t113s3/dram.o
 .debug_abbrev  0x00000c66      0x1a4 build-all/arch/arm32/mach-t113s3/sunxi_usart.o
 .debug_abbrev  0x00000e0a      0x13e build-all/arch/arm32/mach-t113s3/arch_timer.o
 .debug_abbrev  0x00000f48      0x1ee build-all/arch/arm32/mach-t113s3/sunxi_gpio.o
 .debug_abbrev  0x00001136      0x291 build-all/arch/arm32/mach-t113s3/sunxi_clk.o
 .debug_abbrev  0x000013c7      0x14e build-all/arch/arm32/mach-t113s3/exception.o
 .debug_abbrev  0x00001515       0x14 /usr/lib/gcc/arm-none-eabi/12.2.1/thumb/v7ve+simd/hard/libgcc.a(_aeabi_uldivmod.o)
 .debug_abbrev  0x00001529      0x173 /usr/lib/gcc/arm-none-eabi/12.2.1/thumb/v7ve+simd/hard/libgcc.a(_udivmoddi4.o)
 .debug_abbrev  0x0000169c      0x481 /usr/lib/gcc/arm-none-eabi/12.2.1/thumb/v7ve+simd/hard/libgcc.a(unwind-arm.o)
 .debug_abbrev  0x00001b1d       0x21 /usr/lib/gcc/arm-none-eabi/12.2.1/thumb/v7ve+simd/hard/libgcc.a(libunwind.o)
 .debug_abbrev  0x00001b3e      0x2f7 /usr/lib/gcc/arm-none-eabi/12.2.1/thumb/v7ve+simd/hard/libgcc.a(pr-support.o)
 .debug_abbrev  0x00001e35       0x1f /usr/lib/gcc/arm-none-eabi/12.2.1/thumb/v7ve+simd/hard/libgcc.a(_dvmd_tls.o)

.debug_aranges  0x00000000      0x390
 .debug_aranges
                0x00000000       0x20 build-all/arch/arm32/mach-t113s3/start.o
 .debug_aranges
                0x00000020       0x20 build-all/arch/arm32/mach-t113s3/memcpy.o
 .debug_aranges
                0x00000040       0x30 build-all/main.o
 .debug_aranges
                0x00000070       0x30 build-all/board.o
 .debug_aranges
                0x000000a0       0x30 build-all/lib/debug.o
 .debug_aranges
                0x000000d0       0x70 build-all/lib/string.o
 .debug_aranges
                0x00000140       0x50 build-all/arch/arm32/mach-t113s3/dram.o
 .debug_aranges
                0x00000190       0x28 build-all/arch/arm32/mach-t113s3/sunxi_usart.o
 .debug_aranges
                0x000001b8       0x48 build-all/arch/arm32/mach-t113s3/arch_timer.o
 .debug_aranges
                0x00000200       0x38 build-all/arch/arm32/mach-t113s3/sunxi_gpio.o
 .debug_aranges
                0x00000238       0x38 build-all/arch/arm32/mach-t113s3/sunxi_clk.o
 .debug_aranges
                0x00000270       0x50 build-all/arch/arm32/mach-t113s3/exception.o
 .debug_aranges
                0x000002c0       0x20 /usr/lib/gcc/arm-none-eabi/12.2.1/thumb/v7ve+simd/hard/libgcc.a(_aeabi_uldivmod.o)
 .debug_aranges
                0x000002e0       0x20 /usr/lib/gcc/arm-none-eabi/12.2.1/thumb/v7ve+simd/hard/libgcc.a(_udivmoddi4.o)
 .debug_aranges
                0x00000300       0x20 /usr/lib/gcc/arm-none-eabi/12.2.1/thumb/v7ve+simd/hard/libgcc.a(unwind-arm.o)
 .debug_aranges
                0x00000320       0x20 /usr/lib/gcc/arm-none-eabi/12.2.1/thumb/v7ve+simd/hard/libgcc.a(libunwind.o)
 .debug_aranges
                0x00000340       0x30 /usr/lib/gcc/arm-none-eabi/12.2.1/thumb/v7ve+simd/hard/libgcc.a(pr-support.o)
 .debug_aranges
                0x00000370       0x20 /usr/lib/gcc/arm-none-eabi/12.2.1/thumb/v7ve+simd/hard/libgcc.a(_dvmd_tls.o)

.debug_str      0x00000000     0x2fff
 .debug_str     0x00000000       0x58 build-all/arch/arm32/mach-t113s3/start.o
 .debug_str     0x00000058       0x20 build-all/arch/arm32/mach-t113s3/memcpy.o
                                 0x59 (size before relaxing)
 .debug_str     0x00000078      0x4e0 build-all/main.o
                                0x5b6 (size before relaxing)
 .debug_str     0x00000558      0x4e1 build-all/board.o
                                0x84c (size before relaxing)
 .debug_str     0x00000a39        0xc build-all/lib/debug.o
                                0x22c (size before relaxing)
 .debug_str     0x00000a45       0x5f build-all/lib/string.o
                                0x206 (size before relaxing)
 .debug_str     0x00000aa4      0x4d9 build-all/arch/arm32/mach-t113s3/dram.o
                                0x73c (size before relaxing)
 .debug_str     0x00000f7d       0x30 build-all/arch/arm32/mach-t113s3/sunxi_usart.o
                                0x277 (size before relaxing)
 .debug_str     0x00000fad       0x4f build-all/arch/arm32/mach-t113s3/arch_timer.o
                                0x221 (size before relaxing)
 .debug_str     0x00000ffc      0x113 build-all/arch/arm32/mach-t113s3/sunxi_gpio.o
                                0x317 (size before relaxing)
 .debug_str     0x0000110f      0xc1b build-all/arch/arm32/mach-t113s3/sunxi_clk.o
                                0xe1d (size before relaxing)
 .debug_str     0x00001d2a       0xbe build-all/arch/arm32/mach-t113s3/exception.o
                                0x296 (size before relaxing)
 .debug_str     0x00001de8       0xa4 /usr/lib/gcc/arm-none-eabi/12.2.1/thumb/v7ve+simd/hard/libgcc.a(_aeabi_uldivmod.o)
 .debug_str     0x00001e8c      0x57e /usr/lib/gcc/arm-none-eabi/12.2.1/thumb/v7ve+simd/hard/libgcc.a(_udivmoddi4.o)
                                0x678 (size before relaxing)
 .debug_str     0x0000240a      0xa15 /usr/lib/gcc/arm-none-eabi/12.2.1/thumb/v7ve+simd/hard/libgcc.a(unwind-arm.o)
                                0xc49 (size before relaxing)
 .debug_str     0x00002e1f       0xb5 /usr/lib/gcc/arm-none-eabi/12.2.1/thumb/v7ve+simd/hard/libgcc.a(libunwind.o)
                                0x1a6 (size before relaxing)
 .debug_str     0x00002ed4       0xdf /usr/lib/gcc/arm-none-eabi/12.2.1/thumb/v7ve+simd/hard/libgcc.a(pr-support.o)
                                0x5a2 (size before relaxing)
 .debug_str     0x00002fb3       0x4c /usr/lib/gcc/arm-none-eabi/12.2.1/thumb/v7ve+simd/hard/libgcc.a(_dvmd_tls.o)
                                 0xc4 (size before relaxing)

.debug_loclists
                0x00000000     0x5e90
 .debug_loclists
                0x00000000      0x235 build-all/main.o
 .debug_loclists
                0x00000235       0x31 build-all/board.o
 .debug_loclists
                0x00000266       0xf6 build-all/lib/debug.o
 .debug_loclists
                0x0000035c      0x485 build-all/lib/string.o
 .debug_loclists
                0x000007e1     0x295d build-all/arch/arm32/mach-t113s3/dram.o
 .debug_loclists
                0x0000313e      0x1eb build-all/arch/arm32/mach-t113s3/sunxi_usart.o
 .debug_loclists
                0x00003329       0xfd build-all/arch/arm32/mach-t113s3/arch_timer.o
 .debug_loclists
                0x00003426      0x2e1 build-all/arch/arm32/mach-t113s3/sunxi_gpio.o
 .debug_loclists
                0x00003707      0x4a9 build-all/arch/arm32/mach-t113s3/sunxi_clk.o
 .debug_loclists
                0x00003bb0       0xe2 build-all/arch/arm32/mach-t113s3/exception.o
 .debug_loclists
                0x00003c92      0xa72 /usr/lib/gcc/arm-none-eabi/12.2.1/thumb/v7ve+simd/hard/libgcc.a(_udivmoddi4.o)
 .debug_loclists
                0x00004704     0x13bf /usr/lib/gcc/arm-none-eabi/12.2.1/thumb/v7ve+simd/hard/libgcc.a(unwind-arm.o)
 .debug_loclists
                0x00005ac3      0x3cd /usr/lib/gcc/arm-none-eabi/12.2.1/thumb/v7ve+simd/hard/libgcc.a(pr-support.o)

.debug_rnglists
                0x00000000      0x7b2
 .debug_rnglists
                0x00000000       0x5d build-all/main.o
 .debug_rnglists
                0x0000005d       0x1f build-all/board.o
 .debug_rnglists
                0x0000007c       0x3a build-all/lib/debug.o
 .debug_rnglists
                0x000000b6       0x4f build-all/lib/string.o
 .debug_rnglists
                0x00000105      0x38d build-all/arch/arm32/mach-t113s3/dram.o
 .debug_rnglists
                0x00000492       0x3d build-all/arch/arm32/mach-t113s3/sunxi_usart.o
 .debug_rnglists
                0x000004cf       0x49 build-all/arch/arm32/mach-t113s3/arch_timer.o
 .debug_rnglists
                0x00000518       0x6d build-all/arch/arm32/mach-t113s3/sunxi_gpio.o
 .debug_rnglists
                0x00000585       0x72 build-all/arch/arm32/mach-t113s3/sunxi_clk.o
 .debug_rnglists
                0x000005f7       0x37 build-all/arch/arm32/mach-t113s3/exception.o
 .debug_rnglists
                0x0000062e       0x7e /usr/lib/gcc/arm-none-eabi/12.2.1/thumb/v7ve+simd/hard/libgcc.a(_udivmoddi4.o)
 .debug_rnglists
                0x000006ac       0xcc /usr/lib/gcc/arm-none-eabi/12.2.1/thumb/v7ve+simd/hard/libgcc.a(unwind-arm.o)
 .debug_rnglists
                0x00000778       0x3a /usr/lib/gcc/arm-none-eabi/12.2.1/thumb/v7ve+simd/hard/libgcc.a(pr-support.o)

.debug_frame    0x00000000      0x9f0
 .debug_frame   0x00000000       0x74 build-all/main.o
 .debug_frame   0x00000074       0x64 build-all/board.o
 .debug_frame   0x000000d8       0x84 build-all/lib/debug.o
 .debug_frame   0x0000015c       0xf4 build-all/lib/string.o
 .debug_frame   0x00000250       0xdc build-all/arch/arm32/mach-t113s3/dram.o
 .debug_frame   0x0000032c       0x3c build-all/arch/arm32/mach-t113s3/sunxi_usart.o
 .debug_frame   0x00000368       0x9c build-all/arch/arm32/mach-t113s3/arch_timer.o
 .debug_frame   0x00000404       0x6c build-all/arch/arm32/mach-t113s3/sunxi_gpio.o
 .debug_frame   0x00000470       0x74 build-all/arch/arm32/mach-t113s3/sunxi_clk.o
 .debug_frame   0x000004e4       0xdc build-all/arch/arm32/mach-t113s3/exception.o
 .debug_frame   0x000005c0       0x2c /usr/lib/gcc/arm-none-eabi/12.2.1/thumb/v7ve+simd/hard/libgcc.a(_aeabi_uldivmod.o)
 .debug_frame   0x000005ec       0x40 /usr/lib/gcc/arm-none-eabi/12.2.1/thumb/v7ve+simd/hard/libgcc.a(_udivmoddi4.o)
 .debug_frame   0x0000062c      0x2d0 /usr/lib/gcc/arm-none-eabi/12.2.1/thumb/v7ve+simd/hard/libgcc.a(unwind-arm.o)
 .debug_frame   0x000008fc       0xf4 /usr/lib/gcc/arm-none-eabi/12.2.1/thumb/v7ve+simd/hard/libgcc.a(pr-support.o)
