Archive member included to satisfy reference by file (symbol)

/usr/lib/gcc/arm-none-eabi/12.2.1/thumb/v7ve+simd/hard/libgcc.a(_arm_addsubdf3.o)
                              build-sdmmc/arch/arm32/mach-t113s3/sdmmc.o (__aeabi_ul2d)
/usr/lib/gcc/arm-none-eabi/12.2.1/thumb/v7ve+simd/hard/libgcc.a(_aeabi_ldivmod.o)
                              build-sdmmc/lib/fatfs/ff.o (__aeabi_ldivmod)
/usr/lib/gcc/arm-none-eabi/12.2.1/thumb/v7ve+simd/hard/libgcc.a(_aeabi_uldivmod.o)
                              build-sdmmc/arch/arm32/mach-t113s3/arch_timer.o (__aeabi_uldivmod)
/usr/lib/gcc/arm-none-eabi/12.2.1/thumb/v7ve+simd/hard/libgcc.a(_udivmoddi4.o)
                              /usr/lib/gcc/arm-none-eabi/12.2.1/thumb/v7ve+simd/hard/libgcc.a(_aeabi_ldivmod.o) (__udivmoddi4)
/usr/lib/gcc/arm-none-eabi/12.2.1/thumb/v7ve+simd/hard/libgcc.a(unwind-arm.o)
                              build-sdmmc/arch/arm32/mach-t113s3/memcpy.o (__aeabi_unwind_cpp_pr0)
/usr/lib/gcc/arm-none-eabi/12.2.1/thumb/v7ve+simd/hard/libgcc.a(libunwind.o)
                              /usr/lib/gcc/arm-none-eabi/12.2.1/thumb/v7ve+simd/hard/libgcc.a(unwind-arm.o) (restore_core_regs)
/usr/lib/gcc/arm-none-eabi/12.2.1/thumb/v7ve+simd/hard/libgcc.a(pr-support.o)
                              /usr/lib/gcc/arm-none-eabi/12.2.1/thumb/v7ve+simd/hard/libgcc.a(unwind-arm.o) (__gnu_unwind_execute)
/usr/lib/gcc/arm-none-eabi/12.2.1/thumb/v7ve+simd/hard/libgcc.a(_dvmd_tls.o)
                              /usr/lib/gcc/arm-none-eabi/12.2.1/thumb/v7ve+simd/hard/libgcc.a(_aeabi_ldivmod.o) (__aeabi_ldiv0)

Discarded input sections

 .data          0x00000000        0x0 build-sdmmc/arch/arm32/mach-t113s3/start.o
 .bss           0x00000000        0x0 build-sdmmc/arch/arm32/mach-t113s3/start.o
 .text          0x00000000       0xe4 build-sdmmc/arch/arm32/mach-t113s3/memcpy.o
 .data          0x00000000        0x0 build-sdmmc/arch/arm32/mach-t113s3/memcpy.o
 .bss           0x00000000        0x0 build-sdmmc/arch/arm32/mach-t113s3/memcpy.o
 .ARM.extab     0x00000000        0x0 build-sdmmc/arch/arm32/mach-t113s3/memcpy.o
 .ARM.exidx     0x00000000        0x8 build-sdmmc/arch/arm32/mach-t113s3/memcpy.o
 .debug_line    0x00000000       0x85 build-sdmmc/arch/arm32/mach-t113s3/memcpy.o
 .debug_line_str
                0x00000000       0x4d build-sdmmc/arch/arm32/mach-t113s3/memcpy.o
 .debug_info    0x00000000       0x25 build-sdmmc/arch/arm32/mach-t113s3/memcpy.o
 .debug_abbrev  0x00000000       0x14 build-sdmmc/arch/arm32/mach-t113s3/memcpy.o
 .debug_aranges
                0x00000000       0x20 build-sdmmc/arch/arm32/mach-t113s3/memcpy.o
 .debug_str     0x00000000       0x59 build-sdmmc/arch/arm32/mach-t113s3/memcpy.o
 .ARM.attributes
                0x00000000       0x27 build-sdmmc/arch/arm32/mach-t113s3/memcpy.o
 .text          0x00000000        0x0 build-sdmmc/main.o
 .data          0x00000000        0x0 build-sdmmc/main.o
 .bss           0x00000000        0x0 build-sdmmc/main.o
 .text.print_pc
                0x00000000       0x44 build-sdmmc/main.o
 .data.ccc      0x00000000        0x4 build-sdmmc/main.o
 .bss.image     0x00000000       0x94 build-sdmmc/main.o
 .text          0x00000000        0x0 build-sdmmc/board.o
 .data          0x00000000        0x0 build-sdmmc/board.o
 .bss           0x00000000        0x0 build-sdmmc/board.o
 .text.board_init_led
                0x00000000       0x16 build-sdmmc/board.o
 .text.board_sdhci_init
                0x00000000       0x20 build-sdmmc/board.o
 .text.board_init
                0x00000000       0x18 build-sdmmc/board.o
 .rodata.str1.1
                0x00000000        0x7 build-sdmmc/board.o
 .data.sdhci0   0x00000000      0x260 build-sdmmc/board.o
 .data.sunxi_spi0
                0x00000000       0x60 build-sdmmc/board.o
 .data.usart3_dbg
                0x00000000       0x18 build-sdmmc/board.o
 .data.usart0_dbg
                0x00000000       0x18 build-sdmmc/board.o
 .text          0x00000000        0x0 build-sdmmc/lib/debug.o
 .data          0x00000000        0x0 build-sdmmc/lib/debug.o
 .bss           0x00000000        0x0 build-sdmmc/lib/debug.o
 .text.putint   0x00000000       0x6c build-sdmmc/lib/debug.o
 .text          0x00000000        0x0 build-sdmmc/lib/xformat.o
 .data          0x00000000        0x0 build-sdmmc/lib/xformat.o
 .bss           0x00000000        0x0 build-sdmmc/lib/xformat.o
 .text.ulong2a  0x00000000       0x64 build-sdmmc/lib/xformat.o
 .text.xvformat
                0x00000000      0x5f4 build-sdmmc/lib/xformat.o
 .text.xformat  0x00000000       0x1a build-sdmmc/lib/xformat.o
 .rodata.formatStates
                0x00000000       0x5b build-sdmmc/lib/xformat.o
 .rodata.ms_digits
                0x00000000       0x11 build-sdmmc/lib/xformat.o
 .rodata.ms_false
                0x00000000        0x6 build-sdmmc/lib/xformat.o
 .rodata.ms_true
                0x00000000        0x5 build-sdmmc/lib/xformat.o
 .rodata.ms_null
                0x00000000        0x7 build-sdmmc/lib/xformat.o
 .debug_info    0x00000000      0x7dc build-sdmmc/lib/xformat.o
 .debug_abbrev  0x00000000      0x2b9 build-sdmmc/lib/xformat.o
 .debug_loclists
                0x00000000     0x1e76 build-sdmmc/lib/xformat.o
 .debug_aranges
                0x00000000       0x30 build-sdmmc/lib/xformat.o
 .debug_rnglists
                0x00000000       0x6c build-sdmmc/lib/xformat.o
 .debug_line    0x00000000      0x828 build-sdmmc/lib/xformat.o
 .debug_str     0x00000000      0x36a build-sdmmc/lib/xformat.o
 .comment       0x00000000       0x27 build-sdmmc/lib/xformat.o
 .debug_frame   0x00000000       0x84 build-sdmmc/lib/xformat.o
 .ARM.attributes
                0x00000000       0x35 build-sdmmc/lib/xformat.o
 .text          0x00000000        0x0 build-sdmmc/lib/fdt.o
 .data          0x00000000        0x0 build-sdmmc/lib/fdt.o
 .bss           0x00000000        0x0 build-sdmmc/lib/fdt.o
 .text.swap_uint32
                0x00000000       0x2c build-sdmmc/lib/fdt.o
 .text.of_get_magic_number
                0x00000000        0x6 build-sdmmc/lib/fdt.o
 .text.of_get_dt_total_size
                0x00000000        0x6 build-sdmmc/lib/fdt.o
 .text.check_dt_blob_valid
                0x00000000       0x28 build-sdmmc/lib/fdt.o
 .debug_info    0x00000000      0x2ac build-sdmmc/lib/fdt.o
 .debug_abbrev  0x00000000      0x1a1 build-sdmmc/lib/fdt.o
 .debug_loclists
                0x00000000       0xa9 build-sdmmc/lib/fdt.o
 .debug_aranges
                0x00000000       0x38 build-sdmmc/lib/fdt.o
 .debug_rnglists
                0x00000000       0x25 build-sdmmc/lib/fdt.o
 .debug_line    0x00000000      0x108 build-sdmmc/lib/fdt.o
 .debug_str     0x00000000      0x2c1 build-sdmmc/lib/fdt.o
 .comment       0x00000000       0x27 build-sdmmc/lib/fdt.o
 .debug_frame   0x00000000       0x60 build-sdmmc/lib/fdt.o
 .ARM.attributes
                0x00000000       0x35 build-sdmmc/lib/fdt.o
 .text          0x00000000        0x0 build-sdmmc/lib/string.o
 .data          0x00000000        0x0 build-sdmmc/lib/string.o
 .bss           0x00000000        0x0 build-sdmmc/lib/string.o
 .text.memset   0x00000000       0x10 build-sdmmc/lib/string.o
 .text.memcmp   0x00000000       0x1c build-sdmmc/lib/string.o
 .text.strlen   0x00000000        0x4 build-sdmmc/lib/string.o
 .text.strcpy   0x00000000       0x10 build-sdmmc/lib/string.o
 .text.strcat   0x00000000       0x1e build-sdmmc/lib/string.o
 .text.strcmp   0x00000000       0x20 build-sdmmc/lib/string.o
 .text.strncmp  0x00000000       0x2c build-sdmmc/lib/string.o
 .text.strchr   0x00000000       0x18 build-sdmmc/lib/string.o
 .text.strstr   0x00000000       0x24 build-sdmmc/lib/string.o
 .text.memchr   0x00000000       0x1a build-sdmmc/lib/string.o
 .text.memmove  0x00000000       0x2e build-sdmmc/lib/string.o
 .debug_info    0x00000000      0x4b7 build-sdmmc/lib/string.o
 .debug_abbrev  0x00000000       0xda build-sdmmc/lib/string.o
 .debug_loclists
                0x00000000      0x485 build-sdmmc/lib/string.o
 .debug_aranges
                0x00000000       0x70 build-sdmmc/lib/string.o
 .debug_rnglists
                0x00000000       0x4f build-sdmmc/lib/string.o
 .debug_line    0x00000000      0x31e build-sdmmc/lib/string.o
 .debug_str     0x00000000      0x206 build-sdmmc/lib/string.o
 .comment       0x00000000       0x27 build-sdmmc/lib/string.o
 .debug_frame   0x00000000       0xf4 build-sdmmc/lib/string.o
 .ARM.attributes
                0x00000000       0x35 build-sdmmc/lib/string.o
 .text          0x00000000        0x0 build-sdmmc/arch/arm32/mach-t113s3/dram.o
 .data          0x00000000        0x0 build-sdmmc/arch/arm32/mach-t113s3/dram.o
 .bss           0x00000000        0x0 build-sdmmc/arch/arm32/mach-t113s3/dram.o
 .text.calculate_rank_size
                0x00000000       0x1a build-sdmmc/arch/arm32/mach-t113s3/dram.o
 .text.ns_to_t.isra.0
                0x00000000       0x12 build-sdmmc/arch/arm32/mach-t113s3/dram.o
 .rodata.mctl_core_init.str1.1
                0x00000000       0x6e build-sdmmc/arch/arm32/mach-t113s3/dram.o
 .text.mctl_core_init
                0x00000000      0xe34 build-sdmmc/arch/arm32/mach-t113s3/dram.o
 .text.unlikely.abort
                0x00000000        0x2 build-sdmmc/arch/arm32/mach-t113s3/dram.o
 .text.print_pointer_address
                0x00000000       0x44 build-sdmmc/arch/arm32/mach-t113s3/dram.o
 .rodata.init_DRAM.str1.1
                0x00000000      0x39b build-sdmmc/arch/arm32/mach-t113s3/dram.o
 .text.init_DRAM
                0x00000000      0x688 build-sdmmc/arch/arm32/mach-t113s3/dram.o
 .text.sunxi_dram_init
                0x00000000       0x24 build-sdmmc/arch/arm32/mach-t113s3/dram.o
 .rodata.ac_remapping_tables
                0x00000000       0xdc build-sdmmc/arch/arm32/mach-t113s3/dram.o
 .rodata        0x00000000       0x60 build-sdmmc/arch/arm32/mach-t113s3/dram.o
 .debug_info    0x00000000     0x486e build-sdmmc/arch/arm32/mach-t113s3/dram.o
 .debug_abbrev  0x00000000      0x413 build-sdmmc/arch/arm32/mach-t113s3/dram.o
 .debug_loclists
                0x00000000     0x295d build-sdmmc/arch/arm32/mach-t113s3/dram.o
 .debug_aranges
                0x00000000       0x50 build-sdmmc/arch/arm32/mach-t113s3/dram.o
 .debug_rnglists
                0x00000000      0x38d build-sdmmc/arch/arm32/mach-t113s3/dram.o
 .debug_line    0x00000000     0x2d76 build-sdmmc/arch/arm32/mach-t113s3/dram.o
 .debug_str     0x00000000      0x73c build-sdmmc/arch/arm32/mach-t113s3/dram.o
 .comment       0x00000000       0x27 build-sdmmc/arch/arm32/mach-t113s3/dram.o
 .debug_frame   0x00000000       0xdc build-sdmmc/arch/arm32/mach-t113s3/dram.o
 .ARM.attributes
                0x00000000       0x35 build-sdmmc/arch/arm32/mach-t113s3/dram.o
 .text          0x00000000        0x0 build-sdmmc/arch/arm32/mach-t113s3/sunxi_usart.o
 .data          0x00000000        0x0 build-sdmmc/arch/arm32/mach-t113s3/sunxi_usart.o
 .bss           0x00000000        0x0 build-sdmmc/arch/arm32/mach-t113s3/sunxi_usart.o
 .text.sunxi_usart_init
                0x00000000       0x6c build-sdmmc/arch/arm32/mach-t113s3/sunxi_usart.o
 .text          0x00000000        0x0 build-sdmmc/arch/arm32/mach-t113s3/arch_timer.o
 .data          0x00000000        0x0 build-sdmmc/arch/arm32/mach-t113s3/arch_timer.o
 .bss           0x00000000        0x0 build-sdmmc/arch/arm32/mach-t113s3/arch_timer.o
 .text.get_arch_counter
                0x00000000        0x6 build-sdmmc/arch/arm32/mach-t113s3/arch_timer.o
 .text          0x00000000        0x0 build-sdmmc/arch/arm32/mach-t113s3/sunxi_spi.o
 .data          0x00000000        0x0 build-sdmmc/arch/arm32/mach-t113s3/sunxi_spi.o
 .bss           0x00000000        0x0 build-sdmmc/arch/arm32/mach-t113s3/sunxi_spi.o
 .rodata.spi_transfer.str1.1
                0x00000000       0x5a build-sdmmc/arch/arm32/mach-t113s3/sunxi_spi.o
 .text.spi_transfer
                0x00000000      0x144 build-sdmmc/arch/arm32/mach-t113s3/sunxi_spi.o
 .text.spi_nand_get_config
                0x00000000       0x24 build-sdmmc/arch/arm32/mach-t113s3/sunxi_spi.o
 .text.spi_nand_wait_while_busy
                0x00000000       0x36 build-sdmmc/arch/arm32/mach-t113s3/sunxi_spi.o
 .text.spi_nand_load_page.isra.0
                0x00000000       0x36 build-sdmmc/arch/arm32/mach-t113s3/sunxi_spi.o
 .text.spi_nand_set_config.isra.0
                0x00000000       0x24 build-sdmmc/arch/arm32/mach-t113s3/sunxi_spi.o
 .rodata.sunxi_spi_init.str1.1
                0x00000000       0xc2 build-sdmmc/arch/arm32/mach-t113s3/sunxi_spi.o
 .text.sunxi_spi_init
                0x00000000      0x228 build-sdmmc/arch/arm32/mach-t113s3/sunxi_spi.o
 .text.sunxi_spi_disable
                0x00000000       0x30 build-sdmmc/arch/arm32/mach-t113s3/sunxi_spi.o
 .rodata.spi_nand_detect.str1.1
                0x00000000       0x96 build-sdmmc/arch/arm32/mach-t113s3/sunxi_spi.o
 .text.spi_nand_detect
                0x00000000      0x180 build-sdmmc/arch/arm32/mach-t113s3/sunxi_spi.o
 .rodata.spi_nand_read.str1.1
                0x00000000       0x49 build-sdmmc/arch/arm32/mach-t113s3/sunxi_spi.o
 .text.spi_nand_read
                0x00000000       0xf8 build-sdmmc/arch/arm32/mach-t113s3/sunxi_spi.o
 .rodata.CSWTCH.56
                0x00000000        0x4 build-sdmmc/arch/arm32/mach-t113s3/sunxi_spi.o
 .rodata.CSWTCH.55
                0x00000000        0x4 build-sdmmc/arch/arm32/mach-t113s3/sunxi_spi.o
 .bss.spi_rx_dma_hd
                0x00000000        0x4 build-sdmmc/arch/arm32/mach-t113s3/sunxi_spi.o
 .bss.spi_rx_dma
                0x00000000       0x10 build-sdmmc/arch/arm32/mach-t113s3/sunxi_spi.o
 .bss.spip      0x00000000        0x4 build-sdmmc/arch/arm32/mach-t113s3/sunxi_spi.o
 .rodata.str1.1
                0x00000000      0x1c8 build-sdmmc/arch/arm32/mach-t113s3/sunxi_spi.o
 .rodata.spi_nand_infos
                0x00000000      0x4c8 build-sdmmc/arch/arm32/mach-t113s3/sunxi_spi.o
 .debug_info    0x00000000     0x1f42 build-sdmmc/arch/arm32/mach-t113s3/sunxi_spi.o
 .debug_abbrev  0x00000000      0x46b build-sdmmc/arch/arm32/mach-t113s3/sunxi_spi.o
 .debug_loclists
                0x00000000      0xd49 build-sdmmc/arch/arm32/mach-t113s3/sunxi_spi.o
 .debug_aranges
                0x00000000       0x60 build-sdmmc/arch/arm32/mach-t113s3/sunxi_spi.o
 .debug_rnglists
                0x00000000      0x1ae build-sdmmc/arch/arm32/mach-t113s3/sunxi_spi.o
 .debug_line    0x00000000      0xdc4 build-sdmmc/arch/arm32/mach-t113s3/sunxi_spi.o
 .debug_str     0x00000000      0xc62 build-sdmmc/arch/arm32/mach-t113s3/sunxi_spi.o
 .comment       0x00000000       0x27 build-sdmmc/arch/arm32/mach-t113s3/sunxi_spi.o
 .debug_frame   0x00000000      0x138 build-sdmmc/arch/arm32/mach-t113s3/sunxi_spi.o
 .ARM.attributes
                0x00000000       0x35 build-sdmmc/arch/arm32/mach-t113s3/sunxi_spi.o
 .text          0x00000000        0x0 build-sdmmc/arch/arm32/mach-t113s3/sunxi_dma.o
 .data          0x00000000        0x0 build-sdmmc/arch/arm32/mach-t113s3/sunxi_dma.o
 .bss           0x00000000        0x0 build-sdmmc/arch/arm32/mach-t113s3/sunxi_dma.o
 .rodata.dma_init.str1.1
                0x00000000       0x10 build-sdmmc/arch/arm32/mach-t113s3/sunxi_dma.o
 .text.dma_init
                0x00000000       0xac build-sdmmc/arch/arm32/mach-t113s3/sunxi_dma.o
 .text.dma_exit
                0x00000000       0x4c build-sdmmc/arch/arm32/mach-t113s3/sunxi_dma.o
 .text.dma_request_from_last
                0x00000000       0x28 build-sdmmc/arch/arm32/mach-t113s3/sunxi_dma.o
 .rodata.dma_request.str1.1
                0x00000000       0x1e build-sdmmc/arch/arm32/mach-t113s3/sunxi_dma.o
 .text.dma_request
                0x00000000       0x34 build-sdmmc/arch/arm32/mach-t113s3/sunxi_dma.o
 .text.dma_release
                0x00000000       0x12 build-sdmmc/arch/arm32/mach-t113s3/sunxi_dma.o
 .text.dma_setting
                0x00000000       0x34 build-sdmmc/arch/arm32/mach-t113s3/sunxi_dma.o
 .text.dma_start
                0x00000000       0x20 build-sdmmc/arch/arm32/mach-t113s3/sunxi_dma.o
 .text.dma_stop
                0x00000000       0x12 build-sdmmc/arch/arm32/mach-t113s3/sunxi_dma.o
 .text.dma_querystatus
                0x00000000       0x20 build-sdmmc/arch/arm32/mach-t113s3/sunxi_dma.o
 .rodata.dma_test.str1.1
                0x00000000       0xae build-sdmmc/arch/arm32/mach-t113s3/sunxi_dma.o
 .text.dma_test
                0x00000000      0x15c build-sdmmc/arch/arm32/mach-t113s3/sunxi_dma.o
 .bss.dma_channel_desc
                0x00000000      0x200 build-sdmmc/arch/arm32/mach-t113s3/sunxi_dma.o
 .bss.dma_channel_source
                0x00000000      0x1c0 build-sdmmc/arch/arm32/mach-t113s3/sunxi_dma.o
 .data.dma_init_ok
                0x00000000        0x4 build-sdmmc/arch/arm32/mach-t113s3/sunxi_dma.o
 .debug_info    0x00000000     0x177c build-sdmmc/arch/arm32/mach-t113s3/sunxi_dma.o
 .debug_abbrev  0x00000000      0x2bc build-sdmmc/arch/arm32/mach-t113s3/sunxi_dma.o
 .debug_loclists
                0x00000000      0x384 build-sdmmc/arch/arm32/mach-t113s3/sunxi_dma.o
 .debug_aranges
                0x00000000       0x68 build-sdmmc/arch/arm32/mach-t113s3/sunxi_dma.o
 .debug_rnglists
                0x00000000       0x4b build-sdmmc/arch/arm32/mach-t113s3/sunxi_dma.o
 .debug_line    0x00000000      0x656 build-sdmmc/arch/arm32/mach-t113s3/sunxi_dma.o
 .debug_str     0x00000000     0x110c build-sdmmc/arch/arm32/mach-t113s3/sunxi_dma.o
 .comment       0x00000000       0x27 build-sdmmc/arch/arm32/mach-t113s3/sunxi_dma.o
 .debug_frame   0x00000000       0xf4 build-sdmmc/arch/arm32/mach-t113s3/sunxi_dma.o
 .ARM.attributes
                0x00000000       0x35 build-sdmmc/arch/arm32/mach-t113s3/sunxi_dma.o
 .text          0x00000000        0x0 build-sdmmc/arch/arm32/mach-t113s3/sunxi_gpio.o
 .data          0x00000000        0x0 build-sdmmc/arch/arm32/mach-t113s3/sunxi_gpio.o
 .bss           0x00000000        0x0 build-sdmmc/arch/arm32/mach-t113s3/sunxi_gpio.o
 .text.sunxi_gpio_init
                0x00000000       0x3a build-sdmmc/arch/arm32/mach-t113s3/sunxi_gpio.o
 .text.sunxi_gpio_read
                0x00000000       0x28 build-sdmmc/arch/arm32/mach-t113s3/sunxi_gpio.o
 .text.sunxi_gpio_set_pull
                0x00000000       0x3e build-sdmmc/arch/arm32/mach-t113s3/sunxi_gpio.o
 .text          0x00000000        0x0 build-sdmmc/arch/arm32/mach-t113s3/sdmmc.o
 .data          0x00000000        0x0 build-sdmmc/arch/arm32/mach-t113s3/sdmmc.o
 .bss           0x00000000        0x0 build-sdmmc/arch/arm32/mach-t113s3/sdmmc.o
 .text.go_idle_state
                0x00000000       0x30 build-sdmmc/arch/arm32/mach-t113s3/sdmmc.o
 .rodata.sdmmc_status.isra.0.str1.1
                0x00000000       0x19 build-sdmmc/arch/arm32/mach-t113s3/sdmmc.o
 .text.sdmmc_status.isra.0
                0x00000000       0x60 build-sdmmc/arch/arm32/mach-t113s3/sdmmc.o
 .rodata.sdmmc_blk_read.str1.1
                0x00000000       0x39 build-sdmmc/arch/arm32/mach-t113s3/sdmmc.o
 .text.sdmmc_blk_read
                0x00000000       0xfc build-sdmmc/arch/arm32/mach-t113s3/sdmmc.o
 .rodata.sdmmc_init.str1.1
                0x00000000      0x100 build-sdmmc/arch/arm32/mach-t113s3/sdmmc.o
 .text.sdmmc_init
                0x00000000      0x7a8 build-sdmmc/arch/arm32/mach-t113s3/sdmmc.o
 .rodata.tran_speed_time
                0x00000000       0x10 build-sdmmc/arch/arm32/mach-t113s3/sdmmc.o
 .rodata.tran_speed_unit
                0x00000000       0x10 build-sdmmc/arch/arm32/mach-t113s3/sdmmc.o
 .bss.card0     0x00000000      0x450 build-sdmmc/arch/arm32/mach-t113s3/sdmmc.o
 .debug_info    0x00000000     0x1b66 build-sdmmc/arch/arm32/mach-t113s3/sdmmc.o
 .debug_abbrev  0x00000000      0x439 build-sdmmc/arch/arm32/mach-t113s3/sdmmc.o
 .debug_loclists
                0x00000000      0x879 build-sdmmc/arch/arm32/mach-t113s3/sdmmc.o
 .debug_aranges
                0x00000000       0x38 build-sdmmc/arch/arm32/mach-t113s3/sdmmc.o
 .debug_rnglists
                0x00000000       0xe6 build-sdmmc/arch/arm32/mach-t113s3/sdmmc.o
 .debug_line    0x00000000      0xbfe build-sdmmc/arch/arm32/mach-t113s3/sdmmc.o
 .debug_str     0x00000000      0xd40 build-sdmmc/arch/arm32/mach-t113s3/sdmmc.o
 .comment       0x00000000       0x27 build-sdmmc/arch/arm32/mach-t113s3/sdmmc.o
 .debug_frame   0x00000000       0xc4 build-sdmmc/arch/arm32/mach-t113s3/sdmmc.o
 .ARM.attributes
                0x00000000       0x35 build-sdmmc/arch/arm32/mach-t113s3/sdmmc.o
 .text          0x00000000        0x0 build-sdmmc/arch/arm32/mach-t113s3/sunxi_sdhci.o
 .data          0x00000000        0x0 build-sdmmc/arch/arm32/mach-t113s3/sunxi_sdhci.o
 .bss           0x00000000        0x0 build-sdmmc/arch/arm32/mach-t113s3/sunxi_sdhci.o
 .rodata.wait_done.str1.1
                0x00000000       0x76 build-sdmmc/arch/arm32/mach-t113s3/sunxi_sdhci.o
 .text.wait_done
                0x00000000       0x90 build-sdmmc/arch/arm32/mach-t113s3/sunxi_sdhci.o
 .text.update_card_clock
                0x00000000       0x34 build-sdmmc/arch/arm32/mach-t113s3/sunxi_sdhci.o
 .rodata.sdhci_transfer.str1.1
                0x00000000      0x1e3 build-sdmmc/arch/arm32/mach-t113s3/sunxi_sdhci.o
 .text.sdhci_transfer
                0x00000000      0x4c0 build-sdmmc/arch/arm32/mach-t113s3/sunxi_sdhci.o
 .text.sdhci_reset
                0x00000000        0xa build-sdmmc/arch/arm32/mach-t113s3/sunxi_sdhci.o
 .rodata.sdhci_set_width.str1.1
                0x00000000       0x56 build-sdmmc/arch/arm32/mach-t113s3/sunxi_sdhci.o
 .text.sdhci_set_width
                0x00000000       0x5c build-sdmmc/arch/arm32/mach-t113s3/sunxi_sdhci.o
 .rodata.sdhci_set_clock.str1.1
                0x00000000       0xc8 build-sdmmc/arch/arm32/mach-t113s3/sunxi_sdhci.o
 .text.sdhci_set_clock
                0x00000000      0x20c build-sdmmc/arch/arm32/mach-t113s3/sunxi_sdhci.o
 .text.sunxi_sdhci_init
                0x00000000       0xc8 build-sdmmc/arch/arm32/mach-t113s3/sunxi_sdhci.o
 .debug_info    0x00000000     0x2233 build-sdmmc/arch/arm32/mach-t113s3/sunxi_sdhci.o
 .debug_abbrev  0x00000000      0x3c7 build-sdmmc/arch/arm32/mach-t113s3/sunxi_sdhci.o
 .debug_loclists
                0x00000000      0x988 build-sdmmc/arch/arm32/mach-t113s3/sunxi_sdhci.o
 .debug_aranges
                0x00000000       0x50 build-sdmmc/arch/arm32/mach-t113s3/sunxi_sdhci.o
 .debug_rnglists
                0x00000000       0x78 build-sdmmc/arch/arm32/mach-t113s3/sunxi_sdhci.o
 .debug_line    0x00000000      0xc81 build-sdmmc/arch/arm32/mach-t113s3/sunxi_sdhci.o
 .debug_str     0x00000000     0x159c build-sdmmc/arch/arm32/mach-t113s3/sunxi_sdhci.o
 .comment       0x00000000       0x27 build-sdmmc/arch/arm32/mach-t113s3/sunxi_sdhci.o
 .debug_frame   0x00000000       0xe4 build-sdmmc/arch/arm32/mach-t113s3/sunxi_sdhci.o
 .ARM.attributes
                0x00000000       0x35 build-sdmmc/arch/arm32/mach-t113s3/sunxi_sdhci.o
 .text          0x00000000        0x0 build-sdmmc/arch/arm32/mach-t113s3/sunxi_clk.o
 .data          0x00000000        0x0 build-sdmmc/arch/arm32/mach-t113s3/sunxi_clk.o
 .bss           0x00000000        0x0 build-sdmmc/arch/arm32/mach-t113s3/sunxi_clk.o
 .text.sunxi_clk_get_peri1x_rate
                0x00000000       0x3c build-sdmmc/arch/arm32/mach-t113s3/sunxi_clk.o
 .rodata.ccu    0x00000000        0x4 build-sdmmc/arch/arm32/mach-t113s3/sunxi_clk.o
 .text          0x00000000        0x0 build-sdmmc/arch/arm32/mach-t113s3/exception.o
 .data          0x00000000        0x0 build-sdmmc/arch/arm32/mach-t113s3/exception.o
 .bss           0x00000000        0x0 build-sdmmc/arch/arm32/mach-t113s3/exception.o
 .text          0x00000000        0x0 build-sdmmc/lib/fatfs/ff.o
 .data          0x00000000        0x0 build-sdmmc/lib/fatfs/ff.o
 .bss           0x00000000        0x0 build-sdmmc/lib/fatfs/ff.o
 .text.ld_dword
                0x00000000       0x16 build-sdmmc/lib/fatfs/ff.o
 .text.ld_qword
                0x00000000       0x2c build-sdmmc/lib/fatfs/ff.o
 .text.get_ldnumber
                0x00000000       0x2a build-sdmmc/lib/fatfs/ff.o
 .text.validate
                0x00000000       0x34 build-sdmmc/lib/fatfs/ff.o
 .text.move_window
                0x00000000       0x38 build-sdmmc/lib/fatfs/ff.o
 .rodata.check_fs.str1.1
                0x00000000       0x15 build-sdmmc/lib/fatfs/ff.o
 .text.check_fs
                0x00000000      0x120 build-sdmmc/lib/fatfs/ff.o
 .text.get_fat  0x00000000      0x158 build-sdmmc/lib/fatfs/ff.o
 .text.init_alloc_info.isra.0
                0x00000000       0x2a build-sdmmc/lib/fatfs/ff.o
 .text.dir_sdi.constprop.0
                0x00000000       0x84 build-sdmmc/lib/fatfs/ff.o
 .text.dir_next.constprop.0
                0x00000000       0xa6 build-sdmmc/lib/fatfs/ff.o
 .text.mount_volume.constprop.0
                0x00000000      0x4d0 build-sdmmc/lib/fatfs/ff.o
 .text.f_mount  0x00000000       0x4c build-sdmmc/lib/fatfs/ff.o
 .rodata.f_open.str1.1
                0x00000000       0x10 build-sdmmc/lib/fatfs/ff.o
 .text.f_open   0x00000000      0x8a8 build-sdmmc/lib/fatfs/ff.o
 .text.f_read   0x00000000      0x190 build-sdmmc/lib/fatfs/ff.o
 .text.f_close  0x00000000       0x12 build-sdmmc/lib/fatfs/ff.o
 .rodata.ExCvt  0x00000000       0x80 build-sdmmc/lib/fatfs/ff.o
 .bss.LfnBuf    0x00000000      0x200 build-sdmmc/lib/fatfs/ff.o
 .bss.DirBuf    0x00000000      0x260 build-sdmmc/lib/fatfs/ff.o
 .rodata.LfnOfs
                0x00000000        0xd build-sdmmc/lib/fatfs/ff.o
 .rodata.GUID_MS_Basic
                0x00000000       0x10 build-sdmmc/lib/fatfs/ff.o
 .bss.Fsid      0x00000000        0x2 build-sdmmc/lib/fatfs/ff.o
 .bss.FatFs     0x00000000        0x4 build-sdmmc/lib/fatfs/ff.o
 .rodata        0x00000000        0xc build-sdmmc/lib/fatfs/ff.o
 .debug_info    0x00000000     0x250a build-sdmmc/lib/fatfs/ff.o
 .debug_abbrev  0x00000000      0x371 build-sdmmc/lib/fatfs/ff.o
 .debug_loclists
                0x00000000     0x21e1 build-sdmmc/lib/fatfs/ff.o
 .debug_aranges
                0x00000000       0x90 build-sdmmc/lib/fatfs/ff.o
 .debug_rnglists
                0x00000000      0x207 build-sdmmc/lib/fatfs/ff.o
 .debug_line    0x00000000     0x1d4d build-sdmmc/lib/fatfs/ff.o
 .debug_str     0x00000000      0x701 build-sdmmc/lib/fatfs/ff.o
 .comment       0x00000000       0x27 build-sdmmc/lib/fatfs/ff.o
 .debug_frame   0x00000000      0x1ec build-sdmmc/lib/fatfs/ff.o
 .ARM.attributes
                0x00000000       0x35 build-sdmmc/lib/fatfs/ff.o
 .text          0x00000000        0x0 build-sdmmc/lib/fatfs/diskio.o
 .data          0x00000000        0x0 build-sdmmc/lib/fatfs/diskio.o
 .bss           0x00000000        0x0 build-sdmmc/lib/fatfs/diskio.o
 .text.disk_status
                0x00000000       0x10 build-sdmmc/lib/fatfs/diskio.o
 .text.disk_initialize
                0x00000000       0x18 build-sdmmc/lib/fatfs/diskio.o
 .rodata.disk_read.str1.1
                0x00000000       0xee build-sdmmc/lib/fatfs/diskio.o
 .text.disk_read
                0x00000000      0x170 build-sdmmc/lib/fatfs/diskio.o
 .text.disk_ioctl
                0x00000000        0x4 build-sdmmc/lib/fatfs/diskio.o
 .data.cache_pdrv
                0x00000000        0x1 build-sdmmc/lib/fatfs/diskio.o
 .bss.cache_bitmap
                0x00000000      0x100 build-sdmmc/lib/fatfs/diskio.o
 .data.Stat     0x00000000        0x1 build-sdmmc/lib/fatfs/diskio.o
 .debug_info    0x00000000      0xc30 build-sdmmc/lib/fatfs/diskio.o
 .debug_abbrev  0x00000000      0x2a6 build-sdmmc/lib/fatfs/diskio.o
 .debug_loclists
                0x00000000      0x19c build-sdmmc/lib/fatfs/diskio.o
 .debug_aranges
                0x00000000       0x38 build-sdmmc/lib/fatfs/diskio.o
 .debug_rnglists
                0x00000000       0x45 build-sdmmc/lib/fatfs/diskio.o
 .debug_line    0x00000000      0x262 build-sdmmc/lib/fatfs/diskio.o
 .debug_str     0x00000000      0x68f build-sdmmc/lib/fatfs/diskio.o
 .comment       0x00000000       0x27 build-sdmmc/lib/fatfs/diskio.o
 .debug_frame   0x00000000       0x70 build-sdmmc/lib/fatfs/diskio.o
 .ARM.attributes
                0x00000000       0x35 build-sdmmc/lib/fatfs/diskio.o
 .text          0x00000000        0x0 build-sdmmc/lib/fatfs/ffsystem.o
 .data          0x00000000        0x0 build-sdmmc/lib/fatfs/ffsystem.o
 .bss           0x00000000        0x0 build-sdmmc/lib/fatfs/ffsystem.o
 .debug_info    0x00000000       0x81 build-sdmmc/lib/fatfs/ffsystem.o
 .debug_abbrev  0x00000000       0x26 build-sdmmc/lib/fatfs/ffsystem.o
 .debug_aranges
                0x00000000       0x18 build-sdmmc/lib/fatfs/ffsystem.o
 .debug_line    0x00000000       0x35 build-sdmmc/lib/fatfs/ffsystem.o
 .debug_str     0x00000000      0x1ae build-sdmmc/lib/fatfs/ffsystem.o
 .comment       0x00000000       0x27 build-sdmmc/lib/fatfs/ffsystem.o
 .ARM.attributes
                0x00000000       0x35 build-sdmmc/lib/fatfs/ffsystem.o
 .text          0x00000000        0x0 build-sdmmc/lib/fatfs/ffunicode.o
 .data          0x00000000        0x0 build-sdmmc/lib/fatfs/ffunicode.o
 .bss           0x00000000        0x0 build-sdmmc/lib/fatfs/ffunicode.o
 .text.ff_uni2oem
                0x00000000       0x3c build-sdmmc/lib/fatfs/ffunicode.o
 .text.ff_oem2uni
                0x00000000       0x28 build-sdmmc/lib/fatfs/ffunicode.o
 .text.ff_wtoupper
                0x00000000       0x90 build-sdmmc/lib/fatfs/ffunicode.o
 .rodata.cvt2.0
                0x00000000       0xbc build-sdmmc/lib/fatfs/ffunicode.o
 .rodata.cvt1.1
                0x00000000      0x1f2 build-sdmmc/lib/fatfs/ffunicode.o
 .rodata.uc437  0x00000000      0x100 build-sdmmc/lib/fatfs/ffunicode.o
 .debug_info    0x00000000      0x297 build-sdmmc/lib/fatfs/ffunicode.o
 .debug_abbrev  0x00000000       0xf7 build-sdmmc/lib/fatfs/ffunicode.o
 .debug_loclists
                0x00000000      0x1ef build-sdmmc/lib/fatfs/ffunicode.o
 .debug_aranges
                0x00000000       0x30 build-sdmmc/lib/fatfs/ffunicode.o
 .debug_rnglists
                0x00000000       0x20 build-sdmmc/lib/fatfs/ffunicode.o
 .debug_line    0x00000000      0x23d build-sdmmc/lib/fatfs/ffunicode.o
 .debug_str     0x00000000      0x204 build-sdmmc/lib/fatfs/ffunicode.o
 .comment       0x00000000       0x27 build-sdmmc/lib/fatfs/ffunicode.o
 .debug_frame   0x00000000       0x50 build-sdmmc/lib/fatfs/ffunicode.o
 .ARM.attributes
                0x00000000       0x35 build-sdmmc/lib/fatfs/ffunicode.o
 .text          0x00000000      0x378 /usr/lib/gcc/arm-none-eabi/12.2.1/thumb/v7ve+simd/hard/libgcc.a(_arm_addsubdf3.o)
 .data          0x00000000        0x0 /usr/lib/gcc/arm-none-eabi/12.2.1/thumb/v7ve+simd/hard/libgcc.a(_arm_addsubdf3.o)
 .bss           0x00000000        0x0 /usr/lib/gcc/arm-none-eabi/12.2.1/thumb/v7ve+simd/hard/libgcc.a(_arm_addsubdf3.o)
 .debug_line    0x00000000      0x16f /usr/lib/gcc/arm-none-eabi/12.2.1/thumb/v7ve+simd/hard/libgcc.a(_arm_addsubdf3.o)
 .debug_line_str
                0x00000000       0x9d /usr/lib/gcc/arm-none-eabi/12.2.1/thumb/v7ve+simd/hard/libgcc.a(_arm_addsubdf3.o)
 .debug_info    0x00000000       0xb6 /usr/lib/gcc/arm-none-eabi/12.2.1/thumb/v7ve+simd/hard/libgcc.a(_arm_addsubdf3.o)
 .debug_abbrev  0x00000000       0x21 /usr/lib/gcc/arm-none-eabi/12.2.1/thumb/v7ve+simd/hard/libgcc.a(_arm_addsubdf3.o)
 .debug_aranges
                0x00000000       0x20 /usr/lib/gcc/arm-none-eabi/12.2.1/thumb/v7ve+simd/hard/libgcc.a(_arm_addsubdf3.o)
 .debug_str     0x00000000      0x155 /usr/lib/gcc/arm-none-eabi/12.2.1/thumb/v7ve+simd/hard/libgcc.a(_arm_addsubdf3.o)
 .debug_frame   0x00000000       0xac /usr/lib/gcc/arm-none-eabi/12.2.1/thumb/v7ve+simd/hard/libgcc.a(_arm_addsubdf3.o)
 .ARM.attributes
                0x00000000       0x29 /usr/lib/gcc/arm-none-eabi/12.2.1/thumb/v7ve+simd/hard/libgcc.a(_arm_addsubdf3.o)
 .text          0x00000000       0xa0 /usr/lib/gcc/arm-none-eabi/12.2.1/thumb/v7ve+simd/hard/libgcc.a(_aeabi_ldivmod.o)
 .data          0x00000000        0x0 /usr/lib/gcc/arm-none-eabi/12.2.1/thumb/v7ve+simd/hard/libgcc.a(_aeabi_ldivmod.o)
 .bss           0x00000000        0x0 /usr/lib/gcc/arm-none-eabi/12.2.1/thumb/v7ve+simd/hard/libgcc.a(_aeabi_ldivmod.o)
 .debug_line    0x00000000       0x6c /usr/lib/gcc/arm-none-eabi/12.2.1/thumb/v7ve+simd/hard/libgcc.a(_aeabi_ldivmod.o)
 .debug_line_str
                0x00000000       0x98 /usr/lib/gcc/arm-none-eabi/12.2.1/thumb/v7ve+simd/hard/libgcc.a(_aeabi_ldivmod.o)
 .debug_info    0x00000000       0x25 /usr/lib/gcc/arm-none-eabi/12.2.1/thumb/v7ve+simd/hard/libgcc.a(_aeabi_ldivmod.o)
 .debug_abbrev  0x00000000       0x14 /usr/lib/gcc/arm-none-eabi/12.2.1/thumb/v7ve+simd/hard/libgcc.a(_aeabi_ldivmod.o)
 .debug_aranges
                0x00000000       0x20 /usr/lib/gcc/arm-none-eabi/12.2.1/thumb/v7ve+simd/hard/libgcc.a(_aeabi_ldivmod.o)
 .debug_str     0x00000000       0xa4 /usr/lib/gcc/arm-none-eabi/12.2.1/thumb/v7ve+simd/hard/libgcc.a(_aeabi_ldivmod.o)
 .debug_frame   0x00000000       0x44 /usr/lib/gcc/arm-none-eabi/12.2.1/thumb/v7ve+simd/hard/libgcc.a(_aeabi_ldivmod.o)
 .ARM.attributes
                0x00000000       0x29 /usr/lib/gcc/arm-none-eabi/12.2.1/thumb/v7ve+simd/hard/libgcc.a(_aeabi_ldivmod.o)
 .data          0x00000000        0x0 /usr/lib/gcc/arm-none-eabi/12.2.1/thumb/v7ve+simd/hard/libgcc.a(_aeabi_uldivmod.o)
 .bss           0x00000000        0x0 /usr/lib/gcc/arm-none-eabi/12.2.1/thumb/v7ve+simd/hard/libgcc.a(_aeabi_uldivmod.o)
 .data          0x00000000        0x0 /usr/lib/gcc/arm-none-eabi/12.2.1/thumb/v7ve+simd/hard/libgcc.a(_udivmoddi4.o)
 .bss           0x00000000        0x0 /usr/lib/gcc/arm-none-eabi/12.2.1/thumb/v7ve+simd/hard/libgcc.a(_udivmoddi4.o)
 .ARM.extab     0x00000000        0x0 /usr/lib/gcc/arm-none-eabi/12.2.1/thumb/v7ve+simd/hard/libgcc.a(_udivmoddi4.o)
 .text          0x00000000      0xa68 /usr/lib/gcc/arm-none-eabi/12.2.1/thumb/v7ve+simd/hard/libgcc.a(unwind-arm.o)
 .data          0x00000000        0x0 /usr/lib/gcc/arm-none-eabi/12.2.1/thumb/v7ve+simd/hard/libgcc.a(unwind-arm.o)
 .bss           0x00000000        0x0 /usr/lib/gcc/arm-none-eabi/12.2.1/thumb/v7ve+simd/hard/libgcc.a(unwind-arm.o)
 .ARM.extab     0x00000000        0x0 /usr/lib/gcc/arm-none-eabi/12.2.1/thumb/v7ve+simd/hard/libgcc.a(unwind-arm.o)
 .ARM.exidx     0x00000000       0xd8 /usr/lib/gcc/arm-none-eabi/12.2.1/thumb/v7ve+simd/hard/libgcc.a(unwind-arm.o)
 .debug_info    0x00000000     0x1f0f /usr/lib/gcc/arm-none-eabi/12.2.1/thumb/v7ve+simd/hard/libgcc.a(unwind-arm.o)
 .debug_abbrev  0x00000000      0x481 /usr/lib/gcc/arm-none-eabi/12.2.1/thumb/v7ve+simd/hard/libgcc.a(unwind-arm.o)
 .debug_loclists
                0x00000000     0x13bf /usr/lib/gcc/arm-none-eabi/12.2.1/thumb/v7ve+simd/hard/libgcc.a(unwind-arm.o)
 .debug_aranges
                0x00000000       0x20 /usr/lib/gcc/arm-none-eabi/12.2.1/thumb/v7ve+simd/hard/libgcc.a(unwind-arm.o)
 .debug_rnglists
                0x00000000       0xcc /usr/lib/gcc/arm-none-eabi/12.2.1/thumb/v7ve+simd/hard/libgcc.a(unwind-arm.o)
 .debug_line    0x00000000     0x109b /usr/lib/gcc/arm-none-eabi/12.2.1/thumb/v7ve+simd/hard/libgcc.a(unwind-arm.o)
 .debug_str     0x00000000      0xc49 /usr/lib/gcc/arm-none-eabi/12.2.1/thumb/v7ve+simd/hard/libgcc.a(unwind-arm.o)
 .comment       0x00000000       0x27 /usr/lib/gcc/arm-none-eabi/12.2.1/thumb/v7ve+simd/hard/libgcc.a(unwind-arm.o)
 .debug_frame   0x00000000      0x2d0 /usr/lib/gcc/arm-none-eabi/12.2.1/thumb/v7ve+simd/hard/libgcc.a(unwind-arm.o)
 .ARM.attributes
                0x00000000       0x3b /usr/lib/gcc/arm-none-eabi/12.2.1/thumb/v7ve+simd/hard/libgcc.a(unwind-arm.o)
 .text          0x00000000      0x1ac /usr/lib/gcc/arm-none-eabi/12.2.1/thumb/v7ve+simd/hard/libgcc.a(libunwind.o)
 .data          0x00000000        0x0 /usr/lib/gcc/arm-none-eabi/12.2.1/thumb/v7ve+simd/hard/libgcc.a(libunwind.o)
 .bss           0x00000000        0x0 /usr/lib/gcc/arm-none-eabi/12.2.1/thumb/v7ve+simd/hard/libgcc.a(libunwind.o)
 .debug_line    0x00000000       0x97 /usr/lib/gcc/arm-none-eabi/12.2.1/thumb/v7ve+simd/hard/libgcc.a(libunwind.o)
 .debug_line_str
                0x00000000       0x9c /usr/lib/gcc/arm-none-eabi/12.2.1/thumb/v7ve+simd/hard/libgcc.a(libunwind.o)
 .debug_info    0x00000000       0x9e /usr/lib/gcc/arm-none-eabi/12.2.1/thumb/v7ve+simd/hard/libgcc.a(libunwind.o)
 .debug_abbrev  0x00000000       0x21 /usr/lib/gcc/arm-none-eabi/12.2.1/thumb/v7ve+simd/hard/libgcc.a(libunwind.o)
 .debug_aranges
                0x00000000       0x20 /usr/lib/gcc/arm-none-eabi/12.2.1/thumb/v7ve+simd/hard/libgcc.a(libunwind.o)
 .debug_str     0x00000000      0x1a6 /usr/lib/gcc/arm-none-eabi/12.2.1/thumb/v7ve+simd/hard/libgcc.a(libunwind.o)
 .ARM.attributes
                0x00000000       0x29 /usr/lib/gcc/arm-none-eabi/12.2.1/thumb/v7ve+simd/hard/libgcc.a(libunwind.o)
 .text          0x00000000      0x378 /usr/lib/gcc/arm-none-eabi/12.2.1/thumb/v7ve+simd/hard/libgcc.a(pr-support.o)
 .data          0x00000000        0x0 /usr/lib/gcc/arm-none-eabi/12.2.1/thumb/v7ve+simd/hard/libgcc.a(pr-support.o)
 .bss           0x00000000        0x0 /usr/lib/gcc/arm-none-eabi/12.2.1/thumb/v7ve+simd/hard/libgcc.a(pr-support.o)
 .ARM.extab     0x00000000       0x18 /usr/lib/gcc/arm-none-eabi/12.2.1/thumb/v7ve+simd/hard/libgcc.a(pr-support.o)
 .ARM.exidx     0x00000000       0x38 /usr/lib/gcc/arm-none-eabi/12.2.1/thumb/v7ve+simd/hard/libgcc.a(pr-support.o)
 .text.unlikely
                0x00000000        0xc /usr/lib/gcc/arm-none-eabi/12.2.1/thumb/v7ve+simd/hard/libgcc.a(pr-support.o)
 .ARM.extab.text.unlikely
                0x00000000        0x0 /usr/lib/gcc/arm-none-eabi/12.2.1/thumb/v7ve+simd/hard/libgcc.a(pr-support.o)
 .ARM.exidx.text.unlikely
                0x00000000       0x10 /usr/lib/gcc/arm-none-eabi/12.2.1/thumb/v7ve+simd/hard/libgcc.a(pr-support.o)
 .debug_info    0x00000000      0xa6b /usr/lib/gcc/arm-none-eabi/12.2.1/thumb/v7ve+simd/hard/libgcc.a(pr-support.o)
 .debug_abbrev  0x00000000      0x2f7 /usr/lib/gcc/arm-none-eabi/12.2.1/thumb/v7ve+simd/hard/libgcc.a(pr-support.o)
 .debug_loclists
                0x00000000      0x3cd /usr/lib/gcc/arm-none-eabi/12.2.1/thumb/v7ve+simd/hard/libgcc.a(pr-support.o)
 .debug_aranges
                0x00000000       0x30 /usr/lib/gcc/arm-none-eabi/12.2.1/thumb/v7ve+simd/hard/libgcc.a(pr-support.o)
 .debug_rnglists
                0x00000000       0x3a /usr/lib/gcc/arm-none-eabi/12.2.1/thumb/v7ve+simd/hard/libgcc.a(pr-support.o)
 .debug_line    0x00000000      0x564 /usr/lib/gcc/arm-none-eabi/12.2.1/thumb/v7ve+simd/hard/libgcc.a(pr-support.o)
 .debug_str     0x00000000      0x5a2 /usr/lib/gcc/arm-none-eabi/12.2.1/thumb/v7ve+simd/hard/libgcc.a(pr-support.o)
 .comment       0x00000000       0x27 /usr/lib/gcc/arm-none-eabi/12.2.1/thumb/v7ve+simd/hard/libgcc.a(pr-support.o)
 .debug_frame   0x00000000       0xf4 /usr/lib/gcc/arm-none-eabi/12.2.1/thumb/v7ve+simd/hard/libgcc.a(pr-support.o)
 .ARM.attributes
                0x00000000       0x3b /usr/lib/gcc/arm-none-eabi/12.2.1/thumb/v7ve+simd/hard/libgcc.a(pr-support.o)
 .data          0x00000000        0x0 /usr/lib/gcc/arm-none-eabi/12.2.1/thumb/v7ve+simd/hard/libgcc.a(_dvmd_tls.o)
 .bss           0x00000000        0x0 /usr/lib/gcc/arm-none-eabi/12.2.1/thumb/v7ve+simd/hard/libgcc.a(_dvmd_tls.o)

Memory Configuration

Name             Origin             Length             Attributes
ram              0x00030000         0x00018000         xrw
*default*        0x00000000         0xffffffff

Linker script and memory map

LOAD build-sdmmc/arch/arm32/mach-t113s3/start.o
LOAD build-sdmmc/arch/arm32/mach-t113s3/memcpy.o
LOAD build-sdmmc/main.o
LOAD build-sdmmc/board.o
LOAD build-sdmmc/lib/debug.o
LOAD build-sdmmc/lib/xformat.o
LOAD build-sdmmc/lib/fdt.o
LOAD build-sdmmc/lib/string.o
LOAD build-sdmmc/arch/arm32/mach-t113s3/dram.o
LOAD build-sdmmc/arch/arm32/mach-t113s3/sunxi_usart.o
LOAD build-sdmmc/arch/arm32/mach-t113s3/arch_timer.o
LOAD build-sdmmc/arch/arm32/mach-t113s3/sunxi_spi.o
LOAD build-sdmmc/arch/arm32/mach-t113s3/sunxi_dma.o
LOAD build-sdmmc/arch/arm32/mach-t113s3/sunxi_gpio.o
LOAD build-sdmmc/arch/arm32/mach-t113s3/sdmmc.o
LOAD build-sdmmc/arch/arm32/mach-t113s3/sunxi_sdhci.o
LOAD build-sdmmc/arch/arm32/mach-t113s3/sunxi_clk.o
LOAD build-sdmmc/arch/arm32/mach-t113s3/exception.o
LOAD build-sdmmc/lib/fatfs/ff.o
LOAD build-sdmmc/lib/fatfs/diskio.o
LOAD build-sdmmc/lib/fatfs/ffsystem.o
LOAD build-sdmmc/lib/fatfs/ffunicode.o
LOAD /usr/lib/gcc/arm-none-eabi/12.2.1/thumb/v7ve+simd/hard/libgcc.a
                0x00001000                        STACK_SIZE = 0x1000

.text           0x00030000     0x1048
                0x00030000                        . = ALIGN (0x4)
                0x00030000                        PROVIDE (__spl_start = .)
 *(.text .text.*)
 .text          0x00030000      0x70c build-sdmmc/arch/arm32/mach-t113s3/start.o
                0x00030000                reset
 .text.send_string_via_usart
                0x0003070c       0x20 build-sdmmc/main.o
 .text.startup.main
                0x0003072c      0x1d0 build-sdmmc/main.o
                0x0003072c                main
 .text.message  0x000308fc       0x28 build-sdmmc/lib/debug.o
                0x000308fc                message
 .text.sunxi_usart_putc
                0x00030924       0x20 build-sdmmc/arch/arm32/mach-t113s3/sunxi_usart.o
                0x00030924                sunxi_usart_putc
 .text.time_ms  0x00030944       0x12 build-sdmmc/arch/arm32/mach-t113s3/arch_timer.o
                0x00030944                time_ms
 .text.time_us  0x00030956       0x10 build-sdmmc/arch/arm32/mach-t113s3/arch_timer.o
                0x00030956                time_us
 .text.udelay   0x00030966       0x20 build-sdmmc/arch/arm32/mach-t113s3/arch_timer.o
                0x00030966                udelay
 .text.mdelay   0x00030986       0x22 build-sdmmc/arch/arm32/mach-t113s3/arch_timer.o
                0x00030986                mdelay
 .text.sdelay   0x000309a8        0x6 build-sdmmc/arch/arm32/mach-t113s3/arch_timer.o
                0x000309a8                sdelay
 .text.sunxi_gpio_set_value
                0x000309ae       0x32 build-sdmmc/arch/arm32/mach-t113s3/sunxi_gpio.o
                0x000309ae                sunxi_gpio_set_value
 .text.set_module
                0x000309e0       0x30 build-sdmmc/arch/arm32/mach-t113s3/sunxi_clk.o
 .text.set_pll_cpux_axi
                0x00030a10       0x94 build-sdmmc/arch/arm32/mach-t113s3/sunxi_clk.o
                0x00030a10                set_pll_cpux_axi
 .text.sunxi_clk_init
                0x00030aa4       0xd8 build-sdmmc/arch/arm32/mach-t113s3/sunxi_clk.o
                0x00030aa4                sunxi_clk_init
 .text.show_regs
                0x00030b7c       0x4c build-sdmmc/arch/arm32/mach-t113s3/exception.o
 .text.arm32_do_undefined_instruction
                0x00030bc8       0x20 build-sdmmc/arch/arm32/mach-t113s3/exception.o
                0x00030bc8                arm32_do_undefined_instruction
 .text.arm32_do_software_interrupt
                0x00030be8       0x20 build-sdmmc/arch/arm32/mach-t113s3/exception.o
                0x00030be8                arm32_do_software_interrupt
 .text.arm32_do_prefetch_abort
                0x00030c08       0x20 build-sdmmc/arch/arm32/mach-t113s3/exception.o
                0x00030c08                arm32_do_prefetch_abort
 .text.arm32_do_data_abort
                0x00030c28       0x20 build-sdmmc/arch/arm32/mach-t113s3/exception.o
                0x00030c28                arm32_do_data_abort
 .text.arm32_do_irq
                0x00030c48       0x20 build-sdmmc/arch/arm32/mach-t113s3/exception.o
                0x00030c48                arm32_do_irq
 .text.arm32_do_fiq
                0x00030c68       0x2c build-sdmmc/arch/arm32/mach-t113s3/exception.o
                0x00030c68                arm32_do_fiq
 .text          0x00030c94       0x30 /usr/lib/gcc/arm-none-eabi/12.2.1/thumb/v7ve+simd/hard/libgcc.a(_aeabi_uldivmod.o)
                0x00030c94                __aeabi_uldivmod
 .text          0x00030cc4      0x380 /usr/lib/gcc/arm-none-eabi/12.2.1/thumb/v7ve+simd/hard/libgcc.a(_udivmoddi4.o)
                0x00030cc4                __udivmoddi4
 .text          0x00031044        0x4 /usr/lib/gcc/arm-none-eabi/12.2.1/thumb/v7ve+simd/hard/libgcc.a(_dvmd_tls.o)
                0x00031044                __aeabi_ldiv0
                0x00031044                __aeabi_idiv0
                0x00031048                        . = ALIGN (0x4)

.rodata.main.str1.1
                0x00031048        0xa
 .rodata.main.str1.1
                0x00031048        0xa build-sdmmc/main.o

.rodata.str1.1  0x00031052        0x7
 .rodata.str1.1
                0x00031052        0x7 build-sdmmc/main.o

.rodata.show_regs.str1.1
                0x00031059       0x67
 .rodata.show_regs.str1.1
                0x00031059       0x67 build-sdmmc/arch/arm32/mach-t113s3/exception.o

.rodata.arm32_do_undefined_instruction.str1.1
                0x000310c0       0x2b
 .rodata.arm32_do_undefined_instruction.str1.1
                0x000310c0       0x2b build-sdmmc/arch/arm32/mach-t113s3/exception.o

.rodata.arm32_do_software_interrupt.str1.1
                0x000310eb       0x28
 .rodata.arm32_do_software_interrupt.str1.1
                0x000310eb       0x28 build-sdmmc/arch/arm32/mach-t113s3/exception.o

.rodata.arm32_do_prefetch_abort.str1.1
                0x00031113       0x24
 .rodata.arm32_do_prefetch_abort.str1.1
                0x00031113       0x24 build-sdmmc/arch/arm32/mach-t113s3/exception.o

.rodata.arm32_do_data_abort.str1.1
                0x00031137       0x20
 .rodata.arm32_do_data_abort.str1.1
                0x00031137       0x20 build-sdmmc/arch/arm32/mach-t113s3/exception.o

.rodata.arm32_do_irq.str1.1
                0x00031157       0x23
 .rodata.arm32_do_irq.str1.1
                0x00031157       0x23 build-sdmmc/arch/arm32/mach-t113s3/exception.o

.rodata.arm32_do_fiq.str1.1
                0x0003117a       0x23
 .rodata.arm32_do_fiq.str1.1
                0x0003117a       0x23 build-sdmmc/arch/arm32/mach-t113s3/exception.o

.glue_7         0x000311a0        0x0
 .glue_7        0x000311a0        0x0 linker stubs

.glue_7t        0x000311a0        0x0
 .glue_7t       0x000311a0        0x0 linker stubs

.vfp11_veneer   0x000311a0        0x0
 .vfp11_veneer  0x000311a0        0x0 linker stubs

.v4_bx          0x000311a0        0x0
 .v4_bx         0x000311a0        0x0 linker stubs

.iplt           0x000311a0        0x0
 .iplt          0x000311a0        0x0 build-sdmmc/arch/arm32/mach-t113s3/start.o

.igot.plt       0x000311a0        0x0
 .igot.plt      0x000311a0        0x0 build-sdmmc/arch/arm32/mach-t113s3/start.o

.data.str1      0x000311a0        0x4
 .data.str1     0x000311a0        0x4 build-sdmmc/main.o
                0x000311a0                str1

.data.usart5_dbg
                0x000311a4       0x18
 .data.usart5_dbg
                0x000311a4       0x18 build-sdmmc/board.o
                0x000311a4                usart5_dbg
                0x000311bc                        . = ALIGN (0x4)

.ARM.exidx      0x000311bc        0x8
                0x000311bc                        __exidx_start = .
 *(.ARM.exidx* .gnu.linkonce.armexidx.*)
 .ARM.exidx     0x000311bc        0x8 /usr/lib/gcc/arm-none-eabi/12.2.1/thumb/v7ve+simd/hard/libgcc.a(_udivmoddi4.o)
                0x000311c4                        __exidx_end = .
                0x000311c4                        PROVIDE (__spl_end = .)
                0x000011c4                        PROVIDE (__spl_size = (__spl_end - __spl_start))

.rel.dyn        0x000311c4        0x0
 .rel.iplt      0x000311c4        0x0 build-sdmmc/arch/arm32/mach-t113s3/start.o

.bss            0x000311c4       0x10
                0x000311c4                        . = ALIGN (0x4)
                0x000311c4                        _sbss = .
 *(.bss .bss.*)
 .bss.str2      0x000311c4        0xf build-sdmmc/main.o
                0x000311c4                str2
 *(COMMON)
                0x000311d4                        . = ALIGN (0x4)
 *fill*         0x000311d3        0x1 
                0x000311d4                        _ebss = .

.stack          0x000311d4     0x1004
                0x000311d8                        . = ALIGN (0x8)
 *fill*         0x000311d4        0x4 
                0x000311d8                        __stack_srv_start = .
                0x000321d8                        . = (. + STACK_SIZE)
 *fill*         0x000311d8     0x1000 
                0x000321d8                        __stack_srv_end = .
                0x000321d8                        . = ALIGN (0x4)
                0x000321d8                        _end = .
OUTPUT(build-sdmmc/awboot-fel.elf elf32-littlearm)
LOAD linker stubs

.ARM.attributes
                0x00000000       0x37
 .ARM.attributes
                0x00000000       0x27 build-sdmmc/arch/arm32/mach-t113s3/start.o
 .ARM.attributes
                0x00000027       0x35 build-sdmmc/main.o
 .ARM.attributes
                0x0000005c       0x35 build-sdmmc/board.o
 .ARM.attributes
                0x00000091       0x35 build-sdmmc/lib/debug.o
 .ARM.attributes
                0x000000c6       0x35 build-sdmmc/arch/arm32/mach-t113s3/sunxi_usart.o
 .ARM.attributes
                0x000000fb       0x35 build-sdmmc/arch/arm32/mach-t113s3/arch_timer.o
 .ARM.attributes
                0x00000130       0x35 build-sdmmc/arch/arm32/mach-t113s3/sunxi_gpio.o
 .ARM.attributes
                0x00000165       0x35 build-sdmmc/arch/arm32/mach-t113s3/sunxi_clk.o
 .ARM.attributes
                0x0000019a       0x35 build-sdmmc/arch/arm32/mach-t113s3/exception.o
 .ARM.attributes
                0x000001cf       0x29 /usr/lib/gcc/arm-none-eabi/12.2.1/thumb/v7ve+simd/hard/libgcc.a(_aeabi_uldivmod.o)
 .ARM.attributes
                0x000001f8       0x3b /usr/lib/gcc/arm-none-eabi/12.2.1/thumb/v7ve+simd/hard/libgcc.a(_udivmoddi4.o)
 .ARM.attributes
                0x00000233       0x29 /usr/lib/gcc/arm-none-eabi/12.2.1/thumb/v7ve+simd/hard/libgcc.a(_dvmd_tls.o)

.comment        0x00000000       0x26
 .comment       0x00000000       0x26 build-sdmmc/main.o
                                 0x27 (size before relaxing)
 .comment       0x00000026       0x27 build-sdmmc/board.o
 .comment       0x00000026       0x27 build-sdmmc/lib/debug.o
 .comment       0x00000026       0x27 build-sdmmc/arch/arm32/mach-t113s3/sunxi_usart.o
 .comment       0x00000026       0x27 build-sdmmc/arch/arm32/mach-t113s3/arch_timer.o
 .comment       0x00000026       0x27 build-sdmmc/arch/arm32/mach-t113s3/sunxi_gpio.o
 .comment       0x00000026       0x27 build-sdmmc/arch/arm32/mach-t113s3/sunxi_clk.o
 .comment       0x00000026       0x27 build-sdmmc/arch/arm32/mach-t113s3/exception.o
 .comment       0x00000026       0x27 /usr/lib/gcc/arm-none-eabi/12.2.1/thumb/v7ve+simd/hard/libgcc.a(_udivmoddi4.o)

.debug_line     0x00000000     0x1e56
 .debug_line    0x00000000      0x113 build-sdmmc/arch/arm32/mach-t113s3/start.o
 .debug_line    0x00000113      0x417 build-sdmmc/main.o
 .debug_line    0x0000052a      0x163 build-sdmmc/board.o
 .debug_line    0x0000068d      0x18f build-sdmmc/lib/debug.o
 .debug_line    0x0000081c      0x2c0 build-sdmmc/arch/arm32/mach-t113s3/sunxi_usart.o
 .debug_line    0x00000adc      0x1a3 build-sdmmc/arch/arm32/mach-t113s3/arch_timer.o
 .debug_line    0x00000c7f      0x2eb build-sdmmc/arch/arm32/mach-t113s3/sunxi_gpio.o
 .debug_line    0x00000f6a      0x6c3 build-sdmmc/arch/arm32/mach-t113s3/sunxi_clk.o
 .debug_line    0x0000162d      0x1e4 build-sdmmc/arch/arm32/mach-t113s3/exception.o
 .debug_line    0x00001811       0x4e /usr/lib/gcc/arm-none-eabi/12.2.1/thumb/v7ve+simd/hard/libgcc.a(_aeabi_uldivmod.o)
 .debug_line    0x0000185f      0x5ad /usr/lib/gcc/arm-none-eabi/12.2.1/thumb/v7ve+simd/hard/libgcc.a(_udivmoddi4.o)
 .debug_line    0x00001e0c       0x4a /usr/lib/gcc/arm-none-eabi/12.2.1/thumb/v7ve+simd/hard/libgcc.a(_dvmd_tls.o)

.debug_line_str
                0x00000000       0xf0
 .debug_line_str
                0x00000000       0x4c build-sdmmc/arch/arm32/mach-t113s3/start.o
 .debug_line_str
                0x0000004c       0x98 /usr/lib/gcc/arm-none-eabi/12.2.1/thumb/v7ve+simd/hard/libgcc.a(_aeabi_uldivmod.o)
 .debug_line_str
                0x000000e4        0xc /usr/lib/gcc/arm-none-eabi/12.2.1/thumb/v7ve+simd/hard/libgcc.a(_dvmd_tls.o)
                                 0x9c (size before relaxing)

.debug_info     0x00000000     0x49fc
 .debug_info    0x00000000       0x25 build-sdmmc/arch/arm32/mach-t113s3/start.o
 .debug_info    0x00000025      0x95c build-sdmmc/main.o
 .debug_info    0x00000981      0xc55 build-sdmmc/board.o
 .debug_info    0x000015d6      0x2e1 build-sdmmc/lib/debug.o
 .debug_info    0x000018b7      0x4f0 build-sdmmc/arch/arm32/mach-t113s3/sunxi_usart.o
 .debug_info    0x00001da7      0x270 build-sdmmc/arch/arm32/mach-t113s3/arch_timer.o
 .debug_info    0x00002017      0x5d1 build-sdmmc/arch/arm32/mach-t113s3/sunxi_gpio.o
 .debug_info    0x000025e8     0x181c build-sdmmc/arch/arm32/mach-t113s3/sunxi_clk.o
 .debug_info    0x00003e04      0x4a8 build-sdmmc/arch/arm32/mach-t113s3/exception.o
 .debug_info    0x000042ac       0x24 /usr/lib/gcc/arm-none-eabi/12.2.1/thumb/v7ve+simd/hard/libgcc.a(_aeabi_uldivmod.o)
 .debug_info    0x000042d0      0x6f3 /usr/lib/gcc/arm-none-eabi/12.2.1/thumb/v7ve+simd/hard/libgcc.a(_udivmoddi4.o)
 .debug_info    0x000049c3       0x39 /usr/lib/gcc/arm-none-eabi/12.2.1/thumb/v7ve+simd/hard/libgcc.a(_dvmd_tls.o)

.debug_abbrev   0x00000000     0x1101
 .debug_abbrev  0x00000000       0x14 build-sdmmc/arch/arm32/mach-t113s3/start.o
 .debug_abbrev  0x00000014      0x24f build-sdmmc/main.o
 .debug_abbrev  0x00000263      0x267 build-sdmmc/board.o
 .debug_abbrev  0x000004ca      0x1e2 build-sdmmc/lib/debug.o
 .debug_abbrev  0x000006ac      0x1a4 build-sdmmc/arch/arm32/mach-t113s3/sunxi_usart.o
 .debug_abbrev  0x00000850      0x13e build-sdmmc/arch/arm32/mach-t113s3/arch_timer.o
 .debug_abbrev  0x0000098e      0x1ee build-sdmmc/arch/arm32/mach-t113s3/sunxi_gpio.o
 .debug_abbrev  0x00000b7c      0x291 build-sdmmc/arch/arm32/mach-t113s3/sunxi_clk.o
 .debug_abbrev  0x00000e0d      0x14e build-sdmmc/arch/arm32/mach-t113s3/exception.o
 .debug_abbrev  0x00000f5b       0x14 /usr/lib/gcc/arm-none-eabi/12.2.1/thumb/v7ve+simd/hard/libgcc.a(_aeabi_uldivmod.o)
 .debug_abbrev  0x00000f6f      0x173 /usr/lib/gcc/arm-none-eabi/12.2.1/thumb/v7ve+simd/hard/libgcc.a(_udivmoddi4.o)
 .debug_abbrev  0x000010e2       0x1f /usr/lib/gcc/arm-none-eabi/12.2.1/thumb/v7ve+simd/hard/libgcc.a(_dvmd_tls.o)

.debug_aranges  0x00000000      0x238
 .debug_aranges
                0x00000000       0x20 build-sdmmc/arch/arm32/mach-t113s3/start.o
 .debug_aranges
                0x00000020       0x30 build-sdmmc/main.o
 .debug_aranges
                0x00000050       0x30 build-sdmmc/board.o
 .debug_aranges
                0x00000080       0x28 build-sdmmc/lib/debug.o
 .debug_aranges
                0x000000a8       0x28 build-sdmmc/arch/arm32/mach-t113s3/sunxi_usart.o
 .debug_aranges
                0x000000d0       0x48 build-sdmmc/arch/arm32/mach-t113s3/arch_timer.o
 .debug_aranges
                0x00000118       0x38 build-sdmmc/arch/arm32/mach-t113s3/sunxi_gpio.o
 .debug_aranges
                0x00000150       0x38 build-sdmmc/arch/arm32/mach-t113s3/sunxi_clk.o
 .debug_aranges
                0x00000188       0x50 build-sdmmc/arch/arm32/mach-t113s3/exception.o
 .debug_aranges
                0x000001d8       0x20 /usr/lib/gcc/arm-none-eabi/12.2.1/thumb/v7ve+simd/hard/libgcc.a(_aeabi_uldivmod.o)
 .debug_aranges
                0x000001f8       0x20 /usr/lib/gcc/arm-none-eabi/12.2.1/thumb/v7ve+simd/hard/libgcc.a(_udivmoddi4.o)
 .debug_aranges
                0x00000218       0x20 /usr/lib/gcc/arm-none-eabi/12.2.1/thumb/v7ve+simd/hard/libgcc.a(_dvmd_tls.o)

.debug_str      0x00000000     0x1e10
 .debug_str     0x00000000       0x58 build-sdmmc/arch/arm32/mach-t113s3/start.o
 .debug_str     0x00000058      0x26f build-sdmmc/main.o
                                0x301 (size before relaxing)
 .debug_str     0x000002c7      0x604 build-sdmmc/board.o
                                0x84c (size before relaxing)
 .debug_str     0x000008cb       0x27 build-sdmmc/lib/debug.o
                                0x238 (size before relaxing)
 .debug_str     0x000008f2       0x4e build-sdmmc/arch/arm32/mach-t113s3/sunxi_usart.o
                                0x277 (size before relaxing)
 .debug_str     0x00000940       0x76 build-sdmmc/arch/arm32/mach-t113s3/arch_timer.o
                                0x221 (size before relaxing)
 .debug_str     0x000009b6      0x113 build-sdmmc/arch/arm32/mach-t113s3/sunxi_gpio.o
                                0x317 (size before relaxing)
 .debug_str     0x00000ac9      0xc1b build-sdmmc/arch/arm32/mach-t113s3/sunxi_clk.o
                                0xe1d (size before relaxing)
 .debug_str     0x000016e4       0xbe build-sdmmc/arch/arm32/mach-t113s3/exception.o
                                0x296 (size before relaxing)
 .debug_str     0x000017a2       0xa4 /usr/lib/gcc/arm-none-eabi/12.2.1/thumb/v7ve+simd/hard/libgcc.a(_aeabi_uldivmod.o)
 .debug_str     0x00001846      0x57e /usr/lib/gcc/arm-none-eabi/12.2.1/thumb/v7ve+simd/hard/libgcc.a(_udivmoddi4.o)
                                0x678 (size before relaxing)
 .debug_str     0x00001dc4       0x4c /usr/lib/gcc/arm-none-eabi/12.2.1/thumb/v7ve+simd/hard/libgcc.a(_dvmd_tls.o)
                                 0xc4 (size before relaxing)

.debug_loclists
                0x00000000     0x194a
 .debug_loclists
                0x00000000      0x261 build-sdmmc/main.o
 .debug_loclists
                0x00000261       0x31 build-sdmmc/board.o
 .debug_loclists
                0x00000292       0xf2 build-sdmmc/lib/debug.o
 .debug_loclists
                0x00000384      0x1eb build-sdmmc/arch/arm32/mach-t113s3/sunxi_usart.o
 .debug_loclists
                0x0000056f       0xfd build-sdmmc/arch/arm32/mach-t113s3/arch_timer.o
 .debug_loclists
                0x0000066c      0x2e1 build-sdmmc/arch/arm32/mach-t113s3/sunxi_gpio.o
 .debug_loclists
                0x0000094d      0x4a9 build-sdmmc/arch/arm32/mach-t113s3/sunxi_clk.o
 .debug_loclists
                0x00000df6       0xe2 build-sdmmc/arch/arm32/mach-t113s3/exception.o
 .debug_loclists
                0x00000ed8      0xa72 /usr/lib/gcc/arm-none-eabi/12.2.1/thumb/v7ve+simd/hard/libgcc.a(_udivmoddi4.o)

.debug_rnglists
                0x00000000      0x31d
 .debug_rnglists
                0x00000000       0xb3 build-sdmmc/main.o
 .debug_rnglists
                0x000000b3       0x1f build-sdmmc/board.o
 .debug_rnglists
                0x000000d2       0x31 build-sdmmc/lib/debug.o
 .debug_rnglists
                0x00000103       0x3d build-sdmmc/arch/arm32/mach-t113s3/sunxi_usart.o
 .debug_rnglists
                0x00000140       0x49 build-sdmmc/arch/arm32/mach-t113s3/arch_timer.o
 .debug_rnglists
                0x00000189       0x6d build-sdmmc/arch/arm32/mach-t113s3/sunxi_gpio.o
 .debug_rnglists
                0x000001f6       0x72 build-sdmmc/arch/arm32/mach-t113s3/sunxi_clk.o
 .debug_rnglists
                0x00000268       0x37 build-sdmmc/arch/arm32/mach-t113s3/exception.o
 .debug_rnglists
                0x0000029f       0x7e /usr/lib/gcc/arm-none-eabi/12.2.1/thumb/v7ve+simd/hard/libgcc.a(_udivmoddi4.o)

.debug_frame    0x00000000      0x440
 .debug_frame   0x00000000       0x6c build-sdmmc/main.o
 .debug_frame   0x0000006c       0x64 build-sdmmc/board.o
 .debug_frame   0x000000d0       0x70 build-sdmmc/lib/debug.o
 .debug_frame   0x00000140       0x3c build-sdmmc/arch/arm32/mach-t113s3/sunxi_usart.o
 .debug_frame   0x0000017c       0x9c build-sdmmc/arch/arm32/mach-t113s3/arch_timer.o
 .debug_frame   0x00000218       0x6c build-sdmmc/arch/arm32/mach-t113s3/sunxi_gpio.o
 .debug_frame   0x00000284       0x74 build-sdmmc/arch/arm32/mach-t113s3/sunxi_clk.o
 .debug_frame   0x000002f8       0xdc build-sdmmc/arch/arm32/mach-t113s3/exception.o
 .debug_frame   0x000003d4       0x2c /usr/lib/gcc/arm-none-eabi/12.2.1/thumb/v7ve+simd/hard/libgcc.a(_aeabi_uldivmod.o)
 .debug_frame   0x00000400       0x40 /usr/lib/gcc/arm-none-eabi/12.2.1/thumb/v7ve+simd/hard/libgcc.a(_udivmoddi4.o)
