Archive member included to satisfy reference by file (symbol)

/usr/lib/gcc/arm-none-eabi/12.2.1/thumb/v7ve+simd/hard/libgcc.a(_arm_addsubdf3.o)
                              build-sdmmc/arch/arm32/mach-t113s3/sdmmc.o (__aeabi_ul2d)
/usr/lib/gcc/arm-none-eabi/12.2.1/thumb/v7ve+simd/hard/libgcc.a(_aeabi_ldivmod.o)
                              build-sdmmc/lib/fatfs/ff.o (__aeabi_ldivmod)
/usr/lib/gcc/arm-none-eabi/12.2.1/thumb/v7ve+simd/hard/libgcc.a(_aeabi_uldivmod.o)
                              build-sdmmc/arch/arm32/mach-t113s3/arch_timer.o (__aeabi_uldivmod)
/usr/lib/gcc/arm-none-eabi/12.2.1/thumb/v7ve+simd/hard/libgcc.a(_udivmoddi4.o)
                              /usr/lib/gcc/arm-none-eabi/12.2.1/thumb/v7ve+simd/hard/libgcc.a(_aeabi_ldivmod.o) (__udivmoddi4)
/usr/lib/gcc/arm-none-eabi/12.2.1/thumb/v7ve+simd/hard/libgcc.a(unwind-arm.o)
                              build-sdmmc/arch/arm32/mach-t113s3/memcpy.o (__aeabi_unwind_cpp_pr0)
/usr/lib/gcc/arm-none-eabi/12.2.1/thumb/v7ve+simd/hard/libgcc.a(libunwind.o)
                              /usr/lib/gcc/arm-none-eabi/12.2.1/thumb/v7ve+simd/hard/libgcc.a(unwind-arm.o) (restore_core_regs)
/usr/lib/gcc/arm-none-eabi/12.2.1/thumb/v7ve+simd/hard/libgcc.a(pr-support.o)
                              /usr/lib/gcc/arm-none-eabi/12.2.1/thumb/v7ve+simd/hard/libgcc.a(unwind-arm.o) (__gnu_unwind_execute)
/usr/lib/gcc/arm-none-eabi/12.2.1/thumb/v7ve+simd/hard/libgcc.a(_dvmd_tls.o)
                              /usr/lib/gcc/arm-none-eabi/12.2.1/thumb/v7ve+simd/hard/libgcc.a(_aeabi_ldivmod.o) (__aeabi_ldiv0)

Discarded input sections

 .data          0x00000000        0x0 build-sdmmc/arch/arm32/mach-t113s3/start.o
 .bss           0x00000000        0x0 build-sdmmc/arch/arm32/mach-t113s3/start.o
 .data          0x00000000        0x0 build-sdmmc/arch/arm32/mach-t113s3/memcpy.o
 .bss           0x00000000        0x0 build-sdmmc/arch/arm32/mach-t113s3/memcpy.o
 .ARM.extab     0x00000000        0x0 build-sdmmc/arch/arm32/mach-t113s3/memcpy.o
 .text          0x00000000        0x0 build-sdmmc/main.o
 .data          0x00000000        0x0 build-sdmmc/main.o
 .bss           0x00000000        0x0 build-sdmmc/main.o
 .text.print_pc
                0x00000000       0x44 build-sdmmc/main.o
 .text          0x00000000        0x0 build-sdmmc/board.o
 .data          0x00000000        0x0 build-sdmmc/board.o
 .bss           0x00000000        0x0 build-sdmmc/board.o
 .text.board_init_led
                0x00000000       0x16 build-sdmmc/board.o
 .text.board_sdhci_init
                0x00000000       0x20 build-sdmmc/board.o
 .text.board_init
                0x00000000       0x18 build-sdmmc/board.o
 .data.sunxi_spi0
                0x00000000       0x60 build-sdmmc/board.o
 .data.usart3_dbg
                0x00000000       0x18 build-sdmmc/board.o
 .data.usart0_dbg
                0x00000000       0x18 build-sdmmc/board.o
 .text          0x00000000        0x0 build-sdmmc/lib/debug.o
 .data          0x00000000        0x0 build-sdmmc/lib/debug.o
 .bss           0x00000000        0x0 build-sdmmc/lib/debug.o
 .text          0x00000000        0x0 build-sdmmc/lib/xformat.o
 .data          0x00000000        0x0 build-sdmmc/lib/xformat.o
 .bss           0x00000000        0x0 build-sdmmc/lib/xformat.o
 .text.ulong2a  0x00000000       0x64 build-sdmmc/lib/xformat.o
 .text.xvformat
                0x00000000      0x5f4 build-sdmmc/lib/xformat.o
 .text.xformat  0x00000000       0x1a build-sdmmc/lib/xformat.o
 .rodata.formatStates
                0x00000000       0x5b build-sdmmc/lib/xformat.o
 .rodata.ms_digits
                0x00000000       0x11 build-sdmmc/lib/xformat.o
 .rodata.ms_false
                0x00000000        0x6 build-sdmmc/lib/xformat.o
 .rodata.ms_true
                0x00000000        0x5 build-sdmmc/lib/xformat.o
 .rodata.ms_null
                0x00000000        0x7 build-sdmmc/lib/xformat.o
 .debug_info    0x00000000      0x7dc build-sdmmc/lib/xformat.o
 .debug_abbrev  0x00000000      0x2b9 build-sdmmc/lib/xformat.o
 .debug_loclists
                0x00000000     0x1e76 build-sdmmc/lib/xformat.o
 .debug_aranges
                0x00000000       0x30 build-sdmmc/lib/xformat.o
 .debug_rnglists
                0x00000000       0x6c build-sdmmc/lib/xformat.o
 .debug_line    0x00000000      0x828 build-sdmmc/lib/xformat.o
 .debug_str     0x00000000      0x36a build-sdmmc/lib/xformat.o
 .comment       0x00000000       0x27 build-sdmmc/lib/xformat.o
 .debug_frame   0x00000000       0x84 build-sdmmc/lib/xformat.o
 .ARM.attributes
                0x00000000       0x35 build-sdmmc/lib/xformat.o
 .text          0x00000000        0x0 build-sdmmc/lib/fdt.o
 .data          0x00000000        0x0 build-sdmmc/lib/fdt.o
 .bss           0x00000000        0x0 build-sdmmc/lib/fdt.o
 .text.swap_uint32
                0x00000000       0x2c build-sdmmc/lib/fdt.o
 .text.of_get_magic_number
                0x00000000        0x6 build-sdmmc/lib/fdt.o
 .text.of_get_dt_total_size
                0x00000000        0x6 build-sdmmc/lib/fdt.o
 .text.check_dt_blob_valid
                0x00000000       0x28 build-sdmmc/lib/fdt.o
 .debug_info    0x00000000      0x2ac build-sdmmc/lib/fdt.o
 .debug_abbrev  0x00000000      0x1a1 build-sdmmc/lib/fdt.o
 .debug_loclists
                0x00000000       0xa9 build-sdmmc/lib/fdt.o
 .debug_aranges
                0x00000000       0x38 build-sdmmc/lib/fdt.o
 .debug_rnglists
                0x00000000       0x25 build-sdmmc/lib/fdt.o
 .debug_line    0x00000000      0x108 build-sdmmc/lib/fdt.o
 .debug_str     0x00000000      0x2c1 build-sdmmc/lib/fdt.o
 .comment       0x00000000       0x27 build-sdmmc/lib/fdt.o
 .debug_frame   0x00000000       0x60 build-sdmmc/lib/fdt.o
 .ARM.attributes
                0x00000000       0x35 build-sdmmc/lib/fdt.o
 .text          0x00000000        0x0 build-sdmmc/lib/string.o
 .data          0x00000000        0x0 build-sdmmc/lib/string.o
 .bss           0x00000000        0x0 build-sdmmc/lib/string.o
 .text.strlen   0x00000000        0x4 build-sdmmc/lib/string.o
 .text.strcat   0x00000000       0x1e build-sdmmc/lib/string.o
 .text.strcmp   0x00000000       0x20 build-sdmmc/lib/string.o
 .text.strncmp  0x00000000       0x2c build-sdmmc/lib/string.o
 .text.strstr   0x00000000       0x24 build-sdmmc/lib/string.o
 .text.memchr   0x00000000       0x1a build-sdmmc/lib/string.o
 .text.memmove  0x00000000       0x2e build-sdmmc/lib/string.o
 .text          0x00000000        0x0 build-sdmmc/arch/arm32/mach-t113s3/dram.o
 .data          0x00000000        0x0 build-sdmmc/arch/arm32/mach-t113s3/dram.o
 .bss           0x00000000        0x0 build-sdmmc/arch/arm32/mach-t113s3/dram.o
 .text.unlikely.abort
                0x00000000        0x2 build-sdmmc/arch/arm32/mach-t113s3/dram.o
 .text.print_pointer_address
                0x00000000       0x44 build-sdmmc/arch/arm32/mach-t113s3/dram.o
 .text          0x00000000        0x0 build-sdmmc/arch/arm32/mach-t113s3/sunxi_usart.o
 .data          0x00000000        0x0 build-sdmmc/arch/arm32/mach-t113s3/sunxi_usart.o
 .bss           0x00000000        0x0 build-sdmmc/arch/arm32/mach-t113s3/sunxi_usart.o
 .text.sunxi_usart_init
                0x00000000       0x6c build-sdmmc/arch/arm32/mach-t113s3/sunxi_usart.o
 .text          0x00000000        0x0 build-sdmmc/arch/arm32/mach-t113s3/arch_timer.o
 .data          0x00000000        0x0 build-sdmmc/arch/arm32/mach-t113s3/arch_timer.o
 .bss           0x00000000        0x0 build-sdmmc/arch/arm32/mach-t113s3/arch_timer.o
 .text.get_arch_counter
                0x00000000        0x6 build-sdmmc/arch/arm32/mach-t113s3/arch_timer.o
 .text          0x00000000        0x0 build-sdmmc/arch/arm32/mach-t113s3/sunxi_spi.o
 .data          0x00000000        0x0 build-sdmmc/arch/arm32/mach-t113s3/sunxi_spi.o
 .bss           0x00000000        0x0 build-sdmmc/arch/arm32/mach-t113s3/sunxi_spi.o
 .rodata.spi_transfer.str1.1
                0x00000000       0x5a build-sdmmc/arch/arm32/mach-t113s3/sunxi_spi.o
 .text.spi_transfer
                0x00000000      0x144 build-sdmmc/arch/arm32/mach-t113s3/sunxi_spi.o
 .text.spi_nand_get_config
                0x00000000       0x24 build-sdmmc/arch/arm32/mach-t113s3/sunxi_spi.o
 .text.spi_nand_wait_while_busy
                0x00000000       0x36 build-sdmmc/arch/arm32/mach-t113s3/sunxi_spi.o
 .text.spi_nand_load_page.isra.0
                0x00000000       0x36 build-sdmmc/arch/arm32/mach-t113s3/sunxi_spi.o
 .text.spi_nand_set_config.isra.0
                0x00000000       0x24 build-sdmmc/arch/arm32/mach-t113s3/sunxi_spi.o
 .rodata.sunxi_spi_init.str1.1
                0x00000000       0xc2 build-sdmmc/arch/arm32/mach-t113s3/sunxi_spi.o
 .text.sunxi_spi_init
                0x00000000      0x228 build-sdmmc/arch/arm32/mach-t113s3/sunxi_spi.o
 .text.sunxi_spi_disable
                0x00000000       0x30 build-sdmmc/arch/arm32/mach-t113s3/sunxi_spi.o
 .rodata.spi_nand_detect.str1.1
                0x00000000       0x96 build-sdmmc/arch/arm32/mach-t113s3/sunxi_spi.o
 .text.spi_nand_detect
                0x00000000      0x180 build-sdmmc/arch/arm32/mach-t113s3/sunxi_spi.o
 .rodata.spi_nand_read.str1.1
                0x00000000       0x49 build-sdmmc/arch/arm32/mach-t113s3/sunxi_spi.o
 .text.spi_nand_read
                0x00000000       0xf8 build-sdmmc/arch/arm32/mach-t113s3/sunxi_spi.o
 .rodata.CSWTCH.56
                0x00000000        0x4 build-sdmmc/arch/arm32/mach-t113s3/sunxi_spi.o
 .rodata.CSWTCH.55
                0x00000000        0x4 build-sdmmc/arch/arm32/mach-t113s3/sunxi_spi.o
 .bss.spi_rx_dma_hd
                0x00000000        0x4 build-sdmmc/arch/arm32/mach-t113s3/sunxi_spi.o
 .bss.spi_rx_dma
                0x00000000       0x10 build-sdmmc/arch/arm32/mach-t113s3/sunxi_spi.o
 .bss.spip      0x00000000        0x4 build-sdmmc/arch/arm32/mach-t113s3/sunxi_spi.o
 .rodata.str1.1
                0x00000000      0x1c8 build-sdmmc/arch/arm32/mach-t113s3/sunxi_spi.o
 .rodata.spi_nand_infos
                0x00000000      0x4c8 build-sdmmc/arch/arm32/mach-t113s3/sunxi_spi.o
 .debug_info    0x00000000     0x1f42 build-sdmmc/arch/arm32/mach-t113s3/sunxi_spi.o
 .debug_abbrev  0x00000000      0x46b build-sdmmc/arch/arm32/mach-t113s3/sunxi_spi.o
 .debug_loclists
                0x00000000      0xd49 build-sdmmc/arch/arm32/mach-t113s3/sunxi_spi.o
 .debug_aranges
                0x00000000       0x60 build-sdmmc/arch/arm32/mach-t113s3/sunxi_spi.o
 .debug_rnglists
                0x00000000      0x1ae build-sdmmc/arch/arm32/mach-t113s3/sunxi_spi.o
 .debug_line    0x00000000      0xdc4 build-sdmmc/arch/arm32/mach-t113s3/sunxi_spi.o
 .debug_str     0x00000000      0xc62 build-sdmmc/arch/arm32/mach-t113s3/sunxi_spi.o
 .comment       0x00000000       0x27 build-sdmmc/arch/arm32/mach-t113s3/sunxi_spi.o
 .debug_frame   0x00000000      0x138 build-sdmmc/arch/arm32/mach-t113s3/sunxi_spi.o
 .ARM.attributes
                0x00000000       0x35 build-sdmmc/arch/arm32/mach-t113s3/sunxi_spi.o
 .text          0x00000000        0x0 build-sdmmc/arch/arm32/mach-t113s3/sunxi_dma.o
 .data          0x00000000        0x0 build-sdmmc/arch/arm32/mach-t113s3/sunxi_dma.o
 .bss           0x00000000        0x0 build-sdmmc/arch/arm32/mach-t113s3/sunxi_dma.o
 .rodata.dma_init.str1.1
                0x00000000       0x10 build-sdmmc/arch/arm32/mach-t113s3/sunxi_dma.o
 .text.dma_init
                0x00000000       0xac build-sdmmc/arch/arm32/mach-t113s3/sunxi_dma.o
 .text.dma_exit
                0x00000000       0x4c build-sdmmc/arch/arm32/mach-t113s3/sunxi_dma.o
 .text.dma_request_from_last
                0x00000000       0x28 build-sdmmc/arch/arm32/mach-t113s3/sunxi_dma.o
 .rodata.dma_request.str1.1
                0x00000000       0x1e build-sdmmc/arch/arm32/mach-t113s3/sunxi_dma.o
 .text.dma_request
                0x00000000       0x34 build-sdmmc/arch/arm32/mach-t113s3/sunxi_dma.o
 .text.dma_release
                0x00000000       0x12 build-sdmmc/arch/arm32/mach-t113s3/sunxi_dma.o
 .text.dma_setting
                0x00000000       0x34 build-sdmmc/arch/arm32/mach-t113s3/sunxi_dma.o
 .text.dma_start
                0x00000000       0x20 build-sdmmc/arch/arm32/mach-t113s3/sunxi_dma.o
 .text.dma_stop
                0x00000000       0x12 build-sdmmc/arch/arm32/mach-t113s3/sunxi_dma.o
 .text.dma_querystatus
                0x00000000       0x20 build-sdmmc/arch/arm32/mach-t113s3/sunxi_dma.o
 .rodata.dma_test.str1.1
                0x00000000       0xae build-sdmmc/arch/arm32/mach-t113s3/sunxi_dma.o
 .text.dma_test
                0x00000000      0x15c build-sdmmc/arch/arm32/mach-t113s3/sunxi_dma.o
 .bss.dma_channel_desc
                0x00000000      0x200 build-sdmmc/arch/arm32/mach-t113s3/sunxi_dma.o
 .bss.dma_channel_source
                0x00000000      0x1c0 build-sdmmc/arch/arm32/mach-t113s3/sunxi_dma.o
 .data.dma_init_ok
                0x00000000        0x4 build-sdmmc/arch/arm32/mach-t113s3/sunxi_dma.o
 .debug_info    0x00000000     0x177c build-sdmmc/arch/arm32/mach-t113s3/sunxi_dma.o
 .debug_abbrev  0x00000000      0x2bc build-sdmmc/arch/arm32/mach-t113s3/sunxi_dma.o
 .debug_loclists
                0x00000000      0x384 build-sdmmc/arch/arm32/mach-t113s3/sunxi_dma.o
 .debug_aranges
                0x00000000       0x68 build-sdmmc/arch/arm32/mach-t113s3/sunxi_dma.o
 .debug_rnglists
                0x00000000       0x4b build-sdmmc/arch/arm32/mach-t113s3/sunxi_dma.o
 .debug_line    0x00000000      0x656 build-sdmmc/arch/arm32/mach-t113s3/sunxi_dma.o
 .debug_str     0x00000000     0x110c build-sdmmc/arch/arm32/mach-t113s3/sunxi_dma.o
 .comment       0x00000000       0x27 build-sdmmc/arch/arm32/mach-t113s3/sunxi_dma.o
 .debug_frame   0x00000000       0xf4 build-sdmmc/arch/arm32/mach-t113s3/sunxi_dma.o
 .ARM.attributes
                0x00000000       0x35 build-sdmmc/arch/arm32/mach-t113s3/sunxi_dma.o
 .text          0x00000000        0x0 build-sdmmc/arch/arm32/mach-t113s3/sunxi_gpio.o
 .data          0x00000000        0x0 build-sdmmc/arch/arm32/mach-t113s3/sunxi_gpio.o
 .bss           0x00000000        0x0 build-sdmmc/arch/arm32/mach-t113s3/sunxi_gpio.o
 .text.sunxi_gpio_read
                0x00000000       0x28 build-sdmmc/arch/arm32/mach-t113s3/sunxi_gpio.o
 .text          0x00000000        0x0 build-sdmmc/arch/arm32/mach-t113s3/sdmmc.o
 .data          0x00000000        0x0 build-sdmmc/arch/arm32/mach-t113s3/sdmmc.o
 .bss           0x00000000        0x0 build-sdmmc/arch/arm32/mach-t113s3/sdmmc.o
 .text          0x00000000        0x0 build-sdmmc/arch/arm32/mach-t113s3/sunxi_sdhci.o
 .data          0x00000000        0x0 build-sdmmc/arch/arm32/mach-t113s3/sunxi_sdhci.o
 .bss           0x00000000        0x0 build-sdmmc/arch/arm32/mach-t113s3/sunxi_sdhci.o
 .text          0x00000000        0x0 build-sdmmc/arch/arm32/mach-t113s3/sunxi_clk.o
 .data          0x00000000        0x0 build-sdmmc/arch/arm32/mach-t113s3/sunxi_clk.o
 .bss           0x00000000        0x0 build-sdmmc/arch/arm32/mach-t113s3/sunxi_clk.o
 .text          0x00000000        0x0 build-sdmmc/arch/arm32/mach-t113s3/exception.o
 .data          0x00000000        0x0 build-sdmmc/arch/arm32/mach-t113s3/exception.o
 .bss           0x00000000        0x0 build-sdmmc/arch/arm32/mach-t113s3/exception.o
 .text          0x00000000        0x0 build-sdmmc/lib/fatfs/ff.o
 .data          0x00000000        0x0 build-sdmmc/lib/fatfs/ff.o
 .bss           0x00000000        0x0 build-sdmmc/lib/fatfs/ff.o
 .text          0x00000000        0x0 build-sdmmc/lib/fatfs/diskio.o
 .data          0x00000000        0x0 build-sdmmc/lib/fatfs/diskio.o
 .bss           0x00000000        0x0 build-sdmmc/lib/fatfs/diskio.o
 .text.disk_ioctl
                0x00000000        0x4 build-sdmmc/lib/fatfs/diskio.o
 .text          0x00000000        0x0 build-sdmmc/lib/fatfs/ffsystem.o
 .data          0x00000000        0x0 build-sdmmc/lib/fatfs/ffsystem.o
 .bss           0x00000000        0x0 build-sdmmc/lib/fatfs/ffsystem.o
 .debug_info    0x00000000       0x81 build-sdmmc/lib/fatfs/ffsystem.o
 .debug_abbrev  0x00000000       0x26 build-sdmmc/lib/fatfs/ffsystem.o
 .debug_aranges
                0x00000000       0x18 build-sdmmc/lib/fatfs/ffsystem.o
 .debug_line    0x00000000       0x35 build-sdmmc/lib/fatfs/ffsystem.o
 .debug_str     0x00000000      0x1ae build-sdmmc/lib/fatfs/ffsystem.o
 .comment       0x00000000       0x27 build-sdmmc/lib/fatfs/ffsystem.o
 .ARM.attributes
                0x00000000       0x35 build-sdmmc/lib/fatfs/ffsystem.o
 .text          0x00000000        0x0 build-sdmmc/lib/fatfs/ffunicode.o
 .data          0x00000000        0x0 build-sdmmc/lib/fatfs/ffunicode.o
 .bss           0x00000000        0x0 build-sdmmc/lib/fatfs/ffunicode.o
 .text.ff_oem2uni
                0x00000000       0x28 build-sdmmc/lib/fatfs/ffunicode.o
 .data          0x00000000        0x0 /usr/lib/gcc/arm-none-eabi/12.2.1/thumb/v7ve+simd/hard/libgcc.a(_arm_addsubdf3.o)
 .bss           0x00000000        0x0 /usr/lib/gcc/arm-none-eabi/12.2.1/thumb/v7ve+simd/hard/libgcc.a(_arm_addsubdf3.o)
 .text          0x00000000       0xa0 /usr/lib/gcc/arm-none-eabi/12.2.1/thumb/v7ve+simd/hard/libgcc.a(_aeabi_ldivmod.o)
 .data          0x00000000        0x0 /usr/lib/gcc/arm-none-eabi/12.2.1/thumb/v7ve+simd/hard/libgcc.a(_aeabi_ldivmod.o)
 .bss           0x00000000        0x0 /usr/lib/gcc/arm-none-eabi/12.2.1/thumb/v7ve+simd/hard/libgcc.a(_aeabi_ldivmod.o)
 .debug_line    0x00000000       0x6c /usr/lib/gcc/arm-none-eabi/12.2.1/thumb/v7ve+simd/hard/libgcc.a(_aeabi_ldivmod.o)
 .debug_line_str
                0x00000000       0x98 /usr/lib/gcc/arm-none-eabi/12.2.1/thumb/v7ve+simd/hard/libgcc.a(_aeabi_ldivmod.o)
 .debug_info    0x00000000       0x25 /usr/lib/gcc/arm-none-eabi/12.2.1/thumb/v7ve+simd/hard/libgcc.a(_aeabi_ldivmod.o)
 .debug_abbrev  0x00000000       0x14 /usr/lib/gcc/arm-none-eabi/12.2.1/thumb/v7ve+simd/hard/libgcc.a(_aeabi_ldivmod.o)
 .debug_aranges
                0x00000000       0x20 /usr/lib/gcc/arm-none-eabi/12.2.1/thumb/v7ve+simd/hard/libgcc.a(_aeabi_ldivmod.o)
 .debug_str     0x00000000       0xa4 /usr/lib/gcc/arm-none-eabi/12.2.1/thumb/v7ve+simd/hard/libgcc.a(_aeabi_ldivmod.o)
 .debug_frame   0x00000000       0x44 /usr/lib/gcc/arm-none-eabi/12.2.1/thumb/v7ve+simd/hard/libgcc.a(_aeabi_ldivmod.o)
 .ARM.attributes
                0x00000000       0x29 /usr/lib/gcc/arm-none-eabi/12.2.1/thumb/v7ve+simd/hard/libgcc.a(_aeabi_ldivmod.o)
 .data          0x00000000        0x0 /usr/lib/gcc/arm-none-eabi/12.2.1/thumb/v7ve+simd/hard/libgcc.a(_aeabi_uldivmod.o)
 .bss           0x00000000        0x0 /usr/lib/gcc/arm-none-eabi/12.2.1/thumb/v7ve+simd/hard/libgcc.a(_aeabi_uldivmod.o)
 .data          0x00000000        0x0 /usr/lib/gcc/arm-none-eabi/12.2.1/thumb/v7ve+simd/hard/libgcc.a(_udivmoddi4.o)
 .bss           0x00000000        0x0 /usr/lib/gcc/arm-none-eabi/12.2.1/thumb/v7ve+simd/hard/libgcc.a(_udivmoddi4.o)
 .ARM.extab     0x00000000        0x0 /usr/lib/gcc/arm-none-eabi/12.2.1/thumb/v7ve+simd/hard/libgcc.a(_udivmoddi4.o)
 .data          0x00000000        0x0 /usr/lib/gcc/arm-none-eabi/12.2.1/thumb/v7ve+simd/hard/libgcc.a(unwind-arm.o)
 .bss           0x00000000        0x0 /usr/lib/gcc/arm-none-eabi/12.2.1/thumb/v7ve+simd/hard/libgcc.a(unwind-arm.o)
 .ARM.extab     0x00000000        0x0 /usr/lib/gcc/arm-none-eabi/12.2.1/thumb/v7ve+simd/hard/libgcc.a(unwind-arm.o)
 .data          0x00000000        0x0 /usr/lib/gcc/arm-none-eabi/12.2.1/thumb/v7ve+simd/hard/libgcc.a(libunwind.o)
 .bss           0x00000000        0x0 /usr/lib/gcc/arm-none-eabi/12.2.1/thumb/v7ve+simd/hard/libgcc.a(libunwind.o)
 .data          0x00000000        0x0 /usr/lib/gcc/arm-none-eabi/12.2.1/thumb/v7ve+simd/hard/libgcc.a(pr-support.o)
 .bss           0x00000000        0x0 /usr/lib/gcc/arm-none-eabi/12.2.1/thumb/v7ve+simd/hard/libgcc.a(pr-support.o)
 .text.unlikely
                0x00000000        0xc /usr/lib/gcc/arm-none-eabi/12.2.1/thumb/v7ve+simd/hard/libgcc.a(pr-support.o)
 .ARM.extab.text.unlikely
                0x00000000        0x0 /usr/lib/gcc/arm-none-eabi/12.2.1/thumb/v7ve+simd/hard/libgcc.a(pr-support.o)
 .ARM.exidx.text.unlikely
                0x00000000       0x10 /usr/lib/gcc/arm-none-eabi/12.2.1/thumb/v7ve+simd/hard/libgcc.a(pr-support.o)
 .data          0x00000000        0x0 /usr/lib/gcc/arm-none-eabi/12.2.1/thumb/v7ve+simd/hard/libgcc.a(_dvmd_tls.o)
 .bss           0x00000000        0x0 /usr/lib/gcc/arm-none-eabi/12.2.1/thumb/v7ve+simd/hard/libgcc.a(_dvmd_tls.o)

Memory Configuration

Name             Origin             Length             Attributes
ram              0x00020000         0x00018000         xrw
*default*        0x00000000         0xffffffff

Linker script and memory map

LOAD build-sdmmc/arch/arm32/mach-t113s3/start.o
LOAD build-sdmmc/arch/arm32/mach-t113s3/memcpy.o
LOAD build-sdmmc/main.o
LOAD build-sdmmc/board.o
LOAD build-sdmmc/lib/debug.o
LOAD build-sdmmc/lib/xformat.o
LOAD build-sdmmc/lib/fdt.o
LOAD build-sdmmc/lib/string.o
LOAD build-sdmmc/arch/arm32/mach-t113s3/dram.o
LOAD build-sdmmc/arch/arm32/mach-t113s3/sunxi_usart.o
LOAD build-sdmmc/arch/arm32/mach-t113s3/arch_timer.o
LOAD build-sdmmc/arch/arm32/mach-t113s3/sunxi_spi.o
LOAD build-sdmmc/arch/arm32/mach-t113s3/sunxi_dma.o
LOAD build-sdmmc/arch/arm32/mach-t113s3/sunxi_gpio.o
LOAD build-sdmmc/arch/arm32/mach-t113s3/sdmmc.o
LOAD build-sdmmc/arch/arm32/mach-t113s3/sunxi_sdhci.o
LOAD build-sdmmc/arch/arm32/mach-t113s3/sunxi_clk.o
LOAD build-sdmmc/arch/arm32/mach-t113s3/exception.o
LOAD build-sdmmc/lib/fatfs/ff.o
LOAD build-sdmmc/lib/fatfs/diskio.o
LOAD build-sdmmc/lib/fatfs/ffsystem.o
LOAD build-sdmmc/lib/fatfs/ffunicode.o
LOAD /usr/lib/gcc/arm-none-eabi/12.2.1/thumb/v7ve+simd/hard/libgcc.a
                0x00001000                        STACK_SIZE = 0x1000

.text           0x00020000     0x64d8
                0x00020000                        . = ALIGN (0x4)
                0x00020000                        PROVIDE (__spl_start = .)
 *(.text .text.*)
 .text          0x00020000      0x70c build-sdmmc/arch/arm32/mach-t113s3/start.o
                0x00020000                reset
 *fill*         0x0002070c        0x4 
 .text          0x00020710       0xe4 build-sdmmc/arch/arm32/mach-t113s3/memcpy.o
                0x00020710                memcpy
 .text.fatfs_loadimage
                0x000207f4       0xb8 build-sdmmc/main.o
 .text.load_sdcard.constprop.0
                0x000208ac       0xf0 build-sdmmc/main.o
 .text.startup.main
                0x0002099c      0x20c build-sdmmc/main.o
                0x0002099c                main
 .text.putint   0x00020ba8       0x54 build-sdmmc/lib/debug.o
                0x00020ba8                putint
 .text.send_string_via_usart
                0x00020bfc       0x28 build-sdmmc/lib/debug.o
                0x00020bfc                send_string_via_usart
 .text.message  0x00020c24       0x12 build-sdmmc/lib/debug.o
                0x00020c24                message
 .text.memset   0x00020c36       0x10 build-sdmmc/lib/string.o
                0x00020c36                memset
 .text.memcmp   0x00020c46       0x1c build-sdmmc/lib/string.o
                0x00020c46                memcmp
 .text.strcpy   0x00020c62       0x10 build-sdmmc/lib/string.o
                0x00020c62                strcpy
 .text.strchr   0x00020c72       0x18 build-sdmmc/lib/string.o
                0x00020c72                strchr
 .text.calculate_rank_size
                0x00020c8a       0x1a build-sdmmc/arch/arm32/mach-t113s3/dram.o
 .text.ns_to_t.isra.0
                0x00020ca4       0x12 build-sdmmc/arch/arm32/mach-t113s3/dram.o
 *fill*         0x00020cb6        0x2 
 .text.mctl_core_init
                0x00020cb8      0xe34 build-sdmmc/arch/arm32/mach-t113s3/dram.o
 .text.init_DRAM
                0x00021aec      0x688 build-sdmmc/arch/arm32/mach-t113s3/dram.o
                0x00021aec                init_DRAM
 .text.sunxi_dram_init
                0x00022174       0x24 build-sdmmc/arch/arm32/mach-t113s3/dram.o
                0x00022174                sunxi_dram_init
 .text.sunxi_usart_putc
                0x00022198       0x20 build-sdmmc/arch/arm32/mach-t113s3/sunxi_usart.o
                0x00022198                sunxi_usart_putc
 .text.time_ms  0x000221b8       0x12 build-sdmmc/arch/arm32/mach-t113s3/arch_timer.o
                0x000221b8                time_ms
 .text.time_us  0x000221ca       0x10 build-sdmmc/arch/arm32/mach-t113s3/arch_timer.o
                0x000221ca                time_us
 .text.udelay   0x000221da       0x20 build-sdmmc/arch/arm32/mach-t113s3/arch_timer.o
                0x000221da                udelay
 .text.mdelay   0x000221fa       0x22 build-sdmmc/arch/arm32/mach-t113s3/arch_timer.o
                0x000221fa                mdelay
 .text.sdelay   0x0002221c        0x6 build-sdmmc/arch/arm32/mach-t113s3/arch_timer.o
                0x0002221c                sdelay
 .text.sunxi_gpio_init
                0x00022222       0x3a build-sdmmc/arch/arm32/mach-t113s3/sunxi_gpio.o
                0x00022222                sunxi_gpio_init
 .text.sunxi_gpio_set_value
                0x0002225c       0x32 build-sdmmc/arch/arm32/mach-t113s3/sunxi_gpio.o
                0x0002225c                sunxi_gpio_set_value
 .text.sunxi_gpio_set_pull
                0x0002228e       0x3e build-sdmmc/arch/arm32/mach-t113s3/sunxi_gpio.o
                0x0002228e                sunxi_gpio_set_pull
 .text.go_idle_state
                0x000222cc       0x30 build-sdmmc/arch/arm32/mach-t113s3/sdmmc.o
 .text.sdmmc_status.isra.0
                0x000222fc       0x60 build-sdmmc/arch/arm32/mach-t113s3/sdmmc.o
 .text.sdmmc_blk_read
                0x0002235c       0xfc build-sdmmc/arch/arm32/mach-t113s3/sdmmc.o
                0x0002235c                sdmmc_blk_read
 .text.sdmmc_init
                0x00022458      0x7a8 build-sdmmc/arch/arm32/mach-t113s3/sdmmc.o
                0x00022458                sdmmc_init
 .text.wait_done
                0x00022c00       0x90 build-sdmmc/arch/arm32/mach-t113s3/sunxi_sdhci.o
 .text.update_card_clock
                0x00022c90       0x34 build-sdmmc/arch/arm32/mach-t113s3/sunxi_sdhci.o
 .text.sdhci_transfer
                0x00022cc4      0x4c0 build-sdmmc/arch/arm32/mach-t113s3/sunxi_sdhci.o
                0x00022cc4                sdhci_transfer
 .text.sdhci_reset
                0x00023184        0xa build-sdmmc/arch/arm32/mach-t113s3/sunxi_sdhci.o
                0x00023184                sdhci_reset
 *fill*         0x0002318e        0x2 
 .text.sdhci_set_width
                0x00023190       0x5c build-sdmmc/arch/arm32/mach-t113s3/sunxi_sdhci.o
                0x00023190                sdhci_set_width
 .text.sdhci_set_clock
                0x000231ec      0x20c build-sdmmc/arch/arm32/mach-t113s3/sunxi_sdhci.o
                0x000231ec                sdhci_set_clock
 .text.sunxi_sdhci_init
                0x000233f8       0xc8 build-sdmmc/arch/arm32/mach-t113s3/sunxi_sdhci.o
                0x000233f8                sunxi_sdhci_init
 .text.set_module
                0x000234c0       0x30 build-sdmmc/arch/arm32/mach-t113s3/sunxi_clk.o
 .text.set_pll_cpux_axi
                0x000234f0       0x94 build-sdmmc/arch/arm32/mach-t113s3/sunxi_clk.o
                0x000234f0                set_pll_cpux_axi
 .text.sunxi_clk_init
                0x00023584       0xd8 build-sdmmc/arch/arm32/mach-t113s3/sunxi_clk.o
                0x00023584                sunxi_clk_init
 .text.sunxi_clk_get_peri1x_rate
                0x0002365c       0x3c build-sdmmc/arch/arm32/mach-t113s3/sunxi_clk.o
                0x0002365c                sunxi_clk_get_peri1x_rate
 .text.show_regs
                0x00023698       0x4c build-sdmmc/arch/arm32/mach-t113s3/exception.o
 .text.arm32_do_undefined_instruction
                0x000236e4       0x20 build-sdmmc/arch/arm32/mach-t113s3/exception.o
                0x000236e4                arm32_do_undefined_instruction
 .text.arm32_do_software_interrupt
                0x00023704       0x20 build-sdmmc/arch/arm32/mach-t113s3/exception.o
                0x00023704                arm32_do_software_interrupt
 .text.arm32_do_prefetch_abort
                0x00023724       0x20 build-sdmmc/arch/arm32/mach-t113s3/exception.o
                0x00023724                arm32_do_prefetch_abort
 .text.arm32_do_data_abort
                0x00023744       0x20 build-sdmmc/arch/arm32/mach-t113s3/exception.o
                0x00023744                arm32_do_data_abort
 .text.arm32_do_irq
                0x00023764       0x20 build-sdmmc/arch/arm32/mach-t113s3/exception.o
                0x00023764                arm32_do_irq
 .text.arm32_do_fiq
                0x00023784       0x2c build-sdmmc/arch/arm32/mach-t113s3/exception.o
                0x00023784                arm32_do_fiq
 .text.ld_dword
                0x000237b0       0x16 build-sdmmc/lib/fatfs/ff.o
 .text.ld_qword
                0x000237c6       0x2c build-sdmmc/lib/fatfs/ff.o
 .text.get_ldnumber
                0x000237f2       0x2a build-sdmmc/lib/fatfs/ff.o
 .text.validate
                0x0002381c       0x34 build-sdmmc/lib/fatfs/ff.o
 .text.move_window
                0x00023850       0x38 build-sdmmc/lib/fatfs/ff.o
 .text.check_fs
                0x00023888      0x120 build-sdmmc/lib/fatfs/ff.o
 .text.get_fat  0x000239a8      0x158 build-sdmmc/lib/fatfs/ff.o
 .text.init_alloc_info.isra.0
                0x00023b00       0x2a build-sdmmc/lib/fatfs/ff.o
 .text.dir_sdi.constprop.0
                0x00023b2a       0x84 build-sdmmc/lib/fatfs/ff.o
 .text.dir_next.constprop.0
                0x00023bae       0xa6 build-sdmmc/lib/fatfs/ff.o
 .text.mount_volume.constprop.0
                0x00023c54      0x4d0 build-sdmmc/lib/fatfs/ff.o
 .text.f_mount  0x00024124       0x4c build-sdmmc/lib/fatfs/ff.o
                0x00024124                f_mount
 .text.f_open   0x00024170      0x8a8 build-sdmmc/lib/fatfs/ff.o
                0x00024170                f_open
 .text.f_read   0x00024a18      0x190 build-sdmmc/lib/fatfs/ff.o
                0x00024a18                f_read
 .text.f_close  0x00024ba8       0x12 build-sdmmc/lib/fatfs/ff.o
                0x00024ba8                f_close
 *fill*         0x00024bba        0x2 
 .text.disk_status
                0x00024bbc       0x10 build-sdmmc/lib/fatfs/diskio.o
                0x00024bbc                disk_status
 .text.disk_initialize
                0x00024bcc       0x18 build-sdmmc/lib/fatfs/diskio.o
                0x00024bcc                disk_initialize
 .text.disk_read
                0x00024be4      0x170 build-sdmmc/lib/fatfs/diskio.o
                0x00024be4                disk_read
 .text.ff_uni2oem
                0x00024d54       0x3c build-sdmmc/lib/fatfs/ffunicode.o
                0x00024d54                ff_uni2oem
 .text.ff_wtoupper
                0x00024d90       0x90 build-sdmmc/lib/fatfs/ffunicode.o
                0x00024d90                ff_wtoupper
 .text          0x00024e20      0x378 /usr/lib/gcc/arm-none-eabi/12.2.1/thumb/v7ve+simd/hard/libgcc.a(_arm_addsubdf3.o)
                0x00024e20                __aeabi_drsub
                0x00024e28                __aeabi_dsub
                0x00024e28                __subdf3
                0x00024e2c                __adddf3
                0x00024e2c                __aeabi_dadd
                0x000250a4                __aeabi_ui2d
                0x000250a4                __floatunsidf
                0x000250c4                __floatsidf
                0x000250c4                __aeabi_i2d
                0x000250e8                __extendsfdf2
                0x000250e8                __aeabi_f2d
                0x0002512c                __aeabi_ul2d
                0x0002512c                __floatundidf
                0x0002513c                __floatdidf
                0x0002513c                __aeabi_l2d
 .text          0x00025198       0x30 /usr/lib/gcc/arm-none-eabi/12.2.1/thumb/v7ve+simd/hard/libgcc.a(_aeabi_uldivmod.o)
                0x00025198                __aeabi_uldivmod
 .text          0x000251c8      0x380 /usr/lib/gcc/arm-none-eabi/12.2.1/thumb/v7ve+simd/hard/libgcc.a(_udivmoddi4.o)
                0x000251c8                __udivmoddi4
 .text          0x00025548      0xa68 /usr/lib/gcc/arm-none-eabi/12.2.1/thumb/v7ve+simd/hard/libgcc.a(unwind-arm.o)
                0x00025800                _Unwind_GetCFA
                0x00025804                __gnu_Unwind_RaiseException
                0x0002586c                __gnu_Unwind_ForcedUnwind
                0x00025880                __gnu_Unwind_Resume
                0x000258c0                __gnu_Unwind_Resume_or_Rethrow
                0x000258d4                _Unwind_Complete
                0x000258d8                _Unwind_DeleteException
                0x000258e4                _Unwind_VRS_Get
                0x00025934                _Unwind_VRS_Set
                0x00025984                __gnu_Unwind_Backtrace
                0x00025cd0                __aeabi_unwind_cpp_pr0
                0x00025cd4                __aeabi_unwind_cpp_pr1
                0x00025cd8                __aeabi_unwind_cpp_pr2
                0x00025cdc                _Unwind_VRS_Pop
 .text          0x00025fb0      0x1ac /usr/lib/gcc/arm-none-eabi/12.2.1/thumb/v7ve+simd/hard/libgcc.a(libunwind.o)
                0x00025fb0                __restore_core_regs
                0x00025fb0                restore_core_regs
                0x00025fc8                __gnu_Unwind_Restore_VFP
                0x00025fd0                __gnu_Unwind_Save_VFP
                0x00025fd8                __gnu_Unwind_Restore_VFP_D
                0x00025fe0                __gnu_Unwind_Save_VFP_D
                0x00025fe8                __gnu_Unwind_Restore_VFP_D_16_to_31
                0x00025ff0                __gnu_Unwind_Save_VFP_D_16_to_31
                0x00025ff8                __gnu_Unwind_Restore_WMMXD
                0x0002603c                __gnu_Unwind_Save_WMMXD
                0x00026080                __gnu_Unwind_Restore_WMMXC
                0x00026094                __gnu_Unwind_Save_WMMXC
                0x000260a8                ___Unwind_RaiseException
                0x000260a8                _Unwind_RaiseException
                0x000260cc                ___Unwind_Resume
                0x000260cc                _Unwind_Resume
                0x000260f0                _Unwind_Resume_or_Rethrow
                0x000260f0                ___Unwind_Resume_or_Rethrow
                0x00026114                ___Unwind_ForcedUnwind
                0x00026114                _Unwind_ForcedUnwind
                0x00026138                _Unwind_Backtrace
                0x00026138                ___Unwind_Backtrace
 .text          0x0002615c      0x378 /usr/lib/gcc/arm-none-eabi/12.2.1/thumb/v7ve+simd/hard/libgcc.a(pr-support.o)
                0x000261b0                __gnu_unwind_execute
                0x00026484                __gnu_unwind_frame
                0x000264b4                _Unwind_GetRegionStart
                0x000264c0                _Unwind_GetLanguageSpecificData
 .text          0x000264d4        0x4 /usr/lib/gcc/arm-none-eabi/12.2.1/thumb/v7ve+simd/hard/libgcc.a(_dvmd_tls.o)
                0x000264d4                __aeabi_ldiv0
                0x000264d4                __aeabi_idiv0
                0x000264d8                        . = ALIGN (0x4)

.rodata.fatfs_loadimage.str1.1
                0x000264d8       0x6f
 .rodata.fatfs_loadimage.str1.1
                0x000264d8       0x6f build-sdmmc/main.o

.rodata.load_sdcard.constprop.0.str1.1
                0x00026547       0xd1
 .rodata.load_sdcard.constprop.0.str1.1
                0x00026547       0xd1 build-sdmmc/main.o
                                 0xd2 (size before relaxing)

.rodata.main.str1.1
                0x00026618      0x15b
 .rodata.main.str1.1
                0x00026618      0x15b build-sdmmc/main.o

.rodata.str1.1  0x00026773        0x7
 .rodata.str1.1
                0x00026773        0x7 build-sdmmc/board.o

.rodata.mctl_core_init.str1.1
                0x0002677a       0x6e
 .rodata.mctl_core_init.str1.1
                0x0002677a       0x6e build-sdmmc/arch/arm32/mach-t113s3/dram.o

.rodata.init_DRAM.str1.1
                0x000267e8      0x39b
 .rodata.init_DRAM.str1.1
                0x000267e8      0x39b build-sdmmc/arch/arm32/mach-t113s3/dram.o

.rodata.ac_remapping_tables
                0x00026b83       0xdc
 .rodata.ac_remapping_tables
                0x00026b83       0xdc build-sdmmc/arch/arm32/mach-t113s3/dram.o

.rodata         0x00026c60       0x6c
 .rodata        0x00026c60       0x60 build-sdmmc/arch/arm32/mach-t113s3/dram.o
 .rodata        0x00026cc0        0xc build-sdmmc/lib/fatfs/ff.o

.rodata.sdmmc_status.isra.0.str1.1
                0x00026ccc       0x19
 .rodata.sdmmc_status.isra.0.str1.1
                0x00026ccc       0x19 build-sdmmc/arch/arm32/mach-t113s3/sdmmc.o

.rodata.sdmmc_blk_read.str1.1
                0x00026ce5       0x39
 .rodata.sdmmc_blk_read.str1.1
                0x00026ce5       0x39 build-sdmmc/arch/arm32/mach-t113s3/sdmmc.o

.rodata.sdmmc_init.str1.1
                0x00026d1e      0x100
 .rodata.sdmmc_init.str1.1
                0x00026d1e      0x100 build-sdmmc/arch/arm32/mach-t113s3/sdmmc.o

.rodata.tran_speed_time
                0x00026e1e       0x10
 .rodata.tran_speed_time
                0x00026e1e       0x10 build-sdmmc/arch/arm32/mach-t113s3/sdmmc.o

.rodata.tran_speed_unit
                0x00026e30       0x10
 .rodata.tran_speed_unit
                0x00026e30       0x10 build-sdmmc/arch/arm32/mach-t113s3/sdmmc.o

.rodata.wait_done.str1.1
                0x00026e40       0x76
 .rodata.wait_done.str1.1
                0x00026e40       0x76 build-sdmmc/arch/arm32/mach-t113s3/sunxi_sdhci.o

.rodata.sdhci_transfer.str1.1
                0x00026eb6      0x1e3
 .rodata.sdhci_transfer.str1.1
                0x00026eb6      0x1e3 build-sdmmc/arch/arm32/mach-t113s3/sunxi_sdhci.o

.rodata.sdhci_set_width.str1.1
                0x00027099       0x56
 .rodata.sdhci_set_width.str1.1
                0x00027099       0x56 build-sdmmc/arch/arm32/mach-t113s3/sunxi_sdhci.o

.rodata.sdhci_set_clock.str1.1
                0x000270ef       0xc8
 .rodata.sdhci_set_clock.str1.1
                0x000270ef       0xc8 build-sdmmc/arch/arm32/mach-t113s3/sunxi_sdhci.o

.rodata.ccu     0x000271b8        0x4
 .rodata.ccu    0x000271b8        0x4 build-sdmmc/arch/arm32/mach-t113s3/sunxi_clk.o
                0x000271b8                ccu

.rodata.show_regs.str1.1
                0x000271bc       0x67
 .rodata.show_regs.str1.1
                0x000271bc       0x67 build-sdmmc/arch/arm32/mach-t113s3/exception.o

.rodata.arm32_do_undefined_instruction.str1.1
                0x00027223       0x2b
 .rodata.arm32_do_undefined_instruction.str1.1
                0x00027223       0x2b build-sdmmc/arch/arm32/mach-t113s3/exception.o

.rodata.arm32_do_software_interrupt.str1.1
                0x0002724e       0x28
 .rodata.arm32_do_software_interrupt.str1.1
                0x0002724e       0x28 build-sdmmc/arch/arm32/mach-t113s3/exception.o

.rodata.arm32_do_prefetch_abort.str1.1
                0x00027276       0x24
 .rodata.arm32_do_prefetch_abort.str1.1
                0x00027276       0x24 build-sdmmc/arch/arm32/mach-t113s3/exception.o

.rodata.arm32_do_data_abort.str1.1
                0x0002729a       0x20
 .rodata.arm32_do_data_abort.str1.1
                0x0002729a       0x20 build-sdmmc/arch/arm32/mach-t113s3/exception.o

.rodata.arm32_do_irq.str1.1
                0x000272ba       0x23
 .rodata.arm32_do_irq.str1.1
                0x000272ba       0x23 build-sdmmc/arch/arm32/mach-t113s3/exception.o

.rodata.arm32_do_fiq.str1.1
                0x000272dd       0x23
 .rodata.arm32_do_fiq.str1.1
                0x000272dd       0x23 build-sdmmc/arch/arm32/mach-t113s3/exception.o

.rodata.check_fs.str1.1
                0x00027300       0x15
 .rodata.check_fs.str1.1
                0x00027300       0x15 build-sdmmc/lib/fatfs/ff.o

.rodata.f_open.str1.1
                0x00027315       0x10
 .rodata.f_open.str1.1
                0x00027315       0x10 build-sdmmc/lib/fatfs/ff.o

.rodata.ExCvt   0x00027325       0x80
 .rodata.ExCvt  0x00027325       0x80 build-sdmmc/lib/fatfs/ff.o

.rodata.LfnOfs  0x000273a5        0xd
 .rodata.LfnOfs
                0x000273a5        0xd build-sdmmc/lib/fatfs/ff.o

.rodata.GUID_MS_Basic
                0x000273b2       0x10
 .rodata.GUID_MS_Basic
                0x000273b2       0x10 build-sdmmc/lib/fatfs/ff.o

.rodata.disk_read.str1.1
                0x000273c2       0xee
 .rodata.disk_read.str1.1
                0x000273c2       0xee build-sdmmc/lib/fatfs/diskio.o

.rodata.cvt2.0  0x000274b0       0xbc
 .rodata.cvt2.0
                0x000274b0       0xbc build-sdmmc/lib/fatfs/ffunicode.o

.rodata.cvt1.1  0x0002756c      0x1f2
 .rodata.cvt1.1
                0x0002756c      0x1f2 build-sdmmc/lib/fatfs/ffunicode.o

.rodata.uc437   0x0002775e      0x100
 .rodata.uc437  0x0002775e      0x100 build-sdmmc/lib/fatfs/ffunicode.o

.ARM.extab      0x00027860       0x18
 .ARM.extab     0x00027860       0x18 /usr/lib/gcc/arm-none-eabi/12.2.1/thumb/v7ve+simd/hard/libgcc.a(pr-support.o)

.glue_7         0x00027878        0x0
 .glue_7        0x00027878        0x0 linker stubs

.glue_7t        0x00027878        0x0
 .glue_7t       0x00027878        0x0 linker stubs

.vfp11_veneer   0x00027878        0x0
 .vfp11_veneer  0x00027878        0x0 linker stubs

.v4_bx          0x00027878        0x0
 .v4_bx         0x00027878        0x0 linker stubs

.iplt           0x00027878        0x0
 .iplt          0x00027878        0x0 build-sdmmc/arch/arm32/mach-t113s3/start.o

.igot.plt       0x00027878        0x0
 .igot.plt      0x00027878        0x0 build-sdmmc/arch/arm32/mach-t113s3/start.o

.data.str1      0x00027878        0xa
 .data.str1     0x00027878        0xa build-sdmmc/main.o
                0x00027878                str1

.data.sdhci0    0x00027888      0x260
 .data.sdhci0   0x00027888      0x260 build-sdmmc/board.o
                0x00027888                sdhci0

.data.usart5_dbg
                0x00027ae8       0x18
 .data.usart5_dbg
                0x00027ae8       0x18 build-sdmmc/board.o
                0x00027ae8                usart5_dbg

.data.cache_pdrv
                0x00027b00        0x1
 .data.cache_pdrv
                0x00027b00        0x1 build-sdmmc/lib/fatfs/diskio.o

.data.Stat      0x00027b01        0x1
 .data.Stat     0x00027b01        0x1 build-sdmmc/lib/fatfs/diskio.o
                0x00027b04                        . = ALIGN (0x4)

.ARM.exidx      0x00027b04       0xc0
                0x00027b04                        __exidx_start = .
 *(.ARM.exidx* .gnu.linkonce.armexidx.*)
 .ARM.exidx     0x00027b04       0x10 build-sdmmc/arch/arm32/mach-t113s3/memcpy.o
                                  0x8 (size before relaxing)
 .ARM.exidx     0x00027b14        0x0 /usr/lib/gcc/arm-none-eabi/12.2.1/thumb/v7ve+simd/hard/libgcc.a(_udivmoddi4.o)
                                  0x8 (size before relaxing)
 .ARM.exidx     0x00027b14       0x78 /usr/lib/gcc/arm-none-eabi/12.2.1/thumb/v7ve+simd/hard/libgcc.a(unwind-arm.o)
                                 0xd8 (size before relaxing)
 .ARM.exidx     0x00027b8c       0x38 /usr/lib/gcc/arm-none-eabi/12.2.1/thumb/v7ve+simd/hard/libgcc.a(pr-support.o)
                0x00027bc4                        __exidx_end = .
                0x00027bc4                        PROVIDE (__spl_end = .)
                0x00007bc4                        PROVIDE (__spl_size = (__spl_end - __spl_start))

.rel.dyn        0x00027bc4        0x0
 .rel.iplt      0x00027bc4        0x0 build-sdmmc/arch/arm32/mach-t113s3/start.o

.bss            0x00027bc8      0xa60
                0x00027bc8                        . = ALIGN (0x4)
                0x00027bc8                        _sbss = .
 *(.bss .bss.*)
 .bss.str2      0x00027bc8        0xf build-sdmmc/main.o
                0x00027bc8                str2
 *fill*         0x00027bd7        0x1 
 .bss.image     0x00027bd8       0x94 build-sdmmc/main.o
                0x00027bd8                image
 *fill*         0x00027c6c        0x4 
 .bss.card0     0x00027c70      0x450 build-sdmmc/arch/arm32/mach-t113s3/sdmmc.o
                0x00027c70                card0
 .bss.LfnBuf    0x000280c0      0x200 build-sdmmc/lib/fatfs/ff.o
 .bss.DirBuf    0x000282c0      0x260 build-sdmmc/lib/fatfs/ff.o
 .bss.Fsid      0x00028520        0x2 build-sdmmc/lib/fatfs/ff.o
 *fill*         0x00028522        0x2 
 .bss.FatFs     0x00028524        0x4 build-sdmmc/lib/fatfs/ff.o
 .bss.cache_bitmap
                0x00028528      0x100 build-sdmmc/lib/fatfs/diskio.o
 *(COMMON)
                0x00028628                        . = ALIGN (0x4)
                0x00028628                        _ebss = .

.stack          0x00028628     0x1000
                0x00028628                        . = ALIGN (0x8)
                0x00028628                        __stack_srv_start = .
                0x00029628                        . = (. + STACK_SIZE)
 *fill*         0x00028628     0x1000 
                0x00029628                        __stack_srv_end = .
                0x00029628                        . = ALIGN (0x4)
                0x00029628                        _end = .
OUTPUT(build-sdmmc/awboot-boot.elf elf32-littlearm)
LOAD linker stubs

.ARM.attributes
                0x00000000       0x37
 .ARM.attributes
                0x00000000       0x27 build-sdmmc/arch/arm32/mach-t113s3/start.o
 .ARM.attributes
                0x00000027       0x27 build-sdmmc/arch/arm32/mach-t113s3/memcpy.o
 .ARM.attributes
                0x0000004e       0x35 build-sdmmc/main.o
 .ARM.attributes
                0x00000083       0x35 build-sdmmc/board.o
 .ARM.attributes
                0x000000b8       0x35 build-sdmmc/lib/debug.o
 .ARM.attributes
                0x000000ed       0x35 build-sdmmc/lib/string.o
 .ARM.attributes
                0x00000122       0x35 build-sdmmc/arch/arm32/mach-t113s3/dram.o
 .ARM.attributes
                0x00000157       0x35 build-sdmmc/arch/arm32/mach-t113s3/sunxi_usart.o
 .ARM.attributes
                0x0000018c       0x35 build-sdmmc/arch/arm32/mach-t113s3/arch_timer.o
 .ARM.attributes
                0x000001c1       0x35 build-sdmmc/arch/arm32/mach-t113s3/sunxi_gpio.o
 .ARM.attributes
                0x000001f6       0x35 build-sdmmc/arch/arm32/mach-t113s3/sdmmc.o
 .ARM.attributes
                0x0000022b       0x35 build-sdmmc/arch/arm32/mach-t113s3/sunxi_sdhci.o
 .ARM.attributes
                0x00000260       0x35 build-sdmmc/arch/arm32/mach-t113s3/sunxi_clk.o
 .ARM.attributes
                0x00000295       0x35 build-sdmmc/arch/arm32/mach-t113s3/exception.o
 .ARM.attributes
                0x000002ca       0x35 build-sdmmc/lib/fatfs/ff.o
 .ARM.attributes
                0x000002ff       0x35 build-sdmmc/lib/fatfs/diskio.o
 .ARM.attributes
                0x00000334       0x35 build-sdmmc/lib/fatfs/ffunicode.o
 .ARM.attributes
                0x00000369       0x29 /usr/lib/gcc/arm-none-eabi/12.2.1/thumb/v7ve+simd/hard/libgcc.a(_arm_addsubdf3.o)
 .ARM.attributes
                0x00000392       0x29 /usr/lib/gcc/arm-none-eabi/12.2.1/thumb/v7ve+simd/hard/libgcc.a(_aeabi_uldivmod.o)
 .ARM.attributes
                0x000003bb       0x3b /usr/lib/gcc/arm-none-eabi/12.2.1/thumb/v7ve+simd/hard/libgcc.a(_udivmoddi4.o)
 .ARM.attributes
                0x000003f6       0x3b /usr/lib/gcc/arm-none-eabi/12.2.1/thumb/v7ve+simd/hard/libgcc.a(unwind-arm.o)
 .ARM.attributes
                0x00000431       0x29 /usr/lib/gcc/arm-none-eabi/12.2.1/thumb/v7ve+simd/hard/libgcc.a(libunwind.o)
 .ARM.attributes
                0x0000045a       0x3b /usr/lib/gcc/arm-none-eabi/12.2.1/thumb/v7ve+simd/hard/libgcc.a(pr-support.o)
 .ARM.attributes
                0x00000495       0x29 /usr/lib/gcc/arm-none-eabi/12.2.1/thumb/v7ve+simd/hard/libgcc.a(_dvmd_tls.o)

.comment        0x00000000       0x26
 .comment       0x00000000       0x26 build-sdmmc/main.o
                                 0x27 (size before relaxing)
 .comment       0x00000026       0x27 build-sdmmc/board.o
 .comment       0x00000026       0x27 build-sdmmc/lib/debug.o
 .comment       0x00000026       0x27 build-sdmmc/lib/string.o
 .comment       0x00000026       0x27 build-sdmmc/arch/arm32/mach-t113s3/dram.o
 .comment       0x00000026       0x27 build-sdmmc/arch/arm32/mach-t113s3/sunxi_usart.o
 .comment       0x00000026       0x27 build-sdmmc/arch/arm32/mach-t113s3/arch_timer.o
 .comment       0x00000026       0x27 build-sdmmc/arch/arm32/mach-t113s3/sunxi_gpio.o
 .comment       0x00000026       0x27 build-sdmmc/arch/arm32/mach-t113s3/sdmmc.o
 .comment       0x00000026       0x27 build-sdmmc/arch/arm32/mach-t113s3/sunxi_sdhci.o
 .comment       0x00000026       0x27 build-sdmmc/arch/arm32/mach-t113s3/sunxi_clk.o
 .comment       0x00000026       0x27 build-sdmmc/arch/arm32/mach-t113s3/exception.o
 .comment       0x00000026       0x27 build-sdmmc/lib/fatfs/ff.o
 .comment       0x00000026       0x27 build-sdmmc/lib/fatfs/diskio.o
 .comment       0x00000026       0x27 build-sdmmc/lib/fatfs/ffunicode.o
 .comment       0x00000026       0x27 /usr/lib/gcc/arm-none-eabi/12.2.1/thumb/v7ve+simd/hard/libgcc.a(_udivmoddi4.o)
 .comment       0x00000026       0x27 /usr/lib/gcc/arm-none-eabi/12.2.1/thumb/v7ve+simd/hard/libgcc.a(unwind-arm.o)
 .comment       0x00000026       0x27 /usr/lib/gcc/arm-none-eabi/12.2.1/thumb/v7ve+simd/hard/libgcc.a(pr-support.o)

.debug_line     0x00000000     0xa4ca
 .debug_line    0x00000000      0x113 build-sdmmc/arch/arm32/mach-t113s3/start.o
 .debug_line    0x00000113       0x85 build-sdmmc/arch/arm32/mach-t113s3/memcpy.o
 .debug_line    0x00000198      0x6c3 build-sdmmc/main.o
 .debug_line    0x0000085b      0x163 build-sdmmc/board.o
 .debug_line    0x000009be      0x1ce build-sdmmc/lib/debug.o
 .debug_line    0x00000b8c      0x31e build-sdmmc/lib/string.o
 .debug_line    0x00000eaa     0x2d76 build-sdmmc/arch/arm32/mach-t113s3/dram.o
 .debug_line    0x00003c20      0x2c0 build-sdmmc/arch/arm32/mach-t113s3/sunxi_usart.o
 .debug_line    0x00003ee0      0x1a3 build-sdmmc/arch/arm32/mach-t113s3/arch_timer.o
 .debug_line    0x00004083      0x2eb build-sdmmc/arch/arm32/mach-t113s3/sunxi_gpio.o
 .debug_line    0x0000436e      0xbfe build-sdmmc/arch/arm32/mach-t113s3/sdmmc.o
 .debug_line    0x00004f6c      0xc81 build-sdmmc/arch/arm32/mach-t113s3/sunxi_sdhci.o
 .debug_line    0x00005bed      0x6c3 build-sdmmc/arch/arm32/mach-t113s3/sunxi_clk.o
 .debug_line    0x000062b0      0x1e4 build-sdmmc/arch/arm32/mach-t113s3/exception.o
 .debug_line    0x00006494     0x1d4d build-sdmmc/lib/fatfs/ff.o
 .debug_line    0x000081e1      0x262 build-sdmmc/lib/fatfs/diskio.o
 .debug_line    0x00008443      0x23d build-sdmmc/lib/fatfs/ffunicode.o
 .debug_line    0x00008680      0x16f /usr/lib/gcc/arm-none-eabi/12.2.1/thumb/v7ve+simd/hard/libgcc.a(_arm_addsubdf3.o)
 .debug_line    0x000087ef       0x4e /usr/lib/gcc/arm-none-eabi/12.2.1/thumb/v7ve+simd/hard/libgcc.a(_aeabi_uldivmod.o)
 .debug_line    0x0000883d      0x5ad /usr/lib/gcc/arm-none-eabi/12.2.1/thumb/v7ve+simd/hard/libgcc.a(_udivmoddi4.o)
 .debug_line    0x00008dea     0x109b /usr/lib/gcc/arm-none-eabi/12.2.1/thumb/v7ve+simd/hard/libgcc.a(unwind-arm.o)
 .debug_line    0x00009e85       0x97 /usr/lib/gcc/arm-none-eabi/12.2.1/thumb/v7ve+simd/hard/libgcc.a(libunwind.o)
 .debug_line    0x00009f1c      0x564 /usr/lib/gcc/arm-none-eabi/12.2.1/thumb/v7ve+simd/hard/libgcc.a(pr-support.o)
 .debug_line    0x0000a480       0x4a /usr/lib/gcc/arm-none-eabi/12.2.1/thumb/v7ve+simd/hard/libgcc.a(_dvmd_tls.o)

.debug_line_str
                0x00000000      0x112
 .debug_line_str
                0x00000000       0x4c build-sdmmc/arch/arm32/mach-t113s3/start.o
 .debug_line_str
                0x0000004c        0x9 build-sdmmc/arch/arm32/mach-t113s3/memcpy.o
                                 0x4d (size before relaxing)
 .debug_line_str
                0x00000055       0x9d /usr/lib/gcc/arm-none-eabi/12.2.1/thumb/v7ve+simd/hard/libgcc.a(_arm_addsubdf3.o)
 .debug_line_str
                0x000000f2        0x8 /usr/lib/gcc/arm-none-eabi/12.2.1/thumb/v7ve+simd/hard/libgcc.a(_aeabi_uldivmod.o)
                                 0x98 (size before relaxing)
 .debug_line_str
                0x000000fa        0xc /usr/lib/gcc/arm-none-eabi/12.2.1/thumb/v7ve+simd/hard/libgcc.a(libunwind.o)
                                 0x9c (size before relaxing)
 .debug_line_str
                0x00000106        0xc /usr/lib/gcc/arm-none-eabi/12.2.1/thumb/v7ve+simd/hard/libgcc.a(_dvmd_tls.o)
                                 0x9c (size before relaxing)

.debug_info     0x00000000    0x144b6
 .debug_info    0x00000000       0x25 build-sdmmc/arch/arm32/mach-t113s3/start.o
 .debug_info    0x00000025       0x25 build-sdmmc/arch/arm32/mach-t113s3/memcpy.o
 .debug_info    0x0000004a     0x1a92 build-sdmmc/main.o
 .debug_info    0x00001adc      0xc55 build-sdmmc/board.o
 .debug_info    0x00002731      0x2e3 build-sdmmc/lib/debug.o
 .debug_info    0x00002a14      0x4b7 build-sdmmc/lib/string.o
 .debug_info    0x00002ecb     0x486e build-sdmmc/arch/arm32/mach-t113s3/dram.o
 .debug_info    0x00007739      0x4f0 build-sdmmc/arch/arm32/mach-t113s3/sunxi_usart.o
 .debug_info    0x00007c29      0x270 build-sdmmc/arch/arm32/mach-t113s3/arch_timer.o
 .debug_info    0x00007e99      0x5d1 build-sdmmc/arch/arm32/mach-t113s3/sunxi_gpio.o
 .debug_info    0x0000846a     0x1b66 build-sdmmc/arch/arm32/mach-t113s3/sdmmc.o
 .debug_info    0x00009fd0     0x2233 build-sdmmc/arch/arm32/mach-t113s3/sunxi_sdhci.o
 .debug_info    0x0000c203     0x181c build-sdmmc/arch/arm32/mach-t113s3/sunxi_clk.o
 .debug_info    0x0000da1f      0x4a8 build-sdmmc/arch/arm32/mach-t113s3/exception.o
 .debug_info    0x0000dec7     0x250a build-sdmmc/lib/fatfs/ff.o
 .debug_info    0x000103d1      0xc30 build-sdmmc/lib/fatfs/diskio.o
 .debug_info    0x00011001      0x297 build-sdmmc/lib/fatfs/ffunicode.o
 .debug_info    0x00011298       0xb6 /usr/lib/gcc/arm-none-eabi/12.2.1/thumb/v7ve+simd/hard/libgcc.a(_arm_addsubdf3.o)
 .debug_info    0x0001134e       0x24 /usr/lib/gcc/arm-none-eabi/12.2.1/thumb/v7ve+simd/hard/libgcc.a(_aeabi_uldivmod.o)
 .debug_info    0x00011372      0x6f3 /usr/lib/gcc/arm-none-eabi/12.2.1/thumb/v7ve+simd/hard/libgcc.a(_udivmoddi4.o)
 .debug_info    0x00011a65     0x1f0f /usr/lib/gcc/arm-none-eabi/12.2.1/thumb/v7ve+simd/hard/libgcc.a(unwind-arm.o)
 .debug_info    0x00013974       0x9e /usr/lib/gcc/arm-none-eabi/12.2.1/thumb/v7ve+simd/hard/libgcc.a(libunwind.o)
 .debug_info    0x00013a12      0xa6b /usr/lib/gcc/arm-none-eabi/12.2.1/thumb/v7ve+simd/hard/libgcc.a(pr-support.o)
 .debug_info    0x0001447d       0x39 /usr/lib/gcc/arm-none-eabi/12.2.1/thumb/v7ve+simd/hard/libgcc.a(_dvmd_tls.o)

.debug_abbrev   0x00000000     0x2eb5
 .debug_abbrev  0x00000000       0x14 build-sdmmc/arch/arm32/mach-t113s3/start.o
 .debug_abbrev  0x00000014       0x14 build-sdmmc/arch/arm32/mach-t113s3/memcpy.o
 .debug_abbrev  0x00000028      0x4b9 build-sdmmc/main.o
 .debug_abbrev  0x000004e1      0x267 build-sdmmc/board.o
 .debug_abbrev  0x00000748      0x163 build-sdmmc/lib/debug.o
 .debug_abbrev  0x000008ab       0xda build-sdmmc/lib/string.o
 .debug_abbrev  0x00000985      0x413 build-sdmmc/arch/arm32/mach-t113s3/dram.o
 .debug_abbrev  0x00000d98      0x1a4 build-sdmmc/arch/arm32/mach-t113s3/sunxi_usart.o
 .debug_abbrev  0x00000f3c      0x13e build-sdmmc/arch/arm32/mach-t113s3/arch_timer.o
 .debug_abbrev  0x0000107a      0x1ee build-sdmmc/arch/arm32/mach-t113s3/sunxi_gpio.o
 .debug_abbrev  0x00001268      0x439 build-sdmmc/arch/arm32/mach-t113s3/sdmmc.o
 .debug_abbrev  0x000016a1      0x3c7 build-sdmmc/arch/arm32/mach-t113s3/sunxi_sdhci.o
 .debug_abbrev  0x00001a68      0x291 build-sdmmc/arch/arm32/mach-t113s3/sunxi_clk.o
 .debug_abbrev  0x00001cf9      0x14e build-sdmmc/arch/arm32/mach-t113s3/exception.o
 .debug_abbrev  0x00001e47      0x371 build-sdmmc/lib/fatfs/ff.o
 .debug_abbrev  0x000021b8      0x2a6 build-sdmmc/lib/fatfs/diskio.o
 .debug_abbrev  0x0000245e       0xf7 build-sdmmc/lib/fatfs/ffunicode.o
 .debug_abbrev  0x00002555       0x21 /usr/lib/gcc/arm-none-eabi/12.2.1/thumb/v7ve+simd/hard/libgcc.a(_arm_addsubdf3.o)
 .debug_abbrev  0x00002576       0x14 /usr/lib/gcc/arm-none-eabi/12.2.1/thumb/v7ve+simd/hard/libgcc.a(_aeabi_uldivmod.o)
 .debug_abbrev  0x0000258a      0x173 /usr/lib/gcc/arm-none-eabi/12.2.1/thumb/v7ve+simd/hard/libgcc.a(_udivmoddi4.o)
 .debug_abbrev  0x000026fd      0x481 /usr/lib/gcc/arm-none-eabi/12.2.1/thumb/v7ve+simd/hard/libgcc.a(unwind-arm.o)
 .debug_abbrev  0x00002b7e       0x21 /usr/lib/gcc/arm-none-eabi/12.2.1/thumb/v7ve+simd/hard/libgcc.a(libunwind.o)
 .debug_abbrev  0x00002b9f      0x2f7 /usr/lib/gcc/arm-none-eabi/12.2.1/thumb/v7ve+simd/hard/libgcc.a(pr-support.o)
 .debug_abbrev  0x00002e96       0x1f /usr/lib/gcc/arm-none-eabi/12.2.1/thumb/v7ve+simd/hard/libgcc.a(_dvmd_tls.o)

.debug_aranges  0x00000000      0x538
 .debug_aranges
                0x00000000       0x20 build-sdmmc/arch/arm32/mach-t113s3/start.o
 .debug_aranges
                0x00000020       0x20 build-sdmmc/arch/arm32/mach-t113s3/memcpy.o
 .debug_aranges
                0x00000040       0x38 build-sdmmc/main.o
 .debug_aranges
                0x00000078       0x30 build-sdmmc/board.o
 .debug_aranges
                0x000000a8       0x30 build-sdmmc/lib/debug.o
 .debug_aranges
                0x000000d8       0x70 build-sdmmc/lib/string.o
 .debug_aranges
                0x00000148       0x50 build-sdmmc/arch/arm32/mach-t113s3/dram.o
 .debug_aranges
                0x00000198       0x28 build-sdmmc/arch/arm32/mach-t113s3/sunxi_usart.o
 .debug_aranges
                0x000001c0       0x48 build-sdmmc/arch/arm32/mach-t113s3/arch_timer.o
 .debug_aranges
                0x00000208       0x38 build-sdmmc/arch/arm32/mach-t113s3/sunxi_gpio.o
 .debug_aranges
                0x00000240       0x38 build-sdmmc/arch/arm32/mach-t113s3/sdmmc.o
 .debug_aranges
                0x00000278       0x50 build-sdmmc/arch/arm32/mach-t113s3/sunxi_sdhci.o
 .debug_aranges
                0x000002c8       0x38 build-sdmmc/arch/arm32/mach-t113s3/sunxi_clk.o
 .debug_aranges
                0x00000300       0x50 build-sdmmc/arch/arm32/mach-t113s3/exception.o
 .debug_aranges
                0x00000350       0x90 build-sdmmc/lib/fatfs/ff.o
 .debug_aranges
                0x000003e0       0x38 build-sdmmc/lib/fatfs/diskio.o
 .debug_aranges
                0x00000418       0x30 build-sdmmc/lib/fatfs/ffunicode.o
 .debug_aranges
                0x00000448       0x20 /usr/lib/gcc/arm-none-eabi/12.2.1/thumb/v7ve+simd/hard/libgcc.a(_arm_addsubdf3.o)
 .debug_aranges
                0x00000468       0x20 /usr/lib/gcc/arm-none-eabi/12.2.1/thumb/v7ve+simd/hard/libgcc.a(_aeabi_uldivmod.o)
 .debug_aranges
                0x00000488       0x20 /usr/lib/gcc/arm-none-eabi/12.2.1/thumb/v7ve+simd/hard/libgcc.a(_udivmoddi4.o)
 .debug_aranges
                0x000004a8       0x20 /usr/lib/gcc/arm-none-eabi/12.2.1/thumb/v7ve+simd/hard/libgcc.a(unwind-arm.o)
 .debug_aranges
                0x000004c8       0x20 /usr/lib/gcc/arm-none-eabi/12.2.1/thumb/v7ve+simd/hard/libgcc.a(libunwind.o)
 .debug_aranges
                0x000004e8       0x30 /usr/lib/gcc/arm-none-eabi/12.2.1/thumb/v7ve+simd/hard/libgcc.a(pr-support.o)
 .debug_aranges
                0x00000518       0x20 /usr/lib/gcc/arm-none-eabi/12.2.1/thumb/v7ve+simd/hard/libgcc.a(_dvmd_tls.o)

.debug_str      0x00000000     0x3e3a
 .debug_str     0x00000000       0x58 build-sdmmc/arch/arm32/mach-t113s3/start.o
 .debug_str     0x00000058       0x20 build-sdmmc/arch/arm32/mach-t113s3/memcpy.o
                                 0x59 (size before relaxing)
 .debug_str     0x00000078      0x96d build-sdmmc/main.o
                                0xa8d (size before relaxing)
 .debug_str     0x000009e5      0x280 build-sdmmc/board.o
                                0x84c (size before relaxing)
 .debug_str     0x00000c65        0xc build-sdmmc/lib/debug.o
                                0x22c (size before relaxing)
 .debug_str     0x00000c71       0x58 build-sdmmc/lib/string.o
                                0x206 (size before relaxing)
 .debug_str     0x00000cc9      0x4d9 build-sdmmc/arch/arm32/mach-t113s3/dram.o
                                0x73c (size before relaxing)
 .debug_str     0x000011a2       0x30 build-sdmmc/arch/arm32/mach-t113s3/sunxi_usart.o
                                0x277 (size before relaxing)
 .debug_str     0x000011d2       0x60 build-sdmmc/arch/arm32/mach-t113s3/arch_timer.o
                                0x221 (size before relaxing)
 .debug_str     0x00001232      0x113 build-sdmmc/arch/arm32/mach-t113s3/sunxi_gpio.o
                                0x317 (size before relaxing)
 .debug_str     0x00001345      0x72b build-sdmmc/arch/arm32/mach-t113s3/sdmmc.o
                                0xd40 (size before relaxing)
 .debug_str     0x00001a70      0xca3 build-sdmmc/arch/arm32/mach-t113s3/sunxi_sdhci.o
                               0x159c (size before relaxing)
 .debug_str     0x00002713       0x80 build-sdmmc/arch/arm32/mach-t113s3/sunxi_clk.o
                                0xe1d (size before relaxing)
 .debug_str     0x00002793       0xbe build-sdmmc/arch/arm32/mach-t113s3/exception.o
                                0x296 (size before relaxing)
 .debug_str     0x00002851      0x288 build-sdmmc/lib/fatfs/ff.o
                                0x701 (size before relaxing)
 .debug_str     0x00002ad9       0x53 build-sdmmc/lib/fatfs/diskio.o
                                0x68f (size before relaxing)
 .debug_str     0x00002b2c       0x31 build-sdmmc/lib/fatfs/ffunicode.o
                                0x204 (size before relaxing)
 .debug_str     0x00002b5d      0x148 /usr/lib/gcc/arm-none-eabi/12.2.1/thumb/v7ve+simd/hard/libgcc.a(_arm_addsubdf3.o)
                                0x155 (size before relaxing)
 .debug_str     0x00002ca5       0x2c /usr/lib/gcc/arm-none-eabi/12.2.1/thumb/v7ve+simd/hard/libgcc.a(_aeabi_uldivmod.o)
                                 0xa4 (size before relaxing)
 .debug_str     0x00002cd1      0x57e /usr/lib/gcc/arm-none-eabi/12.2.1/thumb/v7ve+simd/hard/libgcc.a(_udivmoddi4.o)
                                0x678 (size before relaxing)
 .debug_str     0x0000324f      0xa0b /usr/lib/gcc/arm-none-eabi/12.2.1/thumb/v7ve+simd/hard/libgcc.a(unwind-arm.o)
                                0xc49 (size before relaxing)
 .debug_str     0x00003c5a       0xb5 /usr/lib/gcc/arm-none-eabi/12.2.1/thumb/v7ve+simd/hard/libgcc.a(libunwind.o)
                                0x1a6 (size before relaxing)
 .debug_str     0x00003d0f       0xdf /usr/lib/gcc/arm-none-eabi/12.2.1/thumb/v7ve+simd/hard/libgcc.a(pr-support.o)
                                0x5a2 (size before relaxing)
 .debug_str     0x00003dee       0x4c /usr/lib/gcc/arm-none-eabi/12.2.1/thumb/v7ve+simd/hard/libgcc.a(_dvmd_tls.o)
                                 0xc4 (size before relaxing)

.debug_loclists
                0x00000000     0x9719
 .debug_loclists
                0x00000000      0x32f build-sdmmc/main.o
 .debug_loclists
                0x0000032f       0x31 build-sdmmc/board.o
 .debug_loclists
                0x00000360      0x118 build-sdmmc/lib/debug.o
 .debug_loclists
                0x00000478      0x485 build-sdmmc/lib/string.o
 .debug_loclists
                0x000008fd     0x295d build-sdmmc/arch/arm32/mach-t113s3/dram.o
 .debug_loclists
                0x0000325a      0x1eb build-sdmmc/arch/arm32/mach-t113s3/sunxi_usart.o
 .debug_loclists
                0x00003445       0xfd build-sdmmc/arch/arm32/mach-t113s3/arch_timer.o
 .debug_loclists
                0x00003542      0x2e1 build-sdmmc/arch/arm32/mach-t113s3/sunxi_gpio.o
 .debug_loclists
                0x00003823      0x879 build-sdmmc/arch/arm32/mach-t113s3/sdmmc.o
 .debug_loclists
                0x0000409c      0x988 build-sdmmc/arch/arm32/mach-t113s3/sunxi_sdhci.o
 .debug_loclists
                0x00004a24      0x4a9 build-sdmmc/arch/arm32/mach-t113s3/sunxi_clk.o
 .debug_loclists
                0x00004ecd       0xe2 build-sdmmc/arch/arm32/mach-t113s3/exception.o
 .debug_loclists
                0x00004faf     0x21e1 build-sdmmc/lib/fatfs/ff.o
 .debug_loclists
                0x00007190      0x19c build-sdmmc/lib/fatfs/diskio.o
 .debug_loclists
                0x0000732c      0x1ef build-sdmmc/lib/fatfs/ffunicode.o
 .debug_loclists
                0x0000751b      0xa72 /usr/lib/gcc/arm-none-eabi/12.2.1/thumb/v7ve+simd/hard/libgcc.a(_udivmoddi4.o)
 .debug_loclists
                0x00007f8d     0x13bf /usr/lib/gcc/arm-none-eabi/12.2.1/thumb/v7ve+simd/hard/libgcc.a(unwind-arm.o)
 .debug_loclists
                0x0000934c      0x3cd /usr/lib/gcc/arm-none-eabi/12.2.1/thumb/v7ve+simd/hard/libgcc.a(pr-support.o)

.debug_rnglists
                0x00000000      0xb92
 .debug_rnglists
                0x00000000       0x67 build-sdmmc/main.o
 .debug_rnglists
                0x00000067       0x1f build-sdmmc/board.o
 .debug_rnglists
                0x00000086       0x46 build-sdmmc/lib/debug.o
 .debug_rnglists
                0x000000cc       0x4f build-sdmmc/lib/string.o
 .debug_rnglists
                0x0000011b      0x38d build-sdmmc/arch/arm32/mach-t113s3/dram.o
 .debug_rnglists
                0x000004a8       0x3d build-sdmmc/arch/arm32/mach-t113s3/sunxi_usart.o
 .debug_rnglists
                0x000004e5       0x49 build-sdmmc/arch/arm32/mach-t113s3/arch_timer.o
 .debug_rnglists
                0x0000052e       0x6d build-sdmmc/arch/arm32/mach-t113s3/sunxi_gpio.o
 .debug_rnglists
                0x0000059b       0xe6 build-sdmmc/arch/arm32/mach-t113s3/sdmmc.o
 .debug_rnglists
                0x00000681       0x78 build-sdmmc/arch/arm32/mach-t113s3/sunxi_sdhci.o
 .debug_rnglists
                0x000006f9       0x72 build-sdmmc/arch/arm32/mach-t113s3/sunxi_clk.o
 .debug_rnglists
                0x0000076b       0x37 build-sdmmc/arch/arm32/mach-t113s3/exception.o
 .debug_rnglists
                0x000007a2      0x207 build-sdmmc/lib/fatfs/ff.o
 .debug_rnglists
                0x000009a9       0x45 build-sdmmc/lib/fatfs/diskio.o
 .debug_rnglists
                0x000009ee       0x20 build-sdmmc/lib/fatfs/ffunicode.o
 .debug_rnglists
                0x00000a0e       0x7e /usr/lib/gcc/arm-none-eabi/12.2.1/thumb/v7ve+simd/hard/libgcc.a(_udivmoddi4.o)
 .debug_rnglists
                0x00000a8c       0xcc /usr/lib/gcc/arm-none-eabi/12.2.1/thumb/v7ve+simd/hard/libgcc.a(unwind-arm.o)
 .debug_rnglists
                0x00000b58       0x3a /usr/lib/gcc/arm-none-eabi/12.2.1/thumb/v7ve+simd/hard/libgcc.a(pr-support.o)

.debug_frame    0x00000000      0xf20
 .debug_frame   0x00000000       0xa4 build-sdmmc/main.o
 .debug_frame   0x000000a4       0x64 build-sdmmc/board.o
 .debug_frame   0x00000108       0x84 build-sdmmc/lib/debug.o
 .debug_frame   0x0000018c       0xf4 build-sdmmc/lib/string.o
 .debug_frame   0x00000280       0xdc build-sdmmc/arch/arm32/mach-t113s3/dram.o
 .debug_frame   0x0000035c       0x3c build-sdmmc/arch/arm32/mach-t113s3/sunxi_usart.o
 .debug_frame   0x00000398       0x9c build-sdmmc/arch/arm32/mach-t113s3/arch_timer.o
 .debug_frame   0x00000434       0x6c build-sdmmc/arch/arm32/mach-t113s3/sunxi_gpio.o
 .debug_frame   0x000004a0       0xc4 build-sdmmc/arch/arm32/mach-t113s3/sdmmc.o
 .debug_frame   0x00000564       0xe4 build-sdmmc/arch/arm32/mach-t113s3/sunxi_sdhci.o
 .debug_frame   0x00000648       0x74 build-sdmmc/arch/arm32/mach-t113s3/sunxi_clk.o
 .debug_frame   0x000006bc       0xdc build-sdmmc/arch/arm32/mach-t113s3/exception.o
 .debug_frame   0x00000798      0x1ec build-sdmmc/lib/fatfs/ff.o
 .debug_frame   0x00000984       0x70 build-sdmmc/lib/fatfs/diskio.o
 .debug_frame   0x000009f4       0x50 build-sdmmc/lib/fatfs/ffunicode.o
 .debug_frame   0x00000a44       0xac /usr/lib/gcc/arm-none-eabi/12.2.1/thumb/v7ve+simd/hard/libgcc.a(_arm_addsubdf3.o)
 .debug_frame   0x00000af0       0x2c /usr/lib/gcc/arm-none-eabi/12.2.1/thumb/v7ve+simd/hard/libgcc.a(_aeabi_uldivmod.o)
 .debug_frame   0x00000b1c       0x40 /usr/lib/gcc/arm-none-eabi/12.2.1/thumb/v7ve+simd/hard/libgcc.a(_udivmoddi4.o)
 .debug_frame   0x00000b5c      0x2d0 /usr/lib/gcc/arm-none-eabi/12.2.1/thumb/v7ve+simd/hard/libgcc.a(unwind-arm.o)
 .debug_frame   0x00000e2c       0xf4 /usr/lib/gcc/arm-none-eabi/12.2.1/thumb/v7ve+simd/hard/libgcc.a(pr-support.o)
